
> frontend@0.1.0 build
> next build --turbopack

   ▲ Next.js 15.5.12 (Turbopack)
   - Environments: .env.local

   Creating an optimized production build ...
 ✓ Finished writing to disk in 21ms
 ✓ Compiled successfully in 7.9s
   Linting and checking validity of types ...

./app/components/MusicReleaseList.tsx
107:9  Warning: 'origReleaseYear' is assigned a value but never used.  @typescript-eslint/no-unused-vars
196:10  Warning: 'iconAnimating' is assigned a value but never used.  @typescript-eslint/no-unused-vars
197:10  Warning: 'showSortOpen' is assigned a value but never used.  @typescript-eslint/no-unused-vars
241:9  Warning: 'getSortLabel' is assigned a value but never used.  @typescript-eslint/no-unused-vars
257:9  Warning: 'renderSortIcon' is assigned a value but never used.  @typescript-eslint/no-unused-vars

./app/components/SearchAndFilter.tsx
4:10  Warning: 'X' is defined but never used.  @typescript-eslint/no-unused-vars

./app/mockup/[id]/page.tsx
112:7  Warning: 'PURCHASE_FORM_FIELDS' is assigned a value but never used.  @typescript-eslint/no-unused-vars

info  - Need to disable some ESLint rules? Learn more here: https://nextjs.org/docs/app/api-reference/config/eslint#disabling-rules
   Collecting page data ...
 ⚠ Using edge runtime on a page currently disables static generation for that page
   Generating static pages (0/19) ...
   Generating static pages (4/19) 
