
> frontend@0.1.0 test
> jest

FAIL app/search/__tests__/page.test.tsx
  ● Console

    console.log
      [jest.setup] auth_token = test-token

      at Object.log (jest.setup.ts:90:11)

    console.log
      [jest.setup.beforeEach] auth_token = test-token

      at Object.log (jest.setup.ts:105:12)

    console.log
      [jest.setup.beforeEach] auth_token = test-token

      at Object.log (jest.setup.ts:105:12)

    console.log
      [jest.setup.beforeEach] auth_token = test-token

      at Object.log (jest.setup.ts:105:12)

    console.log
      [jest.setup.beforeEach] auth_token = test-token

      at Object.log (jest.setup.ts:105:12)

    console.log
      [jest.setup.beforeEach] auth_token = test-token

      at Object.log (jest.setup.ts:105:12)

    console.log
      [jest.setup.beforeEach] auth_token = test-token

      at Object.log (jest.setup.ts:105:12)

    console.log
      [jest.setup.beforeEach] auth_token = test-token

      at Object.log (jest.setup.ts:105:12)

    console.log
      [jest.setup.beforeEach] auth_token = test-token

      at Object.log (jest.setup.ts:105:12)

    console.log
      [jest.setup.beforeEach] auth_token = test-token

      at Object.log (jest.setup.ts:105:12)

    console.log
      [jest.setup.beforeEach] auth_token = test-token

      at Object.log (jest.setup.ts:105:12)

  ● SearchPage › renders the page header

    TestingLibraryElementError: Unable to find an element with the text: Search Music. This could be because the text is broken up by multiple elements. In this case, you can provide a function for your text matcher to make your matcher more flexible.

    Ignored nodes: comments, script, style
    [36m<body>[39m
      [36m<div>[39m
        [36m<div[39m
          [33mclass[39m=[32m"min-h-screen bg-transparent"[39m
        [36m>[39m
          [36m<div[39m
            [33mclass[39m=[32m"max-w-7xl mx-auto px-4 py-6"[39m
          [36m>[39m
            [36m<div[39m
              [33mclass[39m=[32m"max-w-2xl mx-auto"[39m
            [36m>[39m
              [36m<div[39m
                [33mclass[39m=[32m"text-center mb-8"[39m
              [36m>[39m
                [36m<div[39m
                  [33mclass[39m=[32m"text-6xl mb-4"[39m
                [36m>[39m
                  [0m🔍[0m
                [36m</div>[39m
                [36m<h2[39m
                  [33mclass[39m=[32m"text-xl font-semibold text-white mb-2"[39m
                [36m>[39m
                  [0mSearch Your Collection[0m
                [36m</h2>[39m
                [36m<p[39m
                  [33mclass[39m=[32m"text-gray-400"[39m
                [36m>[39m
                  [0mUse the search below to quickly find releases, or use advanced filters for more specific results.[0m
                [36m</p>[39m
              [36m</div>[39m
              [36m<div[39m
                [33mclass[39m=[32m"mb-8"[39m
              [36m>[39m
                [36m<div[39m
                  [33mdata-testid[39m=[32m"quick-search"[39m
                [36m>[39m
                  [0mQuickSearch Component[0m
                  [36m<input[39m
                    [33mplaceholder[39m=[32m"Search..."[39m
                    [33mtype[39m=[32m"text"[39m
                  [36m/>[39m
                [36m</div>[39m
              [36m</div>[39m
              [36m<div[39m
                [33mdata-testid[39m=[32m"search-and-filter"[39m
              [36m>[39m
                [0mSearchAndFilter Component[0m
                [36m<button>[39m
                  [0mApply Filters[0m
                [36m</button>[39m
              [36m</div>[39m
            [36m</div>[39m
          [36m</div>[39m
        [36m</div>[39m
      [36m</div>[39m
    [36m</body>[39m

      36 |     render(<SearchPage />);
      37 |     
    > 38 |     expect(screen.getByText('Search Music')).toBeInTheDocument();
         |                   ^
      39 |     expect(screen.getByText('Find specific releases in your collection')).toBeInTheDocument();
      40 |   });
      41 |

      at Object.getElementError (node_modules/@testing-library/dom/dist/config.js:37:19)
      at node_modules/@testing-library/dom/dist/query-helpers.js:76:38
      at node_modules/@testing-library/dom/dist/query-helpers.js:52:17
      at node_modules/@testing-library/dom/dist/query-helpers.js:95:19
      at Object.getByText (app/search/__tests__/page.test.tsx:38:19)

  ● SearchPage › has proper page structure

    expect(received).toBeInTheDocument()

    received value must be an HTMLElement or an SVGElement.
    Received has value: null

      100 |     // Check for main layout elements
      101 |     expect(container.querySelector('.min-h-screen')).toBeInTheDocument();
    > 102 |     expect(container.querySelector('.bg-gray-50')).toBeInTheDocument();
          |                                                    ^
      103 |   });
      104 |
      105 |   it('shows search icon in landing page', () => {

      at __EXTERNAL_MATCHER_TRAP__ (node_modules/expect/build/index.js:2240:22)
      at Object.throwingMatcher [as toBeInTheDocument] (node_modules/expect/build/index.js:2241:6)
      at Object.toBeInTheDocument (app/search/__tests__/page.test.tsx:102:52)

FAIL app/components/__tests__/MusicReleaseList.test.tsx
  ● Console

    console.log
      [jest.setup] auth_token = test-token

      at Object.log (jest.setup.ts:90:11)

    console.log
      [jest.setup.beforeEach] auth_token = test-token

      at Object.log (jest.setup.ts:105:12)

    console.error
      Received `true` for a non-boolean attribute `fill`.
      
      If you want to write it to the DOM, pass a string instead: fill="true" or fill={value.toString()}.

      127 | 		if (first.includes('Failed to fetch') || first.includes('Error fetching')) return;
      128 | 	}
    > 129 | 	_origConsoleError(...args);
          | 	^
      130 | };
      131 |
      132 | // Provide lightweight default mocks for the app API helpers so components

      at console._origConsoleError [as error] (jest.setup.ts:129:2)
      at validateProperty (node_modules/react-dom/cjs/react-dom-client.development.js:3078:27)
      at warnUnknownProperties (node_modules/react-dom/cjs/react-dom-client.development.js:3154:9)
      at validatePropertiesInDevelopment (node_modules/react-dom/cjs/react-dom-client.development.js:17117:9)
      at setInitialProperties (node_modules/react-dom/cjs/react-dom-client.development.js:17741:7)
      at completeWork (node_modules/react-dom/cjs/react-dom-client.development.js:11391:18)
      at runWithFiberInDEV (node_modules/react-dom/cjs/react-dom-client.development.js:1522:13)
      at completeUnitOfWork (node_modules/react-dom/cjs/react-dom-client.development.js:15268:19)
      at performUnitOfWork (node_modules/react-dom/cjs/react-dom-client.development.js:15149:11)
      at workLoopSync (node_modules/react-dom/cjs/react-dom-client.development.js:14956:41)
      at renderRootSync (node_modules/react-dom/cjs/react-dom-client.development.js:14936:11)
      at performWorkOnRoot (node_modules/react-dom/cjs/react-dom-client.development.js:14419:13)
      at performWorkOnRootViaSchedulerTask (node_modules/react-dom/cjs/react-dom-client.development.js:16216:7)
      at flushActQueue (node_modules/react/cjs/react.development.js:566:34)
      at process.env.NODE_ENV.exports.act (node_modules/react/cjs/react.development.js:859:10)
      at node_modules/@testing-library/react/dist/act-compat.js:46:25
      at renderRoot (node_modules/@testing-library/react/dist/pure.js:189:26)
      at render (node_modules/@testing-library/react/dist/pure.js:291:10)
      at Object.<anonymous> (app/components/__tests__/MusicReleaseList.test.tsx:49:11)

    console.log
      [jest.setup.beforeEach] auth_token = test-token

      at Object.log (jest.setup.ts:105:12)

    console.log
      [jest.setup.beforeEach] auth_token = test-token

      at Object.log (jest.setup.ts:105:12)

    console.log
      [jest.setup.beforeEach] auth_token = test-token

      at Object.log (jest.setup.ts:105:12)

    console.log
      [jest.setup.beforeEach] auth_token = test-token

      at Object.log (jest.setup.ts:105:12)

    console.log
      [jest.setup.beforeEach] auth_token = test-token

      at Object.log (jest.setup.ts:105:12)

    console.log
      [jest.setup.beforeEach] auth_token = test-token

      at Object.log (jest.setup.ts:105:12)

    console.log
      MusicReleaseList filters changed, resetting to page 1: {}

      at log (app/components/MusicReleaseList.tsx:450:13)

    console.log
      MusicReleaseList filters: {}

      at log (app/components/MusicReleaseList.tsx:350:15)

    console.log
      API URL: /api/musicreleases?Pagination.PageNumber=1&Pagination.PageSize=60&SortBy=title&SortOrder=asc

      at log (app/components/MusicReleaseList.tsx:369:15)

    console.log
      MusicReleaseList filters changed, resetting to page 1: {}

      at log (app/components/MusicReleaseList.tsx:450:13)

    console.log
      MusicReleaseList filters: {}

      at log (app/components/MusicReleaseList.tsx:350:15)

    console.log
      API URL: /api/musicreleases?Pagination.PageNumber=1&Pagination.PageSize=60&SortBy=title&SortOrder=asc

      at log (app/components/MusicReleaseList.tsx:369:15)

    console.log
      [jest.setup.beforeEach] auth_token = test-token

      at Object.log (jest.setup.ts:105:12)

    console.log
      MusicReleaseList filters changed, resetting to page 1: {}

      at log (app/components/MusicReleaseList.tsx:450:13)

    console.log
      MusicReleaseList filters: {}

      at log (app/components/MusicReleaseList.tsx:350:15)

    console.log
      API URL: /api/musicreleases?Pagination.PageNumber=1&Pagination.PageSize=60&SortBy=title&SortOrder=asc

      at log (app/components/MusicReleaseList.tsx:369:15)

    console.log
      MusicReleaseList filters changed, resetting to page 1: {}

      at log (app/components/MusicReleaseList.tsx:450:13)

    console.log
      MusicReleaseList filters: {}

      at log (app/components/MusicReleaseList.tsx:350:15)

    console.log
      API URL: /api/musicreleases?Pagination.PageNumber=1&Pagination.PageSize=60&SortBy=title&SortOrder=asc

      at log (app/components/MusicReleaseList.tsx:369:15)

    console.log
      MusicReleaseList filters changed, resetting to page 1: {}

      at log (app/components/MusicReleaseList.tsx:450:13)

    console.log
      MusicReleaseList filters: {}

      at log (app/components/MusicReleaseList.tsx:350:15)

    console.log
      API URL: /api/musicreleases?Pagination.PageNumber=1&Pagination.PageSize=60&SortBy=title&SortOrder=asc

      at log (app/components/MusicReleaseList.tsx:369:15)

    console.log
      [jest.setup.beforeEach] auth_token = test-token

      at Object.log (jest.setup.ts:105:12)

    console.log
      MusicReleaseList filters changed, resetting to page 1: { search: 'metallica', genreId: 1, yearFrom: 1980, yearTo: 1990 }

      at log (app/components/MusicReleaseList.tsx:450:13)

    console.log
      MusicReleaseList filters: { search: 'metallica', genreId: 1, yearFrom: 1980, yearTo: 1990 }

      at log (app/components/MusicReleaseList.tsx:350:15)

    console.log
      API URL: /api/musicreleases?Pagination.PageNumber=1&Pagination.PageSize=60&Search=metallica&GenreId=1&YearFrom=1980&YearTo=1990&SortBy=title&SortOrder=asc

      at log (app/components/MusicReleaseList.tsx:369:15)

    console.log
      [jest.setup.beforeEach] auth_token = test-token

      at Object.log (jest.setup.ts:105:12)

    console.log
      MusicReleaseList filters changed, resetting to page 1: {}

      at log (app/components/MusicReleaseList.tsx:450:13)

    console.log
      MusicReleaseList filters: {}

      at log (app/components/MusicReleaseList.tsx:350:15)

    console.log
      API URL: /api/musicreleases?Pagination.PageNumber=1&Pagination.PageSize=60&SortBy=title&SortOrder=asc

      at log (app/components/MusicReleaseList.tsx:369:15)

    console.log
      MusicReleaseList filters changed, resetting to page 1: {}

      at log (app/components/MusicReleaseList.tsx:450:13)

    console.log
      MusicReleaseList filters: {}

      at log (app/components/MusicReleaseList.tsx:350:15)

    console.log
      API URL: /api/musicreleases?Pagination.PageNumber=1&Pagination.PageSize=60&SortBy=title&SortOrder=asc

      at log (app/components/MusicReleaseList.tsx:369:15)

    console.log
      MusicReleaseList filters changed, resetting to page 1: {}

      at log (app/components/MusicReleaseList.tsx:450:13)

    console.log
      MusicReleaseList filters: {}

      at log (app/components/MusicReleaseList.tsx:350:15)

    console.log
      API URL: /api/musicreleases?Pagination.PageNumber=1&Pagination.PageSize=60&SortBy=title&SortOrder=asc

      at log (app/components/MusicReleaseList.tsx:369:15)

    console.log
      MusicReleaseList filters changed, resetting to page 1: {}

      at log (app/components/MusicReleaseList.tsx:450:13)

    console.log
      MusicReleaseList filters: {}

      at log (app/components/MusicReleaseList.tsx:350:15)

    console.log
      API URL: /api/musicreleases?Pagination.PageNumber=1&Pagination.PageSize=60&SortBy=title&SortOrder=asc

      at log (app/components/MusicReleaseList.tsx:369:15)

    console.log
      [jest.setup.beforeEach] auth_token = test-token

      at Object.log (jest.setup.ts:105:12)

    console.log
      MusicReleaseList filters changed, resetting to page 1: {}

      at log (app/components/MusicReleaseList.tsx:450:13)

    console.log
      MusicReleaseList filters: {}

      at log (app/components/MusicReleaseList.tsx:350:15)

    console.log
      API URL: /api/musicreleases?Pagination.PageNumber=1&Pagination.PageSize=60&SortBy=title&SortOrder=asc

      at log (app/components/MusicReleaseList.tsx:369:15)

    console.log
      MusicReleaseList filters changed, resetting to page 1: {}

      at log (app/components/MusicReleaseList.tsx:450:13)

    console.log
      MusicReleaseList filters: {}

      at log (app/components/MusicReleaseList.tsx:350:15)

    console.log
      API URL: /api/musicreleases?Pagination.PageNumber=1&Pagination.PageSize=60&SortBy=title&SortOrder=asc

      at log (app/components/MusicReleaseList.tsx:369:15)

    console.log
      MusicReleaseList filters changed, resetting to page 1: {}

      at log (app/components/MusicReleaseList.tsx:450:13)

    console.log
      MusicReleaseList filters: {}

      at log (app/components/MusicReleaseList.tsx:350:15)

    console.log
      API URL: /api/musicreleases?Pagination.PageNumber=1&Pagination.PageSize=60&SortBy=title&SortOrder=asc

      at log (app/components/MusicReleaseList.tsx:369:15)

  ● MusicReleaseCard Component › displays genre information

    TestingLibraryElementError: Unable to find an element with the text: Thrash Metal. This could be because the text is broken up by multiple elements. In this case, you can provide a function for your text matcher to make your matcher more flexible.

    Ignored nodes: comments, script, style
    [36m<body>[39m
      [36m<div>[39m
        [36m<div[39m
          [33mclass[39m=[32m"group cursor-pointer"[39m
        [36m>[39m
          [36m<div[39m
            [33mclass[39m=[32m"aspect-square bg-[#13131F] rounded-xl border border-[#1C1C28] group-hover:border-[#8B5CF6]/50 transition-all mb-2 flex items-center justify-center text-4xl overflow-hidden relative"[39m
          [36m>[39m
            [36m<img[39m
              [33malt[39m=[32m"Master of Puppets cover"[39m
              [33mclass[39m=[32m"object-cover"[39m
              [33mloading[39m=[32m"lazy"[39m
              [33mquality[39m=[32m"75"[39m
              [33msizes[39m=[32m"(max-width: 768px) 50vw, (max-width: 1200px) 33vw, 20vw"[39m
              [33msrc[39m=[32m"http://localhost:5072/api/images/test.jpg"[39m
            [36m/>[39m
            [36m<div[39m
              [33mclass[39m=[32m"absolute inset-0 bg-black/0 group-hover:bg-black/50 transition-all duration-300 flex items-center justify-center opacity-0 group-hover:opacity-100 p-2"[39m
            [36m>[39m
              [36m<div[39m
                [33mclass[39m=[32m"flex gap-2 flex-wrap justify-center"[39m
              [36m>[39m
                [36m<a[39m
                  [33mhref[39m=[32m"/releases/1"[39m
                [36m>[39m
                  [36m<svg[39m
                    [33maria-hidden[39m=[32m"true"[39m
                    [33mclass[39m=[32m"lucide lucide-eye w-4 h-4"[39m
                    [33mfill[39m=[32m"none"[39m
                    [33mheight[39m=[32m"24"[39m
                    [33mstroke[39m=[32m"currentColor"[39m
                    [33mstroke-linecap[39m=[32m"round"[39m
                    [33mstroke-linejoin[39m=[32m"round"[39m
                    [33mstroke-width[39m=[32m"2"[39m
                    [33mviewBox[39m=[32m"0 0 24 24"[39m
                    [33mwidth[39m=[32m"24"[39m
                    [33mxmlns[39m=[32m"http://www.w3.org/2000/svg"[39m
                  [36m>[39m
                    [36m<path[39m
                      [33md[39m=[32m"M2.062 12.348a1 1 0 0 1 0-.696 10.75 10.75 0 0 1 19.876 0 1 1 0 0 1 0 .696 10.75 10.75 0 0 1-19.876 0"[39m
                    [36m/>[39m
                    [36m<circle[39m
                      [33mcx[39m=[32m"12"[39m
                      [33mcy[39m=[32m"12"[39m
                      [33mr[39m=[32m"3"[39m
                    [36m/>[39m
                  [36m</svg>[39m
                [36m</a>[39m
                [36m<button[39m
                  [33mclass[39m=[32m"rounded-full w-9 h-9 flex items-center justify-center hover:scale-110 transition-transform shadow-lg bg-white/90 text-[#8B5CF6]"[39m
                  [33mtitle[39m=[32m"Mark as now playing"[39m
                [36m>[39m
                  [36m<svg[39m
                    [33maria-hidden[39m=[32m"true"[39m
                    [33mclass[39m=[32m"lucide lucide-play w-4 h-4"[39m
                    [33mfill[39m=[32m"none"[39m
                    [33mheight[39m=[32m"24"[39m
                    [33mstroke[39m=[32m"currentColor"[39m
                    [33mstroke-linecap[39m=[32m"round"[39m
                    [33mstroke-linejoin[39m=[32m"round"[39m
                    [33mstroke-width[39m=[32m"2"[39m
                    [33mviewBox[39m=[32m"0 0 24 24"[39m
                    [33mwidth[39m=[32m"24"[39m
                    [33mxmlns[39m=[32m"http://www.w3.org/2000/svg"[39m
                  [36m>[39m
                    [36m<path[39m
                      [33md[39m=[32m"M5 5a2 2 0 0 1 3.008-1.728l11.997 6.998a2 2 0 0 1 .003 3.458l-12 7A2 2 0 0 1 5 19z"[39m
                    [36m/>[39m
                  [36m</svg>[39m
                [36m</button>[39m
                [36m<button[39m
                  [33mclass[39m=[32m"bg-white/90 text-[#8B5CF6] rounded-full w-9 h-9 flex items-center justify-center hover:scale-110 transition-transform shadow-lg"[39m
                  [33mtitle[39m=[32m"Add to list"[39m
                [36m>[39m
                  [36m<svg[39m
                    [33maria-hidden[39m=[32m"true"[39m
                    [33mclass[39m=[32m"lucide lucide-list w-4 h-4"[39m
                    [33mfill[39m=[32m"none"[39m
                    [33mheight[39m=[32m"24"[39m
                    [33mstroke[39m=[32m"currentColor"[39m
                    [33mstroke-linecap[39m=[32m"round"[39m
                    [33mstroke-linejoin[39m=[32m"round"[39m
                    [33mstroke-width[39m=[32m"2"[39m
                    [33mviewBox[39m=[32m"0 0 24 24"[39m
                    [33mwidth[39m=[32m"24"[39m
                    [33mxmlns[39m=[32m"http://www.w3.org/2000/svg"[39m
                  [36m>[39m
                    [36m<path[39m
                      [33md[39m=[32m"M3 5h.01"[39m
                    [36m/>[39m
                    [36m<path[39m
                      [33md[39m=[32m"M3 12h.01"[39m
                    [36m/>[39m
                    [36m<path[39m
                      [33md[39m=[32m"M3 19h.01"[39m
                    [36m/>[39m
                    [36m<path[39m
                      [33md[39m=[32m"M8 5h13"[39m
                    [36m/>[39m
                    [36m<path[39m
                      [33md[39m=[32m"M8 12h13"[39m
                    [36m/>[39m
                    [36m<path[39m
                      [33md[39m=[32m"M8 19h13"[39m
                    [36m/>[39m
                  [36m</svg>[39m
                [36m</button>[39m
              [36m</div>[39m
            [36m</div>[39m
          [36m</div>[39m
          [36m<div[39m
            [33mclass[39m=[32m"text-xs font-semibold text-white truncate"[39m
            [33mtitle[39m=[32m"Master of Puppets"[39m
          [36m>[39m
            [36m<a[39m
              [33mhref[39m=[32m"/releases/1"[39m
            [36m>[39m
              [0mMaster of Puppets[0m
            [36m</a>[39m
          [36m</div>[39m
          [36m<div[39m
            [33mclass[39m=[32m"text-xs text-gray-400 truncate"[39m
            [33mtitle[39m=[32m"Metallica"[39m
          [36m>[39m
            [0mMetallica[0m
          [36m</div>[39m
          [36m<div[39m
            [33mclass[39m=[32m"text-xs text-gray-600 truncate"[39m
          [36m>[39m
            [0m1986[0m
            [0m [0m
            [0m· Vinyl[0m
          [36m</div>[39m
        [36m</div>[39m
      [36m</div>[39m
      [36m<div />[39m
    [36m</body>[39m

      66 |   it('displays genre information', () => {
      67 |     render(<MusicReleaseCard release={mockRelease} />);
    > 68 |     expect(screen.getByText('Thrash Metal')).toBeInTheDocument();
         |                   ^
      69 |   });
      70 |
      71 |   it('displays format and country information', () => {

      at Object.getElementError (node_modules/@testing-library/dom/dist/config.js:37:19)
      at node_modules/@testing-library/dom/dist/query-helpers.js:76:38
      at node_modules/@testing-library/dom/dist/query-helpers.js:52:17
      at node_modules/@testing-library/dom/dist/query-helpers.js:95:19
      at Object.getByText (app/components/__tests__/MusicReleaseList.test.tsx:68:19)

  ● MusicReleaseCard Component › displays format and country information

    TestingLibraryElementError: Unable to find an element with the text: /USA/. This could be because the text is broken up by multiple elements. In this case, you can provide a function for your text matcher to make your matcher more flexible.

    Ignored nodes: comments, script, style
    [36m<body>[39m
      [36m<div>[39m
        [36m<div[39m
          [33mclass[39m=[32m"group cursor-pointer"[39m
        [36m>[39m
          [36m<div[39m
            [33mclass[39m=[32m"aspect-square bg-[#13131F] rounded-xl border border-[#1C1C28] group-hover:border-[#8B5CF6]/50 transition-all mb-2 flex items-center justify-center text-4xl overflow-hidden relative"[39m
          [36m>[39m
            [36m<img[39m
              [33malt[39m=[32m"Master of Puppets cover"[39m
              [33mclass[39m=[32m"object-cover"[39m
              [33mloading[39m=[32m"lazy"[39m
              [33mquality[39m=[32m"75"[39m
              [33msizes[39m=[32m"(max-width: 768px) 50vw, (max-width: 1200px) 33vw, 20vw"[39m
              [33msrc[39m=[32m"http://localhost:5072/api/images/test.jpg"[39m
            [36m/>[39m
            [36m<div[39m
              [33mclass[39m=[32m"absolute inset-0 bg-black/0 group-hover:bg-black/50 transition-all duration-300 flex items-center justify-center opacity-0 group-hover:opacity-100 p-2"[39m
            [36m>[39m
              [36m<div[39m
                [33mclass[39m=[32m"flex gap-2 flex-wrap justify-center"[39m
              [36m>[39m
                [36m<a[39m
                  [33mhref[39m=[32m"/releases/1"[39m
                [36m>[39m
                  [36m<svg[39m
                    [33maria-hidden[39m=[32m"true"[39m
                    [33mclass[39m=[32m"lucide lucide-eye w-4 h-4"[39m
                    [33mfill[39m=[32m"none"[39m
                    [33mheight[39m=[32m"24"[39m
                    [33mstroke[39m=[32m"currentColor"[39m
                    [33mstroke-linecap[39m=[32m"round"[39m
                    [33mstroke-linejoin[39m=[32m"round"[39m
                    [33mstroke-width[39m=[32m"2"[39m
                    [33mviewBox[39m=[32m"0 0 24 24"[39m
                    [33mwidth[39m=[32m"24"[39m
                    [33mxmlns[39m=[32m"http://www.w3.org/2000/svg"[39m
                  [36m>[39m
                    [36m<path[39m
                      [33md[39m=[32m"M2.062 12.348a1 1 0 0 1 0-.696 10.75 10.75 0 0 1 19.876 0 1 1 0 0 1 0 .696 10.75 10.75 0 0 1-19.876 0"[39m
                    [36m/>[39m
                    [36m<circle[39m
                      [33mcx[39m=[32m"12"[39m
                      [33mcy[39m=[32m"12"[39m
                      [33mr[39m=[32m"3"[39m
                    [36m/>[39m
                  [36m</svg>[39m
                [36m</a>[39m
                [36m<button[39m
                  [33mclass[39m=[32m"rounded-full w-9 h-9 flex items-center justify-center hover:scale-110 transition-transform shadow-lg bg-white/90 text-[#8B5CF6]"[39m
                  [33mtitle[39m=[32m"Mark as now playing"[39m
                [36m>[39m
                  [36m<svg[39m
                    [33maria-hidden[39m=[32m"true"[39m
                    [33mclass[39m=[32m"lucide lucide-play w-4 h-4"[39m
                    [33mfill[39m=[32m"none"[39m
                    [33mheight[39m=[32m"24"[39m
                    [33mstroke[39m=[32m"currentColor"[39m
                    [33mstroke-linecap[39m=[32m"round"[39m
                    [33mstroke-linejoin[39m=[32m"round"[39m
                    [33mstroke-width[39m=[32m"2"[39m
                    [33mviewBox[39m=[32m"0 0 24 24"[39m
                    [33mwidth[39m=[32m"24"[39m
                    [33mxmlns[39m=[32m"http://www.w3.org/2000/svg"[39m
                  [36m>[39m
                    [36m<path[39m
                      [33md[39m=[32m"M5 5a2 2 0 0 1 3.008-1.728l11.997 6.998a2 2 0 0 1 .003 3.458l-12 7A2 2 0 0 1 5 19z"[39m
                    [36m/>[39m
                  [36m</svg>[39m
                [36m</button>[39m
                [36m<button[39m
                  [33mclass[39m=[32m"bg-white/90 text-[#8B5CF6] rounded-full w-9 h-9 flex items-center justify-center hover:scale-110 transition-transform shadow-lg"[39m
                  [33mtitle[39m=[32m"Add to list"[39m
                [36m>[39m
                  [36m<svg[39m
                    [33maria-hidden[39m=[32m"true"[39m
                    [33mclass[39m=[32m"lucide lucide-list w-4 h-4"[39m
                    [33mfill[39m=[32m"none"[39m
                    [33mheight[39m=[32m"24"[39m
                    [33mstroke[39m=[32m"currentColor"[39m
                    [33mstroke-linecap[39m=[32m"round"[39m
                    [33mstroke-linejoin[39m=[32m"round"[39m
                    [33mstroke-width[39m=[32m"2"[39m
                    [33mviewBox[39m=[32m"0 0 24 24"[39m
                    [33mwidth[39m=[32m"24"[39m
                    [33mxmlns[39m=[32m"http://www.w3.org/2000/svg"[39m
                  [36m>[39m
                    [36m<path[39m
                      [33md[39m=[32m"M3 5h.01"[39m
                    [36m/>[39m
                    [36m<path[39m
                      [33md[39m=[32m"M3 12h.01"[39m
                    [36m/>[39m
                    [36m<path[39m
                      [33md[39m=[32m"M3 19h.01"[39m
                    [36m/>[39m
                    [36m<path[39m
                      [33md[39m=[32m"M8 5h13"[39m
                    [36m/>[39m
                    [36m<path[39m
                      [33md[39m=[32m"M8 12h13"[39m
                    [36m/>[39m
                    [36m<path[39m
                      [33md[39m=[32m"M8 19h13"[39m
                    [36m/>[39m
                  [36m</svg>[39m
                [36m</button>[39m
              [36m</div>[39m
            [36m</div>[39m
          [36m</div>[39m
          [36m<div[39m
            [33mclass[39m=[32m"text-xs font-semibold text-white truncate"[39m
            [33mtitle[39m=[32m"Master of Puppets"[39m
          [36m>[39m
            [36m<a[39m
              [33mhref[39m=[32m"/releases/1"[39m
            [36m>[39m
              [0mMaster of Puppets[0m
            [36m</a>[39m
          [36m</div>[39m
          [36m<div[39m
            [33mclass[39m=[32m"text-xs text-gray-400 truncate"[39m
            [33mtitle[39m=[32m"Metallica"[39m
          [36m>[39m
            [0mMetallica[0m
          [36m</div>[39m
          [36m<div[39m
            [33mclass[39m=[32m"text-xs text-gray-600 truncate"[39m
          [36m>[39m
            [0m1986[0m
            [0m [0m
            [0m· Vinyl[0m
          [36m</div>[39m
        [36m</div>[39m
      [36m</div>[39m
      [36m<div />[39m
    [36m</body>[39m

      72 |     render(<MusicReleaseCard release={mockRelease} />);
      73 |     expect(screen.getByText(/Vinyl/)).toBeInTheDocument();
    > 74 |     expect(screen.getByText(/USA/)).toBeInTheDocument();
         |                   ^
      75 |   });
      76 |
      77 |   it('renders links to release details page', () => {

      at Object.getElementError (node_modules/@testing-library/dom/dist/config.js:37:19)
      at node_modules/@testing-library/dom/dist/query-helpers.js:76:38
      at node_modules/@testing-library/dom/dist/query-helpers.js:52:17
      at node_modules/@testing-library/dom/dist/query-helpers.js:95:19
      at Object.getByText (app/components/__tests__/MusicReleaseList.test.tsx:74:19)

  ● MusicReleaseList Component › renders music release cards

    Unable to find an element with the text: Thrash Metal. This could be because the text is broken up by multiple elements. In this case, you can provide a function for your text matcher to make your matcher more flexible.

    Ignored nodes: comments, script, style
    [36m<body>[39m
      [36m<div>[39m
        [36m<div>[39m
          [36m<div[39m
            [33mclass[39m=[32m"space-y-6 mb-6"[39m
          [36m>[39m
            [36m<div[39m
              [33mclass[39m=[32m"flex gap-3 flex-wrap items-center"[39m
            [36m>[39m
              [36m<div[39m
                [33mclass[39m=[32m"flex-1 min-w-[200px] relative"[39m
              [36m>[39m
                [36m<input[39m
                  [33mclass[39m=[32m"w-full bg-[#13131F] border border-[#1C1C28] rounded-xl px-4 py-3 text-white placeholder-gray-600 text-sm focus:outline-none focus:border-[#8B5CF6]"[39m
                  [33mplaceholder[39m=[32m"Search releases, artists, albums..."[39m
                  [33mtype[39m=[32m"text"[39m
                  [33mvalue[39m=[32m""[39m
                [36m/>[39m
              [36m</div>[39m
              [36m<select[39m
                [33mclass[39m=[32m"bg-[#13131F] border border-[#1C1C28] rounded-xl px-4 py-3 text-gray-300 text-sm focus:outline-none focus:border-[#8B5CF6] cursor-pointer"[39m
              [36m>[39m
                [36m<option[39m
                  [33mvalue[39m=[32m"DateAdded_desc"[39m
                [36m>[39m
                  [0mSort: Date Added[0m
                [36m</option>[39m
                [36m<option[39m
                  [33mvalue[39m=[32m"Title_asc"[39m
                [36m>[39m
                  [0mTitle (A-Z)[0m
                [36m</option>[39m
                [36m<option[39m
                  [33mvalue[39m=[32m"Title_desc"[39m
                [36m>[39m
                  [0mTitle (Z-A)[0m
                [36m</option>[39m
                [36m<option[39m
                  [33mvalue[39m=[32m"Artist_asc"[39m
                [36m>[39m
                  [0mArtist (A-Z)[0m
                [36m</option>[39m
                [36m<option[39m
                  [33mvalue[39m=[32m"Artist_desc"[39m
                [36m>[39m
                  [0mArtist (Z-A)[0m
                [36m</option>[39m
                [36m<option[39m
                  [33mvalue[39m=[32m"Year_desc"[39m
                [36m>[39m
                  [0mYear (Newest)[0m
                [36m</option>[39m
                [36m<option[39m
                  [33mvalue[39m=[32m"Year_asc"[39m
                [36m>[39m
                  [0mYear (Oldest)[0m
                [36m</option>[39m
              [36m</select>[39m
              [36m<button[39m
                [33mclass[39m=[32m"px-5 rounded-xl text-sm font-medium flex items-center gap-2 transition-all h-[46px] bg-[#13131F] border border-[#1C1C28] text-gray-300 hover:text-white hover:border-[#2E2E3E]"[39m
              [36m>[39m
                [36m<svg[39m
                  [33mfill[39m=[32m"none"[39m
                  [33mheight[39m=[32m"16"[39m
                  [33mstroke[39m=[32m"currentColor"[39m
                  [33mstroke-width[39m=[32m"2"[39m
                  [33mviewBox[39m=[32m"0 0 24 24"[39m
                  [33mwidth[39m=[32m"16"[39m
                [36m>[39m
                  [36m<path[39m
                    [33md[39m=[32m"M3 4a1 1 0 011-1h16a1 1 0 011 1v2.586a1 1 0 01-.293.707l-6.414 6.414a1 1 0 00-.293.707V17l-4 4v-6.586a1 1 0 00-.293-.707L3.293 7.293A1 1 0 013 6.586V4z"[39m
                    [33mstroke-linecap[39m=[32m"round"[39m
                    [33mstroke-linejoin[39m=[32m"round"[39m
                  [36m/>[39m
                [36m</svg>[39m
                [0mFilters[0m
                [36m<svg[39m
                  [33mclass[39m=[32m"transition-transform duration-200 "[39m
                  [33mfill[39m=[32m"currentColor"[39m
                  [33mheight[39m=[32m"12"[39m
                  [33mviewBox[39m=[32m"0 0 12 12"[39m
                  [33mwidth[39m=[32m"12"[39m
                [36m>[39m
                  [36m<path[39m
                    [33md[39m=[32m"M2.5 4.5l3.5 3.5 3.5-3.5"[39m
                    [33mfill[39m=[32m"none"[39m
                    [33mstroke[39m=[32m"currentColor"[39m
                    [33mstroke-linecap[39m=[32m"round"[39m
                    [33mstroke-linejoin[39m=[32m"round"[39m
                    [33mstroke-width[39m=[32m"1.5"[39m
                  [36m/>[39m
                [36m</svg>[39m
              [36m</button>[39m
            [36m</div>[39m
            [36m<div[39m
              [33mclass[39m=[32m"flex items-center gap-3 text-xs text-gray-500 flex-wrap mt-2 mb-4"[39m
            [36m>[39m
              [36m<span>[39m
                [0m1[0m
                [0m release[0m
              [36m</span>[39m
            [36m</div>[39m
          [36m</div>[39m
          [36m<div[39m
            [33mclass[39m=[32m"grid grid-cols-2 sm:grid-cols-3 md:grid-cols-4 lg:grid-cols-5 xl:grid-cols-6 gap-6 mb-8"[39m
          [36m>[39m
            [36m<div[39m
              [33mclass[39m=[32m"group cursor-pointer"[39m
            [36m>[39m
              [36m<div[39m
                [33mclass[39m=[32m"aspect-square bg-[#13131F] rounded-xl border border-[#1C1C28] group-hover:border-[#8B5CF6]/50 transition-all mb-2 flex items-center justify-center text-4xl overflow-hidden relative"[39m
              [36m>[39m
                [36m<img[39m
                  [33malt[39m=[32m"Master of Puppets cover"[39m
                  [33mclass[39m=[32m"object-cover"[39m
                  [33mloading[39m=[32m"lazy"[39m
                  [33mquality[39m=[32m"75"[39m
                  [33msizes[39m=[32m"(max-width: 768px) 50vw, (max-width: 1200px) 33vw, 20vw"[39m
                  [33msrc[39m=[32m"http://localhost:5072/api/images/test.jpg"[39m
                [36m/>[39m
                [36m<div[39m
                  [33mclass[39m=[32m"absolute inset-0 bg-black/0 group-hover:bg-black/50 transition-all duration-300 flex items-center justify-center opacity-0 group-hover:opacity-100 p-2"[39m
                [36m>[39m
                  [36m<div[39m
                    [33mclass[39m=[32m"flex gap-2 flex-wrap justify-center"[39m
                  [36m>[39m
                    [36m<a[39m
                      [33mhref[39m=[32m"/releases/1"[39m
                    [36m>[39m
                      [36m<svg[39m
                        [33maria-hidden[39m=[32m"true"[39m
                        [33mclass[39m=[32m"lucide lucide-eye w-4 h-4"[39m
                        [33mfill[39m=[32m"none"[39m
                        [33mheight[39m=[32m"24"[39m
                        [33mstroke[39m=[32m"currentColor"[39m
                        [33mstroke-linecap[39m=[32m"round"[39m
                        [33mstroke-linejoin[39m=[32m"round"[39m
                        [33mstroke-width[39m=[32m"2"[39m
                        [33mviewBox[39m=[32m"0 0 24 24"[39m
                        [33mwidth[39m=[32m"24"[39m
                        [33mxmlns[39m=[32m"http://www.w3.org/2000/svg"[39m
                      [36m>[39m
                        [36m<path[39m
                          [33md[39m=[32m"M2.062 12.348a1 1 0 0 1 0-.696 10.75 10.75 0 0 1 19.876 0 1 1 0 0 1 0 .696 10.75 10.75 0 0 1-19.876 0"[39m
                        [36m/>[39m
                        [36m<circle[39m
                          [33mcx[39m=[32m"12"[39m
                          [33mcy[39m=[32m"12"[39m
                          [33mr[39m=[32m"3"[39m
                        [36m/>[39m
                      [36m</svg>[39m
                    [36m</a>[39m
                    [36m<button[39m
                      [33mclass[39m=[32m"rounded-full w-9 h-9 flex items-center justify-center hover:scale-110 transition-transform shadow-lg bg-white/90 text-[#8B5CF6]"[39m
                      [33mtitle[39m=[32m"Mark as now playing"[39m
                    [36m>[39m
                      [36m<svg[39m
                        [33maria-hidden[39m=[32m"true"[39m
                        [33mclass[39m=[32m"lucide lucide-play w-4 h-4"[39m
                        [33mfill[39m=[32m"none"[39m
                        [33mheight[39m=[32m"24"[39m
                        [33mstroke[39m=[32m"currentColor"[39m
                        [33mstroke-linecap[39m=[32m"round"[39m
                        [33mstroke-linejoin[39m=[32m"round"[39m
                        [33mstroke-width[39m=[32m"2"[39m
                        [33mviewBox[39m=[32m"0 0 24 24"[39m
                        [33mwidth[39m=[32m"24"[39m
                        [33mxmlns[39m=[32m"http://www.w3.org/2000/svg"[39m
                      [36m>[39m
                        [36m<path[39m
                          [33md[39m=[32m"M5 5a2 2 0 0 1 3.008-1.728l11.997 6.998a2 2 0 0 1 .003 3.458l-12 7A2 2 0 0 1 5 19z"[39m
                        [36m/>[39m
                      [36m</svg>[39m
                    [36m</button>[39m
                    [36m<button[39m
                      [33mclass[39m=[32m"bg-white/90 text-[#8B5CF6] rounded-full w-9 h-9 flex items-center justify-center hover:scale-110 transition-transform shadow-lg"[39m
                      [33mtitle[39m=[32m"Add to list"[39m
                    [36m>[39m
                      [36m<svg[39m
                        [33maria-hidden[39m=[32m"true"[39m
                        [33mclass[39m=[32m"lucide lucide-list w-4 h-4"[39m
                        [33mfill[39m=[32m"none"[39m
                        [33mheight[39m=[32m"24"[39m
                        [33mstroke[39m=[32m"currentColor"[39m
                        [33mstroke-linecap[39m=[32m"round"[39m
                        [33mstroke-linejoin[39m=[32m"round"[39m
                        [33mstroke-width[39m=[32m"2"[39m
                        [33mviewBox[39m=[32m"0 0 24 24"[39m
                        [33mwidth[39m=[32m"24"[39m
                        [33mxmlns[39m=[32m"http://www.w3.org/2000/svg"[39m
                      [36m>[39m
                        [36m<path[39m
                          [33md[39m=[32m"M3 5h.01"[39m
                        [36m/>[39m
                        [36m<path[39m
                          [33md[39m=[32m"M3 12h.01"[39m
                        [36m/>[39m
                        [36m<path[39m
                          [33md[39m=[32m"M3 19h.01"[39m
                        [36m/>[39m
                        [36m<path[39m
                          [33md[39m=[32m"M8 5h13"[39m
                        [36m/>[39m
                        [36m<path[39m
                          [33md[39m=[32m"M8 12h13"[39m
                        [36m/>[39m
                        [36m<path[39m
                          [33md[39m=[32m"M8 19h13"[39m
                        [36m/>[39m
                      [36m</svg>[39m
                    [36m</button>[39m
                  [36m</div>[39m
                [36m</div>[39m
              [36m</div>[39m
              [36m<div[39m
                [33mclass[39m=[32m"text-xs font-semibold text-white truncate"[39m
                [33mtitle[39m=[32m"Master of Puppets"[39m
              [36m>[39m
                [36m<a[39m
                  [33mhref[39m=[32m"/releases/1"[39m
                [36m>[39m
                  [0mMaster of Puppets[0m
                [36m</a>[39m
              [36m</div>[39m
              [36m<div[39m
                [33mclass[39m=[32m"text-xs text-gray-400 truncate"[39m
                [33mtitle[39m=[32m"Metallica"[39m
              [36m>[39m
                [0mMetallica[0m
              [36m</div>[39m
              [36m<div[39m
                [33mclass[39m=[32m"text-xs text-gray-600 truncate"[39m
              [36m>[39m
                [0m1986[0m
                [0m [0m
                [0m· Vinyl[0m
              [36m</div>[39m
            [36m</div>[39m
          [36m</div>[39m
        [36m</div>[39m
      [36m</div>[39m
      [36m<div />[39m
    [36m</body>[39m

      145 |     render(<MusicReleaseList />);
      146 |
    > 147 |     await waitFor(() => {
          |                  ^
      148 |       expect(screen.getByText('Master of Puppets')).toBeInTheDocument();
      149 |       expect(screen.getByText('Metallica')).toBeInTheDocument();
      150 |       expect(screen.getByText('Thrash Metal')).toBeInTheDocument();

      at waitForWrapper (node_modules/@testing-library/dom/dist/wait-for.js:163:27)
      at Object.<anonymous> (app/components/__tests__/MusicReleaseList.test.tsx:147:18)

PASS app/components/__tests__/ComboBox.test.tsx
  ● Console

    console.log
      [jest.setup] auth_token = test-token

      at Object.log (jest.setup.ts:90:11)

    console.log
      [jest.setup.beforeEach] auth_token = test-token

      at Object.log (jest.setup.ts:105:12)

    console.log
      [jest.setup.beforeEach] auth_token = test-token

      at Object.log (jest.setup.ts:105:12)

    console.log
      [jest.setup.beforeEach] auth_token = test-token

      at Object.log (jest.setup.ts:105:12)

    console.log
      [jest.setup.beforeEach] auth_token = test-token

      at Object.log (jest.setup.ts:105:12)

    console.log
      [jest.setup.beforeEach] auth_token = test-token

      at Object.log (jest.setup.ts:105:12)

    console.log
      [jest.setup.beforeEach] auth_token = test-token

      at Object.log (jest.setup.ts:105:12)

    console.log
      [jest.setup.beforeEach] auth_token = test-token

      at Object.log (jest.setup.ts:105:12)

    console.log
      [jest.setup.beforeEach] auth_token = test-token

      at Object.log (jest.setup.ts:105:12)

    console.log
      [jest.setup.beforeEach] auth_token = test-token

      at Object.log (jest.setup.ts:105:12)

    console.log
      [jest.setup.beforeEach] auth_token = test-token

      at Object.log (jest.setup.ts:105:12)

    console.log
      [jest.setup.beforeEach] auth_token = test-token

      at Object.log (jest.setup.ts:105:12)

    console.log
      [jest.setup.beforeEach] auth_token = test-token

      at Object.log (jest.setup.ts:105:12)

    console.log
      [jest.setup.beforeEach] auth_token = test-token

      at Object.log (jest.setup.ts:105:12)

    console.log
      [jest.setup.beforeEach] auth_token = test-token

      at Object.log (jest.setup.ts:105:12)

    console.log
      [jest.setup.beforeEach] auth_token = test-token

      at Object.log (jest.setup.ts:105:12)

    console.log
      [jest.setup.beforeEach] auth_token = test-token

      at Object.log (jest.setup.ts:105:12)

    console.log
      [jest.setup.beforeEach] auth_token = test-token

      at Object.log (jest.setup.ts:105:12)

    console.log
      [jest.setup.beforeEach] auth_token = test-token

      at Object.log (jest.setup.ts:105:12)

    console.log
      [jest.setup.beforeEach] auth_token = test-token

      at Object.log (jest.setup.ts:105:12)

    console.log
      [jest.setup.beforeEach] auth_token = test-token

      at Object.log (jest.setup.ts:105:12)

    console.log
      [jest.setup.beforeEach] auth_token = test-token

      at Object.log (jest.setup.ts:105:12)

    console.log
      [jest.setup.beforeEach] auth_token = test-token

      at Object.log (jest.setup.ts:105:12)

    console.log
      [jest.setup.beforeEach] auth_token = test-token

      at Object.log (jest.setup.ts:105:12)

    console.log
      [jest.setup.beforeEach] auth_token = test-token

      at Object.log (jest.setup.ts:105:12)

    console.log
      [jest.setup.beforeEach] auth_token = test-token

      at Object.log (jest.setup.ts:105:12)

    console.log
      [jest.setup.beforeEach] auth_token = test-token

      at Object.log (jest.setup.ts:105:12)

    console.log
      [jest.setup.beforeEach] auth_token = test-token

      at Object.log (jest.setup.ts:105:12)

    console.log
      [jest.setup.beforeEach] auth_token = test-token

      at Object.log (jest.setup.ts:105:12)

    console.log
      [jest.setup.beforeEach] auth_token = test-token

      at Object.log (jest.setup.ts:105:12)

    console.log
      [jest.setup.beforeEach] auth_token = test-token

      at Object.log (jest.setup.ts:105:12)

    console.log
      [jest.setup.beforeEach] auth_token = test-token

      at Object.log (jest.setup.ts:105:12)

    console.log
      [jest.setup.beforeEach] auth_token = test-token

      at Object.log (jest.setup.ts:105:12)

    console.log
      [jest.setup.beforeEach] auth_token = test-token

      at Object.log (jest.setup.ts:105:12)

    console.log
      [jest.setup.beforeEach] auth_token = test-token

      at Object.log (jest.setup.ts:105:12)

    console.log
      [jest.setup.beforeEach] auth_token = test-token

      at Object.log (jest.setup.ts:105:12)

    console.log
      [jest.setup.beforeEach] auth_token = test-token

      at Object.log (jest.setup.ts:105:12)

    console.log
      [jest.setup.beforeEach] auth_token = test-token

      at Object.log (jest.setup.ts:105:12)

    console.log
      [jest.setup.beforeEach] auth_token = test-token

      at Object.log (jest.setup.ts:105:12)

    console.log
      [jest.setup.beforeEach] auth_token = test-token

      at Object.log (jest.setup.ts:105:12)

    console.log
      [jest.setup.beforeEach] auth_token = test-token

      at Object.log (jest.setup.ts:105:12)

    console.log
      [jest.setup.beforeEach] auth_token = test-token

      at Object.log (jest.setup.ts:105:12)

FAIL app/statistics/__tests__/page.test.tsx
  ● Console

    console.log
      [jest.setup] auth_token = test-token

      at Object.log (jest.setup.ts:90:11)

    console.log
      [jest.setup.beforeEach] auth_token = test-token

      at Object.log (jest.setup.ts:105:12)

    console.log
      [jest.setup.beforeEach] auth_token = test-token

      at Object.log (jest.setup.ts:105:12)

    console.log
      [jest.setup.beforeEach] auth_token = test-token

      at Object.log (jest.setup.ts:105:12)

    console.log
      [jest.setup.beforeEach] auth_token = test-token

      at Object.log (jest.setup.ts:105:12)

    console.log
      [jest.setup.beforeEach] auth_token = test-token

      at Object.log (jest.setup.ts:105:12)

    console.log
      [jest.setup.beforeEach] auth_token = test-token

      at Object.log (jest.setup.ts:105:12)

    console.log
      [jest.setup.beforeEach] auth_token = test-token

      at Object.log (jest.setup.ts:105:12)

    console.log
      [jest.setup.beforeEach] auth_token = test-token

      at Object.log (jest.setup.ts:105:12)

    console.log
      [jest.setup.beforeEach] auth_token = test-token

      at Object.log (jest.setup.ts:105:12)

    console.log
      [jest.setup.beforeEach] auth_token = test-token

      at Object.log (jest.setup.ts:105:12)

  ● StatisticsPage › renders loading state initially

    TestingLibraryElementError: Unable to find an element with the text: Collection Statistics. This could be because the text is broken up by multiple elements. In this case, you can provide a function for your text matcher to make your matcher more flexible.

    Ignored nodes: comments, script, style
    [36m<body>[39m
      [36m<div>[39m
        [36m<div[39m
          [33mclass[39m=[32m"min-h-screen bg-transparent"[39m
        [36m>[39m
          [36m<div[39m
            [33mclass[39m=[32m"max-w-7xl mx-auto px-4 py-6"[39m
          [36m>[39m
            [36m<div[39m
              [33mdata-testid[39m=[32m"loading-spinner"[39m
            [36m>[39m
              [0mLoading...[0m
            [36m</div>[39m
          [36m</div>[39m
        [36m</div>[39m
      [36m</div>[39m
    [36m</body>[39m

      89 |     render(<StatisticsPage />);
      90 |     
    > 91 |     expect(screen.getByText('Collection Statistics')).toBeInTheDocument();
         |                   ^
      92 |     expect(screen.getByTestId('loading-spinner')).toBeInTheDocument();
      93 |   });
      94 |

      at Object.getElementError (node_modules/@testing-library/dom/dist/config.js:37:19)
      at node_modules/@testing-library/dom/dist/query-helpers.js:76:38
      at node_modules/@testing-library/dom/dist/query-helpers.js:52:17
      at node_modules/@testing-library/dom/dist/query-helpers.js:95:19
      at Object.getByText (app/statistics/__tests__/page.test.tsx:91:19)

  ● StatisticsPage › renders page header

    Unable to find an element with the text: Collection Statistics. This could be because the text is broken up by multiple elements. In this case, you can provide a function for your text matcher to make your matcher more flexible.

    Ignored nodes: comments, script, style
    [36m<body>[39m
      [36m<div>[39m
        [36m<div[39m
          [33mclass[39m=[32m"min-h-screen bg-transparent"[39m
        [36m>[39m
          [36m<div[39m
            [33mclass[39m=[32m"max-w-7xl mx-auto px-4 py-6"[39m
          [36m>[39m
            [36m<div[39m
              [33mclass[39m=[32m"flex justify-end gap-2 mb-6"[39m
            [36m>[39m
              [36m<button[39m
                [33mclass[39m=[32m"px-4 py-2 bg-emerald-600 hover:bg-emerald-700 text-white rounded-xl transition-colors flex items-center gap-2 font-semibold"[39m
              [36m>[39m
                [36m<svg[39m
                  [33mclass[39m=[32m"h-5 w-5"[39m
                  [33mfill[39m=[32m"none"[39m
                  [33mstroke[39m=[32m"currentColor"[39m
                  [33mviewBox[39m=[32m"0 0 24 24"[39m
                [36m>[39m
                  [36m<path[39m
                    [33md[39m=[32m"M12 10v6m0 0l-3-3m3 3l3-3m2 8H7a2 2 0 01-2-2V5a2 2 0 012-2h5.586a1 1 0 01.707.293l5.414 5.414a1 1 0 01.293.707V19a2 2 0 01-2 2z"[39m
                    [33mstroke-linecap[39m=[32m"round"[39m
                    [33mstroke-linejoin[39m=[32m"round"[39m
                    [33mstroke-width[39m=[32m"2"[39m
                  [36m/>[39m
                [36m</svg>[39m
                [0mExport CSV[0m
              [36m</button>[39m
              [36m<button[39m
                [33mclass[39m=[32m"px-4 py-2 bg-[#8B5CF6] hover:bg-[#7C3AED] text-white rounded-xl transition-colors flex items-center gap-2 font-semibold"[39m
              [36m>[39m
                [36m<svg[39m
                  [33mclass[39m=[32m"h-5 w-5"[39m
                  [33mfill[39m=[32m"none"[39m
                  [33mstroke[39m=[32m"currentColor"[39m
                  [33mviewBox[39m=[32m"0 0 24 24"[39m
                [36m>[39m
                  [36m<path[39m
                    [33md[39m=[32m"M12 10v6m0 0l-3-3m3 3l3-3m2 8H7a2 2 0 01-2-2V5a2 2 0 012-2h5.586a1 1 0 01.707.293l5.414 5.414a1 1 0 01.293.707V19a2 2 0 01-2 2z"[39m
                    [33mstroke-linecap[39m=[32m"round"[39m
                    [33mstroke-linejoin[39m=[32m"round"[39m
                    [33mstroke-width[39m=[32m"2"[39m
                  [36m/>[39m
                [36m</svg>[39m
                [0mExport JSON[0m
              [36m</button>[39m
            [36m</div>[39m
            [36m<div[39m
              [33mclass[39m=[32m"grid grid-cols-1 md:grid-cols-2 lg:grid-cols-4 gap-6 mb-6"[39m
            [36m>[39m
              [36m<div[39m
                [33mdata-testid[39m=[32m"stat-card"[39m
              [36m>[39m
                [36m<div>[39m
                  [0mTotal Releases[0m
                [36m</div>[39m
                [36m<div>[39m
                  [0m100[0m
                [36m</div>[39m
              [36m</div>[39m
              [36m<div[39m
                [33mdata-testid[39m=[32m"stat-card"[39m
              [36m>[39m
                [36m<div>[39m
                  [0mUnique Artists[0m
                [36m</div>[39m
                [36m<div>[39m
                  [0m50[0m
                [36m</div>[39m
              [36m</div>[39m
              [36m<div[39m
                [33mdata-testid[39m=[32m"stat-card"[39m
              [36m>[39m
                [36m<div>[39m
                  [0mGenres[0m
                [36m</div>[39m
                [36m<div>[39m
                  [0m20[0m
                [36m</div>[39m
              [36m</div>[39m
              [36m<div[39m
                [33mdata-testid[39m=[32m"stat-card"[39m
              [36m>[39m
                [36m<div>[39m
                  [0mLabels[0m
                [36m</div>[39m
                [36m<div>[39m
                  [0m30[0m
                [36m</div>[39m
              [36m</div>[39m
            [36m</div>[39m
            [36m<div[39m
              [33mclass[39m=[32m"grid grid-cols-1 md:grid-cols-3 gap-6 mb-6"[39m
            [36m>[39m
              [36m<div[39m
                [33mdata-testid[39m=[32m"stat-card"[39m
              [36m>[39m
                [36m<div>[39m
                  [0mCollection Value[0m
                [36m</div>[39m
                [36m<div>[39m
                  [0m£1,500.75[0m
                [36m</div>[39m
              [36m</div>[39m
              [36m<div[39m
                [33mdata-testid[39m=[32m"stat-card"[39m
              [36m>[39m
                [36m<div>[39m
                  [0mAverage Price[0m
                [36m</div>[39m
                [36m<div>[39m
                  [0m£10.00[0m
                [36m</div>[39m
              [36m</div>[39m
              [36m<div[39m
                [33mclass[39m=[32m"bg-[#13131F] rounded-xl border border-[#1C1C28] p-6 hover:shadow-lg transition-shadow"[39m
              [36m>[39m
                [36m<p[39m
                  [33mclass[39m=[32m"text-sm font-medium text-gray-400 mb-2"[39m
                [36m>[39m
                  [0mMost Expensive[0m
                [36m</p>[39m
                [36m<a[39m
                  [33mhref[39m=[32m"/releases/1"[39m
                [36m>[39m
                  [0mExpensive Album[0m
                [36m</a>[39m
              [36m</div>[39m
            [36m</div>[39m
            [36m<div[39m
              [33mclass[39m=[32m"grid grid-cols-1 lg:grid-cols-2 gap-6 mb-6"[39m
            [36m>[39m
              [36m<div[39m
                [33mdata-testid[39m=[32m"line-chart"[39m
              [36m>[39m
                [0mReleases by Year[0m
              [36m</div>[39m
              [36m<div[39m
                [33mdata-testid[39m=[32m"donut-chart"[39m
              [36m>[39m
                [0mFormats Distribution[0m
              [36m</div>[39m
            [36m</div>[39m
            [36m<div[39m
              [33mclass[39m=[32m"grid grid-cols-1 lg:grid-cols-2 gap-6 mb-6"[39m
            [36m>[39m
              [36m<div[39m
                [33mdata-testid[39m=[32m"bar-chart"[39m
              [36m>[39m
                [0mTop Genres[0m
              [36m</div>[39m
              [36m<div[39m
                [33mdata-testid[39m=[32m"bar-chart"[39m
              [36m>[39m
                [0mTop Countries[0m
              [36m</div>[39m
            [36m</div>[39m
            [36m<div[39m
              [33mclass[39m=[32m"bg-[#13131F] rounded-xl border border-[#1C1C28] p-6"[39m
            [36m>[39m
              [36m<h3[39m
                [33mclass[39m=[32m"text-lg font-semibold text-white mb-4"[39m
              [36m>[39m
                [0mRecently Added[0m
              [36m</h3>[39m
              [36m<div[39m
                [33mclass[39m=[32m"grid grid-cols-1 md:grid-cols-2 lg:grid-cols-5 gap-4"[39m
              [36m>[39m
                [36m<a[39m
                  [33mhref[39m=[32m"/releases/1"[39m
                [36m>[39m
                  [36m<div[39m
                    [33mclass[39m=[32m"aspect-square mb-2 overflow-hidden rounded-xl border border-[#1C1C28]"[39m
                  [36m>[39m
                    [36m<img[39m
                      [33malt[39m=[32m"Recent Album"[39m
                      [33mclass[39m=[32m"w-full h-full object-cover group-hover:scale-105 transition-transform"[39m
                      [33msrc[39m=[32m"/placeholder-album.svg"[39m
                    [36m/>[39m
                  [36m</div>[39m
                  [36m<p[39m
                    [33mclass[39m=[32m"text-sm font-medium text-white line-clamp-1 group-hover:text-[#8B5CF6]"[39m
                  [36m>[39m
                    [0mRecent Album[0m
                  [36m</p>[39m
                [36m</a>[39m
              [36m</div>[39m
            [36m</div>[39m
          [36m</div>[39m
        [36m</div>[39m
      [36m</div>[39m
    [36m</body>[39m

      118 |     render(<StatisticsPage />);
      119 |     
    > 120 |     await waitFor(() => {
          |                  ^
      121 |       expect(screen.getByText('Collection Statistics')).toBeInTheDocument();
      122 |     });
      123 |   });

      at waitForWrapper (node_modules/@testing-library/dom/dist/wait-for.js:163:27)
      at Object.<anonymous> (app/statistics/__tests__/page.test.tsx:120:18)

  ● StatisticsPage › has proper page structure

    expect(received).toBeInTheDocument()

    received value must be an HTMLElement or an SVGElement.
    Received has value: null

    Ignored nodes: comments, script, style
    [36m<html>[39m
      [36m<head />[39m
      [36m<body>[39m
        [36m<div>[39m
          [36m<div[39m
            [33mclass[39m=[32m"min-h-screen bg-transparent"[39m
          [36m>[39m
            [36m<div[39m
              [33mclass[39m=[32m"max-w-7xl mx-auto px-4 py-6"[39m
            [36m>[39m
              [36m<div[39m
                [33mclass[39m=[32m"flex justify-end gap-2 mb-6"[39m
              [36m>[39m
                [36m<button[39m
                  [33mclass[39m=[32m"px-4 py-2 bg-emerald-600 hover:bg-emerald-700 text-white rounded-xl transition-colors flex items-center gap-2 font-semibold"[39m
                [36m>[39m
                  [36m<svg[39m
                    [33mclass[39m=[32m"h-5 w-5"[39m
                    [33mfill[39m=[32m"none"[39m
                    [33mstroke[39m=[32m"currentColor"[39m
                    [33mviewBox[39m=[32m"0 0 24 24"[39m
                  [36m>[39m
                    [36m<path[39m
                      [33md[39m=[32m"M12 10v6m0 0l-3-3m3 3l3-3m2 8H7a2 2 0 01-2-2V5a2 2 0 012-2h5.586a1 1 0 01.707.293l5.414 5.414a1 1 0 01.293.707V19a2 2 0 01-2 2z"[39m
                      [33mstroke-linecap[39m=[32m"round"[39m
                      [33mstroke-linejoin[39m=[32m"round"[39m
                      [33mstroke-width[39m=[32m"2"[39m
                    [36m/>[39m
                  [36m</svg>[39m
                  [0mExport CSV[0m
                [36m</button>[39m
                [36m<button[39m
                  [33mclass[39m=[32m"px-4 py-2 bg-[#8B5CF6] hover:bg-[#7C3AED] text-white rounded-xl transition-colors flex items-center gap-2 font-semibold"[39m
                [36m>[39m
                  [36m<svg[39m
                    [33mclass[39m=[32m"h-5 w-5"[39m
                    [33mfill[39m=[32m"none"[39m
                    [33mstroke[39m=[32m"currentColor"[39m
                    [33mviewBox[39m=[32m"0 0 24 24"[39m
                  [36m>[39m
                    [36m<path[39m
                      [33md[39m=[32m"M12 10v6m0 0l-3-3m3 3l3-3m2 8H7a2 2 0 01-2-2V5a2 2 0 012-2h5.586a1 1 0 01.707.293l5.414 5.414a1 1 0 01.293.707V19a2 2 0 01-2 2z"[39m
                      [33mstroke-linecap[39m=[32m"round"[39m
                      [33mstroke-linejoin[39m=[32m"round"[39m
                      [33mstroke-width[39m=[32m"2"[39m
                    [36m/>[39m
                  [36m</svg>[39m
                  [0mExport JSON[0m
                [36m</button>[39m
              [36m</div>[39m
              [36m<div[39m
                [33mclass[39m=[32m"grid grid-cols-1 md:grid-cols-2 lg:grid-cols-4 gap-6 mb-6"[39m
              [36m>[39m
                [36m<div[39m
                  [33mdata-testid[39m=[32m"stat-card"[39m
                [36m>[39m
                  [36m<div>[39m
                    [0mTotal Releases[0m
                  [36m</div>[39m
                  [36m<div>[39m
                    [0m100[0m
                  [36m</div>[39m
                [36m</div>[39m
                [36m<div[39m
                  [33mdata-testid[39m=[32m"stat-card"[39m
                [36m>[39m
                  [36m<div>[39m
                    [0mUnique Artists[0m
                  [36m</div>[39m
                  [36m<div>[39m
                    [0m50[0m
                  [36m</div>[39m
                [36m</div>[39m
                [36m<div[39m
                  [33mdata-testid[39m=[32m"stat-card"[39m
                [36m>[39m
                  [36m<div>[39m
                    [0mGenres[0m
                  [36m</div>[39m
                  [36m<div>[39m
                    [0m20[0m
                  [36m</div>[39m
                [36m</div>[39m
                [36m<div[39m
                  [33mdata-testid[39m=[32m"stat-card"[39m
                [36m>[39m
                  [36m<div>[39m
                    [0mLabels[0m
                  [36m</div>[39m
                  [36m<div>[39m
                    [0m30[0m
                  [36m</div>[39m
                [36m</div>[39m
              [36m</div>[39m
              [36m<div[39m
                [33mclass[39m=[32m"grid grid-cols-1 md:grid-cols-3 gap-6 mb-6"[39m
              [36m>[39m
                [36m<div[39m
                  [33mdata-testid[39m=[32m"stat-card"[39m
                [36m>[39m
                  [36m<div>[39m
                    [0mCollection Value[0m
                  [36m</div>[39m
                  [36m<div>[39m
                    [0m£1,500.75[0m
                  [36m</div>[39m
                [36m</div>[39m
                [36m<div[39m
                  [33mdata-testid[39m=[32m"stat-card"[39m
                [36m>[39m
                  [36m<div>[39m
                    [0mAverage Price[0m
                  [36m</div>[39m
                  [36m<div>[39m
                    [0m£10.00[0m
                  [36m</div>[39m
                [36m</div>[39m
                [36m<div[39m
                  [33mclass[39m=[32m"bg-[#13131F] rounded-xl border border-[#1C1C28] p-6 hover:shadow-lg transition-shadow"[39m
                [36m>[39m
                  [36m<p[39m
                    [33mclass[39m=[32m"text-sm font-medium text-gray-400 mb-2"[39m
                  [36m>[39m
                    [0mMost Expensive[0m
                  [36m</p>[39m
                  [36m<a[39m
                    [33mhref[39m=[32m"/releases/1"[39m
                  [36m>[39m
                    [0mExpensive Album[0m
                  [36m</a>[39m
                [36m</div>[39m
              [36m</div>[39m
              [36m<div[39m
                [33mclass[39m=[32m"grid grid-cols-1 lg:grid-cols-2 gap-6 mb-6"[39m
              [36m>[39m
                [36m<div[39m
                  [33mdata-testid[39m=[32m"line-chart"[39m
                [36m>[39m
                  [0mReleases by Year[0m
                [36m</div>[39m
                [36m<div[39m
                  [33mdata-testid[39m=[32m"donut-chart"[39m
                [36m>[39m
                  [0mFormats Distribution[0m
                [36m</div>[39m
              [36m</div>[39m
              [36m<div[39m
                [33mclass[39m=[32m"grid grid-cols-1 lg:grid-cols-2 gap-6 mb-6"[39m
              [36m>[39m
                [36m<div[39m
                  [33mdata-testid[39m=[32m"bar-chart"[39m
                [36m>[39m
                  [0mTop Genres[0m
                [36m</div>[39m
                [36m<div[39m
                  [33mdata-testid[39m=[32m"bar-chart"[39m
                [36m>[39m
                  [0mTop Countries[0m
                [36m</div>[39m
              [36m</div>[39m
              [36m<div[39m
                [33mclass[39m=[32m"bg-[#13131F] rounded-xl border border-[#1C1C28] p-6"[39m
              [36m>[39m
                [36m<h3[39m
                  [33mclass[39m=[32m"text-lg font-semibold text-white mb-4"[39m
                [36m>[39m
                  [0mRecently Added[0m
                [36m</h3>[39m
                [36m<div[39m
                  [33mclass[39m=[32m"grid grid-cols-1 md:grid-cols-2 lg:grid-cols-5 gap-4"[39m
                [36m>[39m
                  [36m<a[39m
                    [33mhref[39m=[32m"/releases/1"[39m
                  [36m>[39m
                    [36m<div[39m
                      [33mclass[39m=[32m"aspect-square mb-2 overflow-hidden rounded-xl border border-[#1C1C28]"[39m
                    [36m>[39m
                      [36m<img[39m
                        [33malt[39m=[32m"Recent Album"[39m
                        [33mclass[39m=[32m"w-full h-full object-cover group-hover:scale-105 transition-transform"[39m
                        [33msrc[39m=[32m"/placeholder-album.svg"[39m
                      [36m/>[39m
                    [36m</div>[39m
                    [36m<p[39m
                      [33mclass[39m=[32m"text-sm font-medium text-white line-clamp-1 group-hover:text-[#8B5CF6]"[39m
                    [36m>[39m
                      [0mRecent Album[0m
                    [36m</p>[39m
                  [36m</a>[39m
                [36m</div>[39m
              [36m</div>[39m
            [36m</div>[39m
          [36m</div>[39m
        [36m</div>[39m
      [36m</body>[39m
    [36m</html>[39m

      140 |     await waitFor(() => {
      141 |       expect(container.querySelector('.min-h-screen')).toBeInTheDocument();
    > 142 |       expect(container.querySelector('.bg-gray-50')).toBeInTheDocument();
          |                                                      ^
      143 |     });
      144 |   });
      145 |

      at __EXTERNAL_MATCHER_TRAP__ (node_modules/expect/build/index.js:2240:22)
      at Object.throwingMatcher [as toBeInTheDocument] (node_modules/expect/build/index.js:2241:6)
      at toBeInTheDocument (app/statistics/__tests__/page.test.tsx:142:54)
      at runWithExpensiveErrorDiagnosticsDisabled (node_modules/@testing-library/dom/dist/config.js:47:12)
      at checkCallback (node_modules/@testing-library/dom/dist/wait-for.js:124:77)
      at checkRealTimersCallback (node_modules/@testing-library/dom/dist/wait-for.js:118:16)
      at Timeout.task [as _onTimeout] (node_modules/jsdom/lib/jsdom/browser/Window.js:579:19)

  ● StatisticsPage › shows description in header

    TestingLibraryElementError: Unable to find an element with the text: Analyze your music collection. This could be because the text is broken up by multiple elements. In this case, you can provide a function for your text matcher to make your matcher more flexible.

    Ignored nodes: comments, script, style
    [36m<body>[39m
      [36m<div>[39m
        [36m<div[39m
          [33mclass[39m=[32m"min-h-screen bg-transparent"[39m
        [36m>[39m
          [36m<div[39m
            [33mclass[39m=[32m"max-w-7xl mx-auto px-4 py-6"[39m
          [36m>[39m
            [36m<div[39m
              [33mdata-testid[39m=[32m"loading-spinner"[39m
            [36m>[39m
              [0mLoading...[0m
            [36m</div>[39m
          [36m</div>[39m
        [36m</div>[39m
      [36m</div>[39m
    [36m</body>[39m

      149 |     render(<StatisticsPage />);
      150 |     
    > 151 |     expect(screen.getByText('Analyze your music collection')).toBeInTheDocument();
          |                   ^
      152 |   });
      153 |
      154 |   it('displays error in red box', async () => {

      at Object.getElementError (node_modules/@testing-library/dom/dist/config.js:37:19)
      at node_modules/@testing-library/dom/dist/query-helpers.js:76:38
      at node_modules/@testing-library/dom/dist/query-helpers.js:52:17
      at node_modules/@testing-library/dom/dist/query-helpers.js:95:19
      at Object.getByText (app/statistics/__tests__/page.test.tsx:151:19)

  ● StatisticsPage › displays error in red box

    expect(received).toBeInTheDocument()

    received value must be an HTMLElement or an SVGElement.
    Received has value: null

    Ignored nodes: comments, script, style
    [36m<html>[39m
      [36m<head />[39m
      [36m<body>[39m
        [36m<div>[39m
          [36m<div[39m
            [33mclass[39m=[32m"min-h-screen bg-transparent"[39m
          [36m>[39m
            [36m<div[39m
              [33mclass[39m=[32m"max-w-7xl mx-auto px-4 py-6"[39m
            [36m>[39m
              [36m<div[39m
                [33mclass[39m=[32m"bg-red-500/10 border border-red-500/20 rounded-xl p-4 text-red-400 font-medium"[39m
              [36m>[39m
                [0mFailed to load collection statistics. Please try again.[0m
              [36m</div>[39m
            [36m</div>[39m
          [36m</div>[39m
        [36m</div>[39m
      [36m</body>[39m
    [36m</html>[39m

      159 |     await waitFor(() => {
      160 |       const errorBox = container.querySelector('.bg-red-50');
    > 161 |       expect(errorBox).toBeInTheDocument();
          |                        ^
      162 |     });
      163 |   });
      164 |

      at __EXTERNAL_MATCHER_TRAP__ (node_modules/expect/build/index.js:2240:22)
      at Object.throwingMatcher [as toBeInTheDocument] (node_modules/expect/build/index.js:2241:6)
      at toBeInTheDocument (app/statistics/__tests__/page.test.tsx:161:24)
      at runWithExpensiveErrorDiagnosticsDisabled (node_modules/@testing-library/dom/dist/config.js:47:12)
      at checkCallback (node_modules/@testing-library/dom/dist/wait-for.js:124:77)
      at checkRealTimersCallback (node_modules/@testing-library/dom/dist/wait-for.js:118:16)
      at Timeout.task [as _onTimeout] (node_modules/jsdom/lib/jsdom/browser/Window.js:579:19)

PASS app/components/__tests__/AddReleaseForm.edit.test.tsx
  ● Console

    console.log
      [jest.setup] auth_token = test-token

      at Object.log (jest.setup.ts:90:11)

    console.log
      [jest.setup.beforeEach] auth_token = test-token

      at Object.log (jest.setup.ts:105:12)

    console.log
      [jest.setup.beforeEach] auth_token = test-token

      at Object.log (jest.setup.ts:105:12)

    console.log
      [jest.setup.beforeEach] auth_token = test-token

      at Object.log (jest.setup.ts:105:12)

    console.log
      [jest.setup.beforeEach] auth_token = test-token

      at Object.log (jest.setup.ts:105:12)

    console.log
      [jest.setup.beforeEach] auth_token = test-token

      at Object.log (jest.setup.ts:105:12)

    console.log
      [jest.setup.beforeEach] auth_token = test-token

      at Object.log (jest.setup.ts:105:12)

    console.log
      [jest.setup.beforeEach] auth_token = test-token

      at Object.log (jest.setup.ts:105:12)

    console.log
      [jest.setup.beforeEach] auth_token = test-token

      at Object.log (jest.setup.ts:105:12)

    console.log
      [jest.setup.beforeEach] auth_token = test-token

      at Object.log (jest.setup.ts:105:12)

    console.log
      [jest.setup.beforeEach] auth_token = test-token

      at Object.log (jest.setup.ts:105:12)

    console.log
      [jest.setup.beforeEach] auth_token = test-token

      at Object.log (jest.setup.ts:105:12)

    console.log
      [jest.setup.beforeEach] auth_token = test-token

      at Object.log (jest.setup.ts:105:12)

    console.log
      [jest.setup.beforeEach] auth_token = test-token

      at Object.log (jest.setup.ts:105:12)

    console.log
      [jest.setup.beforeEach] auth_token = test-token

      at Object.log (jest.setup.ts:105:12)

    console.log
      [jest.setup.beforeEach] auth_token = test-token

      at Object.log (jest.setup.ts:105:12)

    console.log
      [jest.setup.beforeEach] auth_token = test-token

      at Object.log (jest.setup.ts:105:12)

    console.log
      [jest.setup.beforeEach] auth_token = test-token

      at Object.log (jest.setup.ts:105:12)

    console.log
      [jest.setup.beforeEach] auth_token = test-token

      at Object.log (jest.setup.ts:105:12)

    console.log
      [jest.setup.beforeEach] auth_token = test-token

      at Object.log (jest.setup.ts:105:12)

PASS app/components/__tests__/DeleteReleaseButton.test.tsx
  ● Console

    console.log
      [jest.setup] auth_token = test-token

      at Object.log (jest.setup.ts:90:11)

    console.log
      [jest.setup.beforeEach] auth_token = test-token

      at Object.log (jest.setup.ts:105:12)

    console.log
      [jest.setup.beforeEach] auth_token = test-token

      at Object.log (jest.setup.ts:105:12)

    console.log
      [jest.setup.beforeEach] auth_token = test-token

      at Object.log (jest.setup.ts:105:12)

    console.log
      [jest.setup.beforeEach] auth_token = test-token

      at Object.log (jest.setup.ts:105:12)

    console.log
      [jest.setup.beforeEach] auth_token = test-token

      at Object.log (jest.setup.ts:105:12)

    console.log
      [jest.setup.beforeEach] auth_token = test-token

      at Object.log (jest.setup.ts:105:12)

    console.log
      [jest.setup.beforeEach] auth_token = test-token

      at Object.log (jest.setup.ts:105:12)

    console.log
      [jest.setup.beforeEach] auth_token = test-token

      at Object.log (jest.setup.ts:105:12)

    console.log
      [jest.setup.beforeEach] auth_token = test-token

      at Object.log (jest.setup.ts:105:12)

    console.log
      [jest.setup.beforeEach] auth_token = test-token

      at Object.log (jest.setup.ts:105:12)

    console.log
      [jest.setup.beforeEach] auth_token = test-token

      at Object.log (jest.setup.ts:105:12)

    console.log
      [jest.setup.beforeEach] auth_token = test-token

      at Object.log (jest.setup.ts:105:12)

    console.log
      [jest.setup.beforeEach] auth_token = test-token

      at Object.log (jest.setup.ts:105:12)

    console.log
      [jest.setup.beforeEach] auth_token = test-token

      at Object.log (jest.setup.ts:105:12)

    console.log
      [jest.setup.beforeEach] auth_token = test-token

      at Object.log (jest.setup.ts:105:12)

    console.log
      [jest.setup.beforeEach] auth_token = test-token

      at Object.log (jest.setup.ts:105:12)

    console.log
      [jest.setup.beforeEach] auth_token = test-token

      at Object.log (jest.setup.ts:105:12)

    console.log
      [jest.setup.beforeEach] auth_token = test-token

      at Object.log (jest.setup.ts:105:12)

    console.log
      [jest.setup.beforeEach] auth_token = test-token

      at Object.log (jest.setup.ts:105:12)

    console.log
      [jest.setup.beforeEach] auth_token = test-token

      at Object.log (jest.setup.ts:105:12)

    console.log
      [jest.setup.beforeEach] auth_token = test-token

      at Object.log (jest.setup.ts:105:12)

    console.log
      [jest.setup.beforeEach] auth_token = test-token

      at Object.log (jest.setup.ts:105:12)

    console.log
      [jest.setup.beforeEach] auth_token = test-token

      at Object.log (jest.setup.ts:105:12)

    console.log
      [jest.setup.beforeEach] auth_token = test-token

      at Object.log (jest.setup.ts:105:12)

PASS app/__tests__/page.test.tsx
  ● Console

    console.log
      [jest.setup] auth_token = test-token

      at Object.log (jest.setup.ts:90:11)

    console.log
      [jest.setup.beforeEach] auth_token = test-token

      at Object.log (jest.setup.ts:105:12)

    console.log
      [jest.setup.beforeEach] auth_token = test-token

      at Object.log (jest.setup.ts:105:12)

    console.log
      [jest.setup.beforeEach] auth_token = test-token

      at Object.log (jest.setup.ts:105:12)

    console.log
      [jest.setup.beforeEach] auth_token = test-token

      at Object.log (jest.setup.ts:105:12)

    console.log
      [jest.setup.beforeEach] auth_token = test-token

      at Object.log (jest.setup.ts:105:12)

    console.error
      Error: API connection failed
          at Object.<anonymous> (/home/andy/Projects/kollector-scum/frontend/app/__tests__/page.test.tsx:133:52)
          at Promise.finally.completed (/home/andy/Projects/kollector-scum/frontend/node_modules/jest-circus/build/jestAdapterInit.js:1557:28)
          at new Promise (<anonymous>)
          at callAsyncCircusFn (/home/andy/Projects/kollector-scum/frontend/node_modules/jest-circus/build/jestAdapterInit.js:1497:10)
          at _callCircusTest (/home/andy/Projects/kollector-scum/frontend/node_modules/jest-circus/build/jestAdapterInit.js:1007:40)
          at runNextTicks (node:internal/process/task_queues:64:5)
          at listOnTimeout (node:internal/timers:567:9)
          at processTimers (node:internal/timers:541:7)
          at _runTest (/home/andy/Projects/kollector-scum/frontend/node_modules/jest-circus/build/jestAdapterInit.js:947:3)
          at /home/andy/Projects/kollector-scum/frontend/node_modules/jest-circus/build/jestAdapterInit.js:849:7
          at _runTestsForDescribeBlock (/home/andy/Projects/kollector-scum/frontend/node_modules/jest-circus/build/jestAdapterInit.js:862:11)
          at _runTestsForDescribeBlock (/home/andy/Projects/kollector-scum/frontend/node_modules/jest-circus/build/jestAdapterInit.js:857:11)
          at run (/home/andy/Projects/kollector-scum/frontend/node_modules/jest-circus/build/jestAdapterInit.js:761:3)
          at runAndTransformResultsToJestFormat (/home/andy/Projects/kollector-scum/frontend/node_modules/jest-circus/build/jestAdapterInit.js:1918:21)
          at jestAdapter (/home/andy/Projects/kollector-scum/frontend/node_modules/jest-circus/build/runner.js:101:19)
          at runTestInternal (/home/andy/Projects/kollector-scum/frontend/node_modules/jest-runner/build/testWorker.js:275:16)
          at runTest (/home/andy/Projects/kollector-scum/frontend/node_modules/jest-runner/build/testWorker.js:343:7)
          at Object.worker (/home/andy/Projects/kollector-scum/frontend/node_modules/jest-runner/build/testWorker.js:497:12)

      127 | 		if (first.includes('Failed to fetch') || first.includes('Error fetching')) return;
      128 | 	}
    > 129 | 	_origConsoleError(...args);
          | 	^
      130 | };
      131 |
      132 | // Provide lightweight default mocks for the app API helpers so components

      at console._origConsoleError [as error] (jest.setup.ts:129:2)
      at error (app/page.tsx:68:17)

    console.log
      [jest.setup.beforeEach] auth_token = test-token

      at Object.log (jest.setup.ts:105:12)

    console.error
      Error: API Error
          at Object.<anonymous> (/home/andy/Projects/kollector-scum/frontend/app/__tests__/page.test.tsx:151:52)
          at Promise.finally.completed (/home/andy/Projects/kollector-scum/frontend/node_modules/jest-circus/build/jestAdapterInit.js:1557:28)
          at new Promise (<anonymous>)
          at callAsyncCircusFn (/home/andy/Projects/kollector-scum/frontend/node_modules/jest-circus/build/jestAdapterInit.js:1497:10)
          at _callCircusTest (/home/andy/Projects/kollector-scum/frontend/node_modules/jest-circus/build/jestAdapterInit.js:1007:40)
          at _runTest (/home/andy/Projects/kollector-scum/frontend/node_modules/jest-circus/build/jestAdapterInit.js:947:3)
          at /home/andy/Projects/kollector-scum/frontend/node_modules/jest-circus/build/jestAdapterInit.js:849:7
          at _runTestsForDescribeBlock (/home/andy/Projects/kollector-scum/frontend/node_modules/jest-circus/build/jestAdapterInit.js:862:11)
          at _runTestsForDescribeBlock (/home/andy/Projects/kollector-scum/frontend/node_modules/jest-circus/build/jestAdapterInit.js:857:11)
          at run (/home/andy/Projects/kollector-scum/frontend/node_modules/jest-circus/build/jestAdapterInit.js:761:3)
          at runAndTransformResultsToJestFormat (/home/andy/Projects/kollector-scum/frontend/node_modules/jest-circus/build/jestAdapterInit.js:1918:21)
          at jestAdapter (/home/andy/Projects/kollector-scum/frontend/node_modules/jest-circus/build/runner.js:101:19)
          at runTestInternal (/home/andy/Projects/kollector-scum/frontend/node_modules/jest-runner/build/testWorker.js:275:16)
          at runTest (/home/andy/Projects/kollector-scum/frontend/node_modules/jest-runner/build/testWorker.js:343:7)
          at Object.worker (/home/andy/Projects/kollector-scum/frontend/node_modules/jest-runner/build/testWorker.js:497:12)

      127 | 		if (first.includes('Failed to fetch') || first.includes('Error fetching')) return;
      128 | 	}
    > 129 | 	_origConsoleError(...args);
          | 	^
      130 | };
      131 |
      132 | // Provide lightweight default mocks for the app API helpers so components

      at console._origConsoleError [as error] (jest.setup.ts:129:2)
      at error (app/page.tsx:68:17)

    console.log
      [jest.setup.beforeEach] auth_token = test-token

      at Object.log (jest.setup.ts:105:12)

    console.error
      Error: Failed to fetch
          at Object.<anonymous> (/home/andy/Projects/kollector-scum/frontend/app/__tests__/page.test.tsx:167:22)
          at Promise.finally.completed (/home/andy/Projects/kollector-scum/frontend/node_modules/jest-circus/build/jestAdapterInit.js:1557:28)
          at new Promise (<anonymous>)
          at callAsyncCircusFn (/home/andy/Projects/kollector-scum/frontend/node_modules/jest-circus/build/jestAdapterInit.js:1497:10)
          at _callCircusTest (/home/andy/Projects/kollector-scum/frontend/node_modules/jest-circus/build/jestAdapterInit.js:1007:40)
          at _runTest (/home/andy/Projects/kollector-scum/frontend/node_modules/jest-circus/build/jestAdapterInit.js:947:3)
          at /home/andy/Projects/kollector-scum/frontend/node_modules/jest-circus/build/jestAdapterInit.js:849:7
          at _runTestsForDescribeBlock (/home/andy/Projects/kollector-scum/frontend/node_modules/jest-circus/build/jestAdapterInit.js:862:11)
          at _runTestsForDescribeBlock (/home/andy/Projects/kollector-scum/frontend/node_modules/jest-circus/build/jestAdapterInit.js:857:11)
          at run (/home/andy/Projects/kollector-scum/frontend/node_modules/jest-circus/build/jestAdapterInit.js:761:3)
          at runAndTransformResultsToJestFormat (/home/andy/Projects/kollector-scum/frontend/node_modules/jest-circus/build/jestAdapterInit.js:1918:21)
          at jestAdapter (/home/andy/Projects/kollector-scum/frontend/node_modules/jest-circus/build/runner.js:101:19)
          at runTestInternal (/home/andy/Projects/kollector-scum/frontend/node_modules/jest-runner/build/testWorker.js:275:16)
          at runTest (/home/andy/Projects/kollector-scum/frontend/node_modules/jest-runner/build/testWorker.js:343:7)
          at Object.worker (/home/andy/Projects/kollector-scum/frontend/node_modules/jest-runner/build/testWorker.js:497:12) {
        url: 'http://localhost:5000/api/health'
      }

      127 | 		if (first.includes('Failed to fetch') || first.includes('Error fetching')) return;
      128 | 	}
    > 129 | 	_origConsoleError(...args);
          | 	^
      130 | };
      131 |
      132 | // Provide lightweight default mocks for the app API helpers so components

      at console._origConsoleError [as error] (jest.setup.ts:129:2)
      at error (app/page.tsx:68:17)

    console.log
      [jest.setup.beforeEach] auth_token = test-token

      at Object.log (jest.setup.ts:105:12)

    console.log
      [jest.setup.beforeEach] auth_token = test-token

      at Object.log (jest.setup.ts:105:12)

    console.log
      [jest.setup.beforeEach] auth_token = test-token

      at Object.log (jest.setup.ts:105:12)

    console.log
      [jest.setup.beforeEach] auth_token = test-token

      at Object.log (jest.setup.ts:105:12)

PASS app/components/__tests__/RecentlyPlayed.test.tsx
  ● Console

    console.log
      [jest.setup] auth_token = test-token

      at Object.log (jest.setup.ts:90:11)

    console.log
      [jest.setup.beforeEach] auth_token = test-token

      at Object.log (jest.setup.ts:105:12)

    console.log
      [jest.setup.beforeEach] auth_token = test-token

      at Object.log (jest.setup.ts:105:12)

    console.log
      [jest.setup.beforeEach] auth_token = test-token

      at Object.log (jest.setup.ts:105:12)

    console.log
      [jest.setup.beforeEach] auth_token = test-token

      at Object.log (jest.setup.ts:105:12)

    console.log
      [jest.setup.beforeEach] auth_token = test-token

      at Object.log (jest.setup.ts:105:12)

    console.log
      [jest.setup.beforeEach] auth_token = test-token

      at Object.log (jest.setup.ts:105:12)

    console.log
      [jest.setup.beforeEach] auth_token = test-token

      at Object.log (jest.setup.ts:105:12)

    console.log
      [jest.setup.beforeEach] auth_token = test-token

      at Object.log (jest.setup.ts:105:12)

    console.log
      [jest.setup.beforeEach] auth_token = test-token

      at Object.log (jest.setup.ts:105:12)

    console.log
      [jest.setup.beforeEach] auth_token = test-token

      at Object.log (jest.setup.ts:105:12)

    console.log
      [jest.setup.beforeEach] auth_token = test-token

      at Object.log (jest.setup.ts:105:12)

    console.log
      [jest.setup.beforeEach] auth_token = test-token

      at Object.log (jest.setup.ts:105:12)

    console.log
      [jest.setup.beforeEach] auth_token = test-token

      at Object.log (jest.setup.ts:105:12)

    console.log
      [jest.setup.beforeEach] auth_token = test-token

      at Object.log (jest.setup.ts:105:12)

    console.log
      [jest.setup.beforeEach] auth_token = test-token

      at Object.log (jest.setup.ts:105:12)

PASS app/components/__tests__/AddReleaseForm.test.tsx
  ● Console

    console.log
      [jest.setup] auth_token = test-token

      at Object.log (jest.setup.ts:90:11)

    console.log
      [jest.setup.beforeEach] auth_token = test-token

      at Object.log (jest.setup.ts:105:12)

    console.log
      [jest.setup.beforeEach] auth_token = test-token

      at Object.log (jest.setup.ts:105:12)

    console.log
      [jest.setup.beforeEach] auth_token = test-token

      at Object.log (jest.setup.ts:105:12)

    console.log
      [jest.setup.beforeEach] auth_token = test-token

      at Object.log (jest.setup.ts:105:12)

    console.error
      Error loading lookup data: Error: Network error
          at Object.<anonymous> (/home/andy/Projects/kollector-scum/frontend/app/components/__tests__/AddReleaseForm.test.tsx:147:39)
          at Promise.finally.completed (/home/andy/Projects/kollector-scum/frontend/node_modules/jest-circus/build/jestAdapterInit.js:1557:28)
          at new Promise (<anonymous>)
          at callAsyncCircusFn (/home/andy/Projects/kollector-scum/frontend/node_modules/jest-circus/build/jestAdapterInit.js:1497:10)
          at _callCircusTest (/home/andy/Projects/kollector-scum/frontend/node_modules/jest-circus/build/jestAdapterInit.js:1007:40)
          at _runTest (/home/andy/Projects/kollector-scum/frontend/node_modules/jest-circus/build/jestAdapterInit.js:947:3)
          at /home/andy/Projects/kollector-scum/frontend/node_modules/jest-circus/build/jestAdapterInit.js:849:7
          at _runTestsForDescribeBlock (/home/andy/Projects/kollector-scum/frontend/node_modules/jest-circus/build/jestAdapterInit.js:862:11)
          at _runTestsForDescribeBlock (/home/andy/Projects/kollector-scum/frontend/node_modules/jest-circus/build/jestAdapterInit.js:857:11)
          at _runTestsForDescribeBlock (/home/andy/Projects/kollector-scum/frontend/node_modules/jest-circus/build/jestAdapterInit.js:857:11)
          at run (/home/andy/Projects/kollector-scum/frontend/node_modules/jest-circus/build/jestAdapterInit.js:761:3)
          at runAndTransformResultsToJestFormat (/home/andy/Projects/kollector-scum/frontend/node_modules/jest-circus/build/jestAdapterInit.js:1918:21)
          at jestAdapter (/home/andy/Projects/kollector-scum/frontend/node_modules/jest-circus/build/runner.js:101:19)
          at runTestInternal (/home/andy/Projects/kollector-scum/frontend/node_modules/jest-runner/build/testWorker.js:275:16)
          at runTest (/home/andy/Projects/kollector-scum/frontend/node_modules/jest-runner/build/testWorker.js:343:7)
          at Object.worker (/home/andy/Projects/kollector-scum/frontend/node_modules/jest-runner/build/testWorker.js:497:12)

      127 | 		if (first.includes('Failed to fetch') || first.includes('Error fetching')) return;
      128 | 	}
    > 129 | 	_origConsoleError(...args);
          | 	^
      130 | };
      131 |
      132 | // Provide lightweight default mocks for the app API helpers so components

      at console._origConsoleError [as error] (jest.setup.ts:129:2)
      at error (app/components/AddReleaseForm.tsx:221:15)

    console.log
      [jest.setup.beforeEach] auth_token = test-token

      at Object.log (jest.setup.ts:105:12)

    console.log
      [jest.setup.beforeEach] auth_token = test-token

      at Object.log (jest.setup.ts:105:12)

    console.log
      [jest.setup.beforeEach] auth_token = test-token

      at Object.log (jest.setup.ts:105:12)

    console.log
      [jest.setup.beforeEach] auth_token = test-token

      at Object.log (jest.setup.ts:105:12)

    console.log
      [jest.setup.beforeEach] auth_token = test-token

      at Object.log (jest.setup.ts:105:12)

    console.log
      [jest.setup.beforeEach] auth_token = test-token

      at Object.log (jest.setup.ts:105:12)

    console.log
      [jest.setup.beforeEach] auth_token = test-token

      at Object.log (jest.setup.ts:105:12)

    console.log
      [jest.setup.beforeEach] auth_token = test-token

      at Object.log (jest.setup.ts:105:12)

    console.log
      [jest.setup.beforeEach] auth_token = test-token

      at Object.log (jest.setup.ts:105:12)

    console.log
      [jest.setup.beforeEach] auth_token = test-token

      at Object.log (jest.setup.ts:105:12)

    console.error
      Error creating release: Error: Server error
          at /home/andy/Projects/kollector-scum/frontend/app/components/__tests__/AddReleaseForm.test.tsx:354:33
          at /home/andy/Projects/kollector-scum/frontend/node_modules/jest-mock/build/index.js:305:39
          at /home/andy/Projects/kollector-scum/frontend/node_modules/jest-mock/build/index.js:312:13
          at mockConstructor (/home/andy/Projects/kollector-scum/frontend/node_modules/jest-mock/build/index.js:102:19)
          at handleSubmit (/home/andy/Projects/kollector-scum/frontend/app/components/AddReleaseForm.tsx:379:35)
          at executeDispatch (/home/andy/Projects/kollector-scum/frontend/node_modules/react-dom/cjs/react-dom-client.development.js:16368:9)
          at runWithFiberInDEV (/home/andy/Projects/kollector-scum/frontend/node_modules/react-dom/cjs/react-dom-client.development.js:1522:13)
          at processDispatchQueue (/home/andy/Projects/kollector-scum/frontend/node_modules/react-dom/cjs/react-dom-client.development.js:16418:19)
          at /home/andy/Projects/kollector-scum/frontend/node_modules/react-dom/cjs/react-dom-client.development.js:17016:9
          at batchedUpdates$1 (/home/andy/Projects/kollector-scum/frontend/node_modules/react-dom/cjs/react-dom-client.development.js:3262:40)
          at dispatchEventForPluginEventSystem (/home/andy/Projects/kollector-scum/frontend/node_modules/react-dom/cjs/react-dom-client.development.js:16572:7)
          at dispatchEvent (/home/andy/Projects/kollector-scum/frontend/node_modules/react-dom/cjs/react-dom-client.development.js:20658:11)
          at dispatchDiscreteEvent (/home/andy/Projects/kollector-scum/frontend/node_modules/react-dom/cjs/react-dom-client.development.js:20626:11)
          at HTMLDivElement.callTheUserObjectsOperation (/home/andy/Projects/kollector-scum/frontend/node_modules/jsdom/lib/jsdom/living/generated/EventListener.js:26:30)
          at innerInvokeEventListeners (/home/andy/Projects/kollector-scum/frontend/node_modules/jsdom/lib/jsdom/living/events/EventTarget-impl.js:350:25)
          at invokeEventListeners (/home/andy/Projects/kollector-scum/frontend/node_modules/jsdom/lib/jsdom/living/events/EventTarget-impl.js:286:3)
          at HTMLFormElementImpl._dispatch (/home/andy/Projects/kollector-scum/frontend/node_modules/jsdom/lib/jsdom/living/events/EventTarget-impl.js:233:9)
          at fireAnEvent (/home/andy/Projects/kollector-scum/frontend/node_modules/jsdom/lib/jsdom/living/helpers/events.js:18:36)
          at HTMLFormElementImpl.requestSubmit (/home/andy/Projects/kollector-scum/frontend/node_modules/jsdom/lib/jsdom/living/nodes/HTMLFormElement-impl.js:126:10)
          at HTMLFormElementImpl._doRequestSubmit (/home/andy/Projects/kollector-scum/frontend/node_modules/jsdom/lib/jsdom/living/nodes/HTMLFormElement-impl.js:100:10)
          at HTMLButtonElementImpl._activationBehavior (/home/andy/Projects/kollector-scum/frontend/node_modules/jsdom/lib/jsdom/living/nodes/HTMLButtonElement-impl.js:23:14)
          at HTMLButtonElementImpl._dispatch (/home/andy/Projects/kollector-scum/frontend/node_modules/jsdom/lib/jsdom/living/events/EventTarget-impl.js:252:26)
          at HTMLButtonElementImpl.dispatchEvent (/home/andy/Projects/kollector-scum/frontend/node_modules/jsdom/lib/jsdom/living/events/EventTarget-impl.js:104:17)
          at HTMLButtonElement.dispatchEvent (/home/andy/Projects/kollector-scum/frontend/node_modules/jsdom/lib/jsdom/living/generated/EventTarget.js:241:34)
          at /home/andy/Projects/kollector-scum/frontend/node_modules/@testing-library/user-event/dist/cjs/event/dispatchEvent.js:45:43
          at /home/andy/Projects/kollector-scum/frontend/node_modules/@testing-library/react/dist/pure.js:107:16
          at /home/andy/Projects/kollector-scum/frontend/node_modules/@testing-library/react/dist/act-compat.js:47:24
          at process.env.NODE_ENV.exports.act (/home/andy/Projects/kollector-scum/frontend/node_modules/react/cjs/react.development.js:789:22)
          at /home/andy/Projects/kollector-scum/frontend/node_modules/@testing-library/react/dist/act-compat.js:46:25
          at Object.eventWrapper (/home/andy/Projects/kollector-scum/frontend/node_modules/@testing-library/react/dist/pure.js:106:28)
          at Object.wrapEvent (/home/andy/Projects/kollector-scum/frontend/node_modules/@testing-library/user-event/dist/cjs/event/wrapEvent.js:6:28)
          at Object.dispatchEvent (/home/andy/Projects/kollector-scum/frontend/node_modules/@testing-library/user-event/dist/cjs/event/dispatchEvent.js:45:22)
          at Object.dispatchUIEvent (/home/andy/Projects/kollector-scum/frontend/node_modules/@testing-library/user-event/dist/cjs/event/dispatchEvent.js:22:26)
          at Mouse.up (/home/andy/Projects/kollector-scum/frontend/node_modules/@testing-library/user-event/dist/cjs/system/pointer/mouse.js:100:30)
          at PointerHost.release (/home/andy/Projects/kollector-scum/frontend/node_modules/@testing-library/user-event/dist/cjs/system/pointer/index.js:87:24)
          at pointerAction (/home/andy/Projects/kollector-scum/frontend/node_modules/@testing-library/user-event/dist/cjs/pointer/index.js:54:47)
          at Object.pointer (/home/andy/Projects/kollector-scum/frontend/node_modules/@testing-library/user-event/dist/cjs/pointer/index.js:27:9)
          at Object.asyncWrapper (/home/andy/Projects/kollector-scum/frontend/node_modules/@testing-library/react/dist/pure.js:87:22)
          at Object.<anonymous> (/home/andy/Projects/kollector-scum/frontend/app/components/__tests__/AddReleaseForm.test.tsx:381:7)

      127 | 		if (first.includes('Failed to fetch') || first.includes('Error fetching')) return;
      128 | 	}
    > 129 | 	_origConsoleError(...args);
          | 	^
      130 | };
      131 |
      132 | // Provide lightweight default mocks for the app API helpers so components

      at console._origConsoleError [as error] (jest.setup.ts:129:2)
      at error (app/components/AddReleaseForm.tsx:411:15)

    console.log
      [jest.setup.beforeEach] auth_token = test-token

      at Object.log (jest.setup.ts:105:12)

    console.log
      [jest.setup.beforeEach] auth_token = test-token

      at Object.log (jest.setup.ts:105:12)

    console.log
      [jest.setup.beforeEach] auth_token = test-token

      at Object.log (jest.setup.ts:105:12)

    console.log
      [jest.setup.beforeEach] auth_token = test-token

      at Object.log (jest.setup.ts:105:12)

    console.log
      [jest.setup.beforeEach] auth_token = test-token

      at Object.log (jest.setup.ts:105:12)

    console.log
      [jest.setup.beforeEach] auth_token = test-token

      at Object.log (jest.setup.ts:105:12)

    console.log
      [jest.setup.beforeEach] auth_token = test-token

      at Object.log (jest.setup.ts:105:12)

    console.log
      [jest.setup.beforeEach] auth_token = test-token

      at Object.log (jest.setup.ts:105:12)

    console.log
      [jest.setup.beforeEach] auth_token = test-token

      at Object.log (jest.setup.ts:105:12)

    console.log
      [jest.setup.beforeEach] auth_token = test-token

      at Object.log (jest.setup.ts:105:12)

    console.log
      [jest.setup.beforeEach] auth_token = test-token

      at Object.log (jest.setup.ts:105:12)

    console.log
      [jest.setup.beforeEach] auth_token = test-token

      at Object.log (jest.setup.ts:105:12)

PASS app/components/__tests__/ThemeSwitcher.test.tsx
  ● Console

    console.log
      [jest.setup] auth_token = test-token

      at Object.log (jest.setup.ts:90:11)

    console.log
      [jest.setup.beforeEach] auth_token = test-token

      at Object.log (jest.setup.ts:105:12)

    console.log
      [jest.setup.beforeEach] auth_token = test-token

      at Object.log (jest.setup.ts:105:12)

    console.log
      [jest.setup.beforeEach] auth_token = test-token

      at Object.log (jest.setup.ts:105:12)

    console.log
      [jest.setup.beforeEach] auth_token = test-token

      at Object.log (jest.setup.ts:105:12)

    console.log
      [jest.setup.beforeEach] auth_token = test-token

      at Object.log (jest.setup.ts:105:12)

    console.log
      [jest.setup.beforeEach] auth_token = test-token

      at Object.log (jest.setup.ts:105:12)

    console.log
      [jest.setup.beforeEach] auth_token = test-token

      at Object.log (jest.setup.ts:105:12)

PASS app/releases/[id]/__tests__/page.test.tsx
  ● Console

    console.log
      [jest.setup] auth_token = test-token

      at Object.log (jest.setup.ts:90:11)

    console.log
      [jest.setup.beforeEach] auth_token = test-token

      at Object.log (jest.setup.ts:105:12)

    console.log
      [jest.setup.beforeEach] auth_token = test-token

      at Object.log (jest.setup.ts:105:12)

    console.log
      [jest.setup.beforeEach] auth_token = test-token

      at Object.log (jest.setup.ts:105:12)

    console.log
      [jest.setup.beforeEach] auth_token = test-token

      at Object.log (jest.setup.ts:105:12)

    console.log
      [jest.setup.beforeEach] auth_token = test-token

      at Object.log (jest.setup.ts:105:12)

    console.log
      [jest.setup.beforeEach] auth_token = test-token

      at Object.log (jest.setup.ts:105:12)

    console.log
      [jest.setup.beforeEach] auth_token = test-token

      at Object.log (jest.setup.ts:105:12)

    console.log
      [jest.setup.beforeEach] auth_token = test-token

      at Object.log (jest.setup.ts:105:12)

    console.log
      [jest.setup.beforeEach] auth_token = test-token

      at Object.log (jest.setup.ts:105:12)

    console.log
      [jest.setup.beforeEach] auth_token = test-token

      at Object.log (jest.setup.ts:105:12)

    console.log
      [jest.setup.beforeEach] auth_token = test-token

      at Object.log (jest.setup.ts:105:12)

PASS app/components/__tests__/LookupComponents.test.tsx
  ● Console

    console.log
      [jest.setup] auth_token = test-token

      at Object.log (jest.setup.ts:90:11)

    console.log
      [jest.setup.beforeEach] auth_token = test-token

      at Object.log (jest.setup.ts:105:12)

    console.log
      Fetched artists page 1: {
        items: [
          { id: 1, name: 'Metallica', country: 'USA' },
          { id: 2, name: 'Iron Maiden', country: 'UK' }
        ]
      }

      at log (app/components/LookupComponents.tsx:232:17)

    console.log
      Loaded 2 total artists, first: Metallica, last: Iron Maiden

      at log (app/components/LookupComponents.tsx:250:15)

    console.log
      [jest.setup.beforeEach] auth_token = test-token

      at Object.log (jest.setup.ts:105:12)

    console.log
      [jest.setup.beforeEach] auth_token = test-token

      at Object.log (jest.setup.ts:105:12)

    console.log
      [jest.setup.beforeEach] auth_token = test-token

      at Object.log (jest.setup.ts:105:12)

    console.log
      [jest.setup.beforeEach] auth_token = test-token

      at Object.log (jest.setup.ts:105:12)

    console.log
      Fetched genres page 1: {
        items: [
          { id: 1, name: 'Metallica', country: 'USA' },
          { id: 2, name: 'Iron Maiden', country: 'UK' }
        ]
      }

      at log (app/components/LookupComponents.tsx:232:17)

    console.log
      Loaded 2 total genres, first: Metallica, last: Iron Maiden

      at log (app/components/LookupComponents.tsx:250:15)

    console.log
      [jest.setup.beforeEach] auth_token = test-token

      at Object.log (jest.setup.ts:105:12)

    console.log
      [jest.setup.beforeEach] auth_token = test-token

      at Object.log (jest.setup.ts:105:12)

    console.log
      Fetched labels page 1: {
        items: [
          { id: 1, name: 'Metallica', country: 'USA' },
          { id: 2, name: 'Iron Maiden', country: 'UK' }
        ]
      }

      at log (app/components/LookupComponents.tsx:232:17)

    console.log
      Loaded 2 total labels, first: Metallica, last: Iron Maiden

      at log (app/components/LookupComponents.tsx:250:15)

    console.log
      [jest.setup.beforeEach] auth_token = test-token

      at Object.log (jest.setup.ts:105:12)

    console.log
      [jest.setup.beforeEach] auth_token = test-token

      at Object.log (jest.setup.ts:105:12)

    console.log
      Fetched countries page 1: { items: [] }

      at log (app/components/LookupComponents.tsx:232:17)

    console.log
      Loaded 0 total countries, first: undefined, last: undefined

      at log (app/components/LookupComponents.tsx:250:15)

    console.log
      [jest.setup.beforeEach] auth_token = test-token

      at Object.log (jest.setup.ts:105:12)

    console.log
      [jest.setup.beforeEach] auth_token = test-token

      at Object.log (jest.setup.ts:105:12)

    console.log
      Fetched formats page 1: {
        items: [
          { id: 1, name: 'Heavy Metal', description: 'Heavy metal music' },
          { id: 2, name: 'Thrash Metal', description: 'Thrash metal music' }
        ]
      }

      at log (app/components/LookupComponents.tsx:232:17)

    console.log
      Loaded 2 total formats, first: Heavy Metal, last: Thrash Metal

      at log (app/components/LookupComponents.tsx:250:15)

    console.log
      [jest.setup.beforeEach] auth_token = test-token

      at Object.log (jest.setup.ts:105:12)

    console.log
      [jest.setup.beforeEach] auth_token = test-token

      at Object.log (jest.setup.ts:105:12)

    console.log
      [jest.setup.beforeEach] auth_token = test-token

      at Object.log (jest.setup.ts:105:12)

    console.log
      [jest.setup.beforeEach] auth_token = test-token

      at Object.log (jest.setup.ts:105:12)

PASS app/components/__tests__/SearchAndFilter.test.tsx
  ● Console

    console.log
      [jest.setup] auth_token = test-token

      at Object.log (jest.setup.ts:90:11)

    console.log
      [jest.setup.beforeEach] auth_token = test-token

      at Object.log (jest.setup.ts:105:12)

    console.log
      SearchAndFilter initialFilters changed: {}

      at log (app/components/SearchAndFilter.tsx:50:13)

    console.log
      [jest.setup.beforeEach] auth_token = test-token

      at Object.log (jest.setup.ts:105:12)

    console.log
      SearchAndFilter initialFilters changed: {}

      at log (app/components/SearchAndFilter.tsx:50:13)

    console.log
      SearchAndFilter updateFilters called: {
        old: {},
        new: { search: 'test search' },
        result: { search: 'test search' }
      }

      at log (app/components/SearchAndFilter.tsx:131:13)

    console.log
      [jest.setup.beforeEach] auth_token = test-token

      at Object.log (jest.setup.ts:105:12)

    console.log
      SearchAndFilter initialFilters changed: {}

      at log (app/components/SearchAndFilter.tsx:50:13)

    console.log
      [jest.setup.beforeEach] auth_token = test-token

      at Object.log (jest.setup.ts:105:12)

    console.log
      SearchAndFilter initialFilters changed: { search: 'metal' }

      at log (app/components/SearchAndFilter.tsx:50:13)

    console.log
      [jest.setup.beforeEach] auth_token = test-token

      at Object.log (jest.setup.ts:105:12)

    console.log
      SearchAndFilter initialFilters changed: {}

      at log (app/components/SearchAndFilter.tsx:50:13)

    console.log
      SearchAndFilter updateFilters called: { old: {}, new: { search: 'test' }, result: { search: 'test' } }

      at log (app/components/SearchAndFilter.tsx:131:13)

    console.log
      SearchAndFilter initialization complete

      at log (app/components/SearchAndFilter.tsx:65:15)

    console.log
      [jest.setup.beforeEach] auth_token = test-token

      at Object.log (jest.setup.ts:105:12)

    console.log
      SearchAndFilter initialFilters changed: {}

      at log (app/components/SearchAndFilter.tsx:50:13)

    console.log
      SearchAndFilter updateFilters called: { old: {}, new: { yearFrom: 1980 }, result: { yearFrom: 1980 } }

      at log (app/components/SearchAndFilter.tsx:131:13)

    console.log
      [jest.setup.beforeEach] auth_token = test-token

      at Object.log (jest.setup.ts:105:12)

    console.log
      SearchAndFilter initialFilters changed: {}

      at log (app/components/SearchAndFilter.tsx:50:13)

    console.log
      SearchAndFilter updateFilters called: { old: {}, new: { live: true }, result: { live: true } }

      at log (app/components/SearchAndFilter.tsx:131:13)

    console.log
      [jest.setup.beforeEach] auth_token = test-token

      at Object.log (jest.setup.ts:105:12)

    console.log
      SearchAndFilter initialFilters changed: { search: 'test' }

      at log (app/components/SearchAndFilter.tsx:50:13)

    console.log
      [jest.setup.beforeEach] auth_token = test-token

      at Object.log (jest.setup.ts:105:12)

    console.log
      SearchAndFilter initialFilters changed: {}

      at log (app/components/SearchAndFilter.tsx:50:13)

    console.log
      SearchAndFilter updateFilters called: { old: {}, new: { search: 'a' }, result: { search: 'a' } }

      at log (app/components/SearchAndFilter.tsx:131:13)

PASS app/components/__tests__/Header.responsive.test.tsx
  ● Console

    console.log
      [jest.setup] auth_token = test-token

      at Object.log (jest.setup.ts:90:11)

    console.log
      [jest.setup.beforeEach] auth_token = test-token

      at Object.log (jest.setup.ts:105:12)

    console.log
      [Header] Loading kollections...

      at log (app/components/Header.tsx:39:17)

    console.error
      [Header] Failed to load kollections: TypeError: (0 , _api.getKollections) is not a function
          at loadKollections (/home/andy/Projects/kollector-scum/frontend/app/components/Header.tsx:40:46)
          at loadKollections (/home/andy/Projects/kollector-scum/frontend/app/components/Header.tsx:56:5)
          at Object.react-stack-bottom-frame (/home/andy/Projects/kollector-scum/frontend/node_modules/react-dom/cjs/react-dom-client.development.js:23949:20)
          at runWithFiberInDEV (/home/andy/Projects/kollector-scum/frontend/node_modules/react-dom/cjs/react-dom-client.development.js:1522:13)
          at commitHookEffectListMount (/home/andy/Projects/kollector-scum/frontend/node_modules/react-dom/cjs/react-dom-client.development.js:11905:29)
          at commitHookPassiveMountEffects (/home/andy/Projects/kollector-scum/frontend/node_modules/react-dom/cjs/react-dom-client.development.js:12028:11)
          at commitPassiveMountOnFiber (/home/andy/Projects/kollector-scum/frontend/node_modules/react-dom/cjs/react-dom-client.development.js:13841:13)
          at recursivelyTraversePassiveMountEffects (/home/andy/Projects/kollector-scum/frontend/node_modules/react-dom/cjs/react-dom-client.development.js:13815:11)
          at commitPassiveMountOnFiber (/home/andy/Projects/kollector-scum/frontend/node_modules/react-dom/cjs/react-dom-client.development.js:13853:11)
          at flushPassiveEffects (/home/andy/Projects/kollector-scum/frontend/node_modules/react-dom/cjs/react-dom-client.development.js:15737:9)
          at /home/andy/Projects/kollector-scum/frontend/node_modules/react-dom/cjs/react-dom-client.development.js:15379:15
          at flushActQueue (/home/andy/Projects/kollector-scum/frontend/node_modules/react/cjs/react.development.js:566:34)
          at process.env.NODE_ENV.exports.act (/home/andy/Projects/kollector-scum/frontend/node_modules/react/cjs/react.development.js:859:10)
          at /home/andy/Projects/kollector-scum/frontend/node_modules/@testing-library/react/dist/act-compat.js:46:25
          at renderRoot (/home/andy/Projects/kollector-scum/frontend/node_modules/@testing-library/react/dist/pure.js:189:26)
          at render (/home/andy/Projects/kollector-scum/frontend/node_modules/@testing-library/react/dist/pure.js:291:10)
          at Object.<anonymous> (/home/andy/Projects/kollector-scum/frontend/app/components/__tests__/Header.responsive.test.tsx:43:33)
          at Promise.finally.completed (/home/andy/Projects/kollector-scum/frontend/node_modules/jest-circus/build/jestAdapterInit.js:1557:28)
          at new Promise (<anonymous>)
          at callAsyncCircusFn (/home/andy/Projects/kollector-scum/frontend/node_modules/jest-circus/build/jestAdapterInit.js:1497:10)
          at _callCircusTest (/home/andy/Projects/kollector-scum/frontend/node_modules/jest-circus/build/jestAdapterInit.js:1007:40)
          at processTicksAndRejections (node:internal/process/task_queues:103:5)
          at _runTest (/home/andy/Projects/kollector-scum/frontend/node_modules/jest-circus/build/jestAdapterInit.js:947:3)
          at /home/andy/Projects/kollector-scum/frontend/node_modules/jest-circus/build/jestAdapterInit.js:849:7
          at _runTestsForDescribeBlock (/home/andy/Projects/kollector-scum/frontend/node_modules/jest-circus/build/jestAdapterInit.js:862:11)
          at _runTestsForDescribeBlock (/home/andy/Projects/kollector-scum/frontend/node_modules/jest-circus/build/jestAdapterInit.js:857:11)
          at run (/home/andy/Projects/kollector-scum/frontend/node_modules/jest-circus/build/jestAdapterInit.js:761:3)
          at runAndTransformResultsToJestFormat (/home/andy/Projects/kollector-scum/frontend/node_modules/jest-circus/build/jestAdapterInit.js:1918:21)
          at jestAdapter (/home/andy/Projects/kollector-scum/frontend/node_modules/jest-circus/build/runner.js:101:19)
          at runTestInternal (/home/andy/Projects/kollector-scum/frontend/node_modules/jest-runner/build/testWorker.js:275:16)
          at runTest (/home/andy/Projects/kollector-scum/frontend/node_modules/jest-runner/build/testWorker.js:343:7)
          at Object.worker (/home/andy/Projects/kollector-scum/frontend/node_modules/jest-runner/build/testWorker.js:497:12)

      127 | 		if (first.includes('Failed to fetch') || first.includes('Error fetching')) return;
      128 | 	}
    > 129 | 	_origConsoleError(...args);
          | 	^
      130 | };
      131 |
      132 | // Provide lightweight default mocks for the app API helpers so components

      at console._origConsoleError [as error] (jest.setup.ts:129:2)
      at error (app/components/Header.tsx:50:17)
      at loadKollections (app/components/Header.tsx:56:5)
      at Object.react-stack-bottom-frame (node_modules/react-dom/cjs/react-dom-client.development.js:23949:20)
      at runWithFiberInDEV (node_modules/react-dom/cjs/react-dom-client.development.js:1522:13)
      at commitHookEffectListMount (node_modules/react-dom/cjs/react-dom-client.development.js:11905:29)
      at commitHookPassiveMountEffects (node_modules/react-dom/cjs/react-dom-client.development.js:12028:11)
      at commitPassiveMountOnFiber (node_modules/react-dom/cjs/react-dom-client.development.js:13841:13)
      at recursivelyTraversePassiveMountEffects (node_modules/react-dom/cjs/react-dom-client.development.js:13815:11)
      at commitPassiveMountOnFiber (node_modules/react-dom/cjs/react-dom-client.development.js:13853:11)
      at flushPassiveEffects (node_modules/react-dom/cjs/react-dom-client.development.js:15737:9)
      at node_modules/react-dom/cjs/react-dom-client.development.js:15379:15
      at flushActQueue (node_modules/react/cjs/react.development.js:566:34)
      at process.env.NODE_ENV.exports.act (node_modules/react/cjs/react.development.js:859:10)
      at node_modules/@testing-library/react/dist/act-compat.js:46:25
      at renderRoot (node_modules/@testing-library/react/dist/pure.js:189:26)
      at render (node_modules/@testing-library/react/dist/pure.js:291:10)
      at Object.<anonymous> (app/components/__tests__/Header.responsive.test.tsx:43:33)

    console.log
      [jest.setup.beforeEach] auth_token = test-token

      at Object.log (jest.setup.ts:105:12)

    console.log
      [Header] Loading kollections...

      at log (app/components/Header.tsx:39:17)

    console.error
      [Header] Failed to load kollections: TypeError: (0 , _api.getKollections) is not a function
          at loadKollections (/home/andy/Projects/kollector-scum/frontend/app/components/Header.tsx:40:46)
          at loadKollections (/home/andy/Projects/kollector-scum/frontend/app/components/Header.tsx:56:5)
          at Object.react-stack-bottom-frame (/home/andy/Projects/kollector-scum/frontend/node_modules/react-dom/cjs/react-dom-client.development.js:23949:20)
          at runWithFiberInDEV (/home/andy/Projects/kollector-scum/frontend/node_modules/react-dom/cjs/react-dom-client.development.js:1522:13)
          at commitHookEffectListMount (/home/andy/Projects/kollector-scum/frontend/node_modules/react-dom/cjs/react-dom-client.development.js:11905:29)
          at commitHookPassiveMountEffects (/home/andy/Projects/kollector-scum/frontend/node_modules/react-dom/cjs/react-dom-client.development.js:12028:11)
          at commitPassiveMountOnFiber (/home/andy/Projects/kollector-scum/frontend/node_modules/react-dom/cjs/react-dom-client.development.js:13841:13)
          at recursivelyTraversePassiveMountEffects (/home/andy/Projects/kollector-scum/frontend/node_modules/react-dom/cjs/react-dom-client.development.js:13815:11)
          at commitPassiveMountOnFiber (/home/andy/Projects/kollector-scum/frontend/node_modules/react-dom/cjs/react-dom-client.development.js:13853:11)
          at flushPassiveEffects (/home/andy/Projects/kollector-scum/frontend/node_modules/react-dom/cjs/react-dom-client.development.js:15737:9)
          at /home/andy/Projects/kollector-scum/frontend/node_modules/react-dom/cjs/react-dom-client.development.js:15379:15
          at flushActQueue (/home/andy/Projects/kollector-scum/frontend/node_modules/react/cjs/react.development.js:566:34)
          at process.env.NODE_ENV.exports.act (/home/andy/Projects/kollector-scum/frontend/node_modules/react/cjs/react.development.js:859:10)
          at /home/andy/Projects/kollector-scum/frontend/node_modules/@testing-library/react/dist/act-compat.js:46:25
          at renderRoot (/home/andy/Projects/kollector-scum/frontend/node_modules/@testing-library/react/dist/pure.js:189:26)
          at render (/home/andy/Projects/kollector-scum/frontend/node_modules/@testing-library/react/dist/pure.js:291:10)
          at Object.<anonymous> (/home/andy/Projects/kollector-scum/frontend/app/components/__tests__/Header.responsive.test.tsx:78:11)
          at Promise.finally.completed (/home/andy/Projects/kollector-scum/frontend/node_modules/jest-circus/build/jestAdapterInit.js:1557:28)
          at new Promise (<anonymous>)
          at callAsyncCircusFn (/home/andy/Projects/kollector-scum/frontend/node_modules/jest-circus/build/jestAdapterInit.js:1497:10)
          at _callCircusTest (/home/andy/Projects/kollector-scum/frontend/node_modules/jest-circus/build/jestAdapterInit.js:1007:40)
          at runNextTicks (node:internal/process/task_queues:64:5)
          at listOnTimeout (node:internal/timers:567:9)
          at processTimers (node:internal/timers:541:7)
          at _runTest (/home/andy/Projects/kollector-scum/frontend/node_modules/jest-circus/build/jestAdapterInit.js:947:3)
          at /home/andy/Projects/kollector-scum/frontend/node_modules/jest-circus/build/jestAdapterInit.js:849:7
          at _runTestsForDescribeBlock (/home/andy/Projects/kollector-scum/frontend/node_modules/jest-circus/build/jestAdapterInit.js:862:11)
          at _runTestsForDescribeBlock (/home/andy/Projects/kollector-scum/frontend/node_modules/jest-circus/build/jestAdapterInit.js:857:11)
          at run (/home/andy/Projects/kollector-scum/frontend/node_modules/jest-circus/build/jestAdapterInit.js:761:3)
          at runAndTransformResultsToJestFormat (/home/andy/Projects/kollector-scum/frontend/node_modules/jest-circus/build/jestAdapterInit.js:1918:21)
          at jestAdapter (/home/andy/Projects/kollector-scum/frontend/node_modules/jest-circus/build/runner.js:101:19)
          at runTestInternal (/home/andy/Projects/kollector-scum/frontend/node_modules/jest-runner/build/testWorker.js:275:16)
          at runTest (/home/andy/Projects/kollector-scum/frontend/node_modules/jest-runner/build/testWorker.js:343:7)
          at Object.worker (/home/andy/Projects/kollector-scum/frontend/node_modules/jest-runner/build/testWorker.js:497:12)

      127 | 		if (first.includes('Failed to fetch') || first.includes('Error fetching')) return;
      128 | 	}
    > 129 | 	_origConsoleError(...args);
          | 	^
      130 | };
      131 |
      132 | // Provide lightweight default mocks for the app API helpers so components

      at console._origConsoleError [as error] (jest.setup.ts:129:2)
      at error (app/components/Header.tsx:50:17)
      at loadKollections (app/components/Header.tsx:56:5)
      at Object.react-stack-bottom-frame (node_modules/react-dom/cjs/react-dom-client.development.js:23949:20)
      at runWithFiberInDEV (node_modules/react-dom/cjs/react-dom-client.development.js:1522:13)
      at commitHookEffectListMount (node_modules/react-dom/cjs/react-dom-client.development.js:11905:29)
      at commitHookPassiveMountEffects (node_modules/react-dom/cjs/react-dom-client.development.js:12028:11)
      at commitPassiveMountOnFiber (node_modules/react-dom/cjs/react-dom-client.development.js:13841:13)
      at recursivelyTraversePassiveMountEffects (node_modules/react-dom/cjs/react-dom-client.development.js:13815:11)
      at commitPassiveMountOnFiber (node_modules/react-dom/cjs/react-dom-client.development.js:13853:11)
      at flushPassiveEffects (node_modules/react-dom/cjs/react-dom-client.development.js:15737:9)
      at node_modules/react-dom/cjs/react-dom-client.development.js:15379:15
      at flushActQueue (node_modules/react/cjs/react.development.js:566:34)
      at process.env.NODE_ENV.exports.act (node_modules/react/cjs/react.development.js:859:10)
      at node_modules/@testing-library/react/dist/act-compat.js:46:25
      at renderRoot (node_modules/@testing-library/react/dist/pure.js:189:26)
      at render (node_modules/@testing-library/react/dist/pure.js:291:10)
      at Object.<anonymous> (app/components/__tests__/Header.responsive.test.tsx:78:11)

PASS app/components/__tests__/RandomPickButton.test.tsx
  ● Console

    console.log
      [jest.setup] auth_token = test-token

      at Object.log (jest.setup.ts:90:11)

    console.log
      [jest.setup.beforeEach] auth_token = test-token

      at Object.log (jest.setup.ts:105:12)

    console.log
      [jest.setup.beforeEach] auth_token = test-token

      at Object.log (jest.setup.ts:105:12)

    console.log
      [jest.setup.beforeEach] auth_token = test-token

      at Object.log (jest.setup.ts:105:12)

    console.log
      [jest.setup.beforeEach] auth_token = test-token

      at Object.log (jest.setup.ts:105:12)

    console.log
      [jest.setup.beforeEach] auth_token = test-token

      at Object.log (jest.setup.ts:105:12)

    console.log
      [jest.setup.beforeEach] auth_token = test-token

      at Object.log (jest.setup.ts:105:12)

    console.log
      [jest.setup.beforeEach] auth_token = test-token

      at Object.log (jest.setup.ts:105:12)

    console.log
      [jest.setup.beforeEach] auth_token = test-token

      at Object.log (jest.setup.ts:105:12)

    console.log
      [jest.setup.beforeEach] auth_token = test-token

      at Object.log (jest.setup.ts:105:12)

PASS app/components/__tests__/SidebarHeaderOffset.test.tsx
  ● Console

    console.log
      [jest.setup] auth_token = test-token

      at Object.log (jest.setup.ts:90:11)

    console.log
      [jest.setup.beforeEach] auth_token = test-token

      at Object.log (jest.setup.ts:105:12)

    console.log
      [jest.setup.beforeEach] auth_token = test-token

      at Object.log (jest.setup.ts:105:12)

PASS app/components/__tests__/SearchAndFilter.responsive.test.tsx
  ● Console

    console.log
      [jest.setup] auth_token = test-token

      at Object.log (jest.setup.ts:90:11)

    console.log
      [jest.setup.beforeEach] auth_token = test-token

      at Object.log (jest.setup.ts:105:12)

    console.log
      SearchAndFilter initialFilters changed: {}

      at log (app/components/SearchAndFilter.tsx:50:13)

    console.log
      [jest.setup.beforeEach] auth_token = test-token

      at Object.log (jest.setup.ts:105:12)

    console.log
      SearchAndFilter initialFilters changed: {}

      at log (app/components/SearchAndFilter.tsx:50:13)

    console.log
      [jest.setup.beforeEach] auth_token = test-token

      at Object.log (jest.setup.ts:105:12)

    console.log
      SearchAndFilter initialFilters changed: {}

      at log (app/components/SearchAndFilter.tsx:50:13)

PASS app/collection/__tests__/page.test.tsx
  ● Console

    console.log
      [jest.setup] auth_token = test-token

      at Object.log (jest.setup.ts:90:11)

    console.log
      [jest.setup.beforeEach] auth_token = test-token

      at Object.log (jest.setup.ts:105:12)

    console.log
      CollectionPage URL params: { artistId: null, urlFilters: {} }

      at log (app/collection/page.tsx:94:15)

    console.log
      Fetched artists page 1: {}

      at log (app/components/LookupComponents.tsx:232:17)

    console.log
      Loaded 0 total artists, first: undefined, last: undefined

      at log (app/components/LookupComponents.tsx:250:15)

    console.log
      Fetched genres page 1: {}

      at log (app/components/LookupComponents.tsx:232:17)

    console.log
      Loaded 0 total genres, first: undefined, last: undefined

      at log (app/components/LookupComponents.tsx:250:15)

    console.log
      Fetched labels page 1: {}

      at log (app/components/LookupComponents.tsx:232:17)

    console.log
      Loaded 0 total labels, first: undefined, last: undefined

      at log (app/components/LookupComponents.tsx:250:15)

    console.log
      Fetched countries page 1: {}

      at log (app/components/LookupComponents.tsx:232:17)

    console.log
      Loaded 0 total countries, first: undefined, last: undefined

      at log (app/components/LookupComponents.tsx:250:15)

    console.log
      Fetched formats page 1: {}

      at log (app/components/LookupComponents.tsx:232:17)

    console.log
      Loaded 0 total formats, first: undefined, last: undefined

      at log (app/components/LookupComponents.tsx:250:15)

    console.log
      [jest.setup.beforeEach] auth_token = test-token

      at Object.log (jest.setup.ts:105:12)

    console.log
      CollectionPage URL params: { artistId: null, urlFilters: {} }

      at log (app/collection/page.tsx:94:15)

    console.log
      [jest.setup.beforeEach] auth_token = test-token

      at Object.log (jest.setup.ts:105:12)

    console.log
      CollectionPage URL params: { artistId: null, urlFilters: {} }

      at log (app/collection/page.tsx:94:15)

    console.log
      [jest.setup.beforeEach] auth_token = test-token

      at Object.log (jest.setup.ts:105:12)

    console.log
      CollectionPage URL params: { artistId: null, urlFilters: {} }

      at log (app/collection/page.tsx:94:15)

    console.log
      [jest.setup.beforeEach] auth_token = test-token

      at Object.log (jest.setup.ts:105:12)

    console.log
      CollectionPage URL params: { artistId: null, urlFilters: {} }

      at log (app/collection/page.tsx:94:15)

    console.log
      CollectionPage handleFiltersChange: { search: 'test' }

      at log (app/collection/page.tsx:122:13)

    console.log
      [jest.setup.beforeEach] auth_token = test-token

      at Object.log (jest.setup.ts:105:12)

    console.log
      CollectionPage URL params: { artistId: null, urlFilters: {} }

      at log (app/collection/page.tsx:94:15)

    console.log
      [jest.setup.beforeEach] auth_token = test-token

      at Object.log (jest.setup.ts:105:12)

    console.log
      CollectionPage URL params: { artistId: null, urlFilters: {} }

      at log (app/collection/page.tsx:94:15)

PASS app/components/__tests__/Footer.test.tsx
  ● Console

    console.log
      [jest.setup] auth_token = test-token

      at Object.log (jest.setup.ts:90:11)

    console.log
      [jest.setup.beforeEach] auth_token = test-token

      at Object.log (jest.setup.ts:105:12)

    console.log
      [jest.setup.beforeEach] auth_token = test-token

      at Object.log (jest.setup.ts:105:12)

    console.log
      [jest.setup.beforeEach] auth_token = test-token

      at Object.log (jest.setup.ts:105:12)

    console.log
      [jest.setup.beforeEach] auth_token = test-token

      at Object.log (jest.setup.ts:105:12)

    console.log
      [jest.setup.beforeEach] auth_token = test-token

      at Object.log (jest.setup.ts:105:12)

    console.log
      [jest.setup.beforeEach] auth_token = test-token

      at Object.log (jest.setup.ts:105:12)

    console.log
      [jest.setup.beforeEach] auth_token = test-token

      at Object.log (jest.setup.ts:105:12)

    console.log
      [jest.setup.beforeEach] auth_token = test-token

      at Object.log (jest.setup.ts:105:12)

    console.log
      [jest.setup.beforeEach] auth_token = test-token

      at Object.log (jest.setup.ts:105:12)

    console.log
      [jest.setup.beforeEach] auth_token = test-token

      at Object.log (jest.setup.ts:105:12)

    console.log
      [jest.setup.beforeEach] auth_token = test-token

      at Object.log (jest.setup.ts:105:12)

    console.log
      [jest.setup.beforeEach] auth_token = test-token

      at Object.log (jest.setup.ts:105:12)

    console.log
      [jest.setup.beforeEach] auth_token = test-token

      at Object.log (jest.setup.ts:105:12)

PASS app/components/__tests__/ConfirmDialog.test.tsx
  ● Console

    console.log
      [jest.setup] auth_token = test-token

      at Object.log (jest.setup.ts:90:11)

    console.log
      [jest.setup.beforeEach] auth_token = test-token

      at Object.log (jest.setup.ts:105:12)

    console.log
      [jest.setup.beforeEach] auth_token = test-token

      at Object.log (jest.setup.ts:105:12)

    console.log
      [jest.setup.beforeEach] auth_token = test-token

      at Object.log (jest.setup.ts:105:12)

    console.log
      [jest.setup.beforeEach] auth_token = test-token

      at Object.log (jest.setup.ts:105:12)

    console.log
      [jest.setup.beforeEach] auth_token = test-token

      at Object.log (jest.setup.ts:105:12)

    console.log
      [jest.setup.beforeEach] auth_token = test-token

      at Object.log (jest.setup.ts:105:12)

    console.log
      [jest.setup.beforeEach] auth_token = test-token

      at Object.log (jest.setup.ts:105:12)

    console.log
      [jest.setup.beforeEach] auth_token = test-token

      at Object.log (jest.setup.ts:105:12)

    console.log
      [jest.setup.beforeEach] auth_token = test-token

      at Object.log (jest.setup.ts:105:12)

    console.log
      [jest.setup.beforeEach] auth_token = test-token

      at Object.log (jest.setup.ts:105:12)

    console.log
      [jest.setup.beforeEach] auth_token = test-token

      at Object.log (jest.setup.ts:105:12)

    console.log
      [jest.setup.beforeEach] auth_token = test-token

      at Object.log (jest.setup.ts:105:12)

    console.log
      [jest.setup.beforeEach] auth_token = test-token

      at Object.log (jest.setup.ts:105:12)

    console.log
      [jest.setup.beforeEach] auth_token = test-token

      at Object.log (jest.setup.ts:105:12)

    console.log
      [jest.setup.beforeEach] auth_token = test-token

      at Object.log (jest.setup.ts:105:12)

    console.log
      [jest.setup.beforeEach] auth_token = test-token

      at Object.log (jest.setup.ts:105:12)

    console.log
      [jest.setup.beforeEach] auth_token = test-token

      at Object.log (jest.setup.ts:105:12)

    console.log
      [jest.setup.beforeEach] auth_token = test-token

      at Object.log (jest.setup.ts:105:12)

    console.log
      [jest.setup.beforeEach] auth_token = test-token

      at Object.log (jest.setup.ts:105:12)

    console.log
      [jest.setup.beforeEach] auth_token = test-token

      at Object.log (jest.setup.ts:105:12)

    console.log
      [jest.setup.beforeEach] auth_token = test-token

      at Object.log (jest.setup.ts:105:12)

    console.log
      [jest.setup.beforeEach] auth_token = test-token

      at Object.log (jest.setup.ts:105:12)

    console.log
      [jest.setup.beforeEach] auth_token = test-token

      at Object.log (jest.setup.ts:105:12)

    console.log
      [jest.setup.beforeEach] auth_token = test-token

      at Object.log (jest.setup.ts:105:12)

PASS app/add/__tests__/page.test.tsx
  ● Console

    console.log
      [jest.setup] auth_token = test-token

      at Object.log (jest.setup.ts:90:11)

    console.log
      [jest.setup.beforeEach] auth_token = test-token

      at Object.log (jest.setup.ts:105:12)

    console.log
      [jest.setup.beforeEach] auth_token = test-token

      at Object.log (jest.setup.ts:105:12)

    console.log
      [jest.setup.beforeEach] auth_token = test-token

      at Object.log (jest.setup.ts:105:12)

    console.log
      [jest.setup.beforeEach] auth_token = test-token

      at Object.log (jest.setup.ts:105:12)

    console.log
      [jest.setup.beforeEach] auth_token = test-token

      at Object.log (jest.setup.ts:105:12)

PASS app/contexts/__tests__/ThemeContext.test.tsx
  ● Console

    console.log
      [jest.setup] auth_token = test-token

      at Object.log (jest.setup.ts:90:11)

    console.log
      [jest.setup.beforeEach] auth_token = test-token

      at Object.log (jest.setup.ts:105:12)

    console.log
      [jest.setup.beforeEach] auth_token = test-token

      at Object.log (jest.setup.ts:105:12)

    console.log
      [jest.setup.beforeEach] auth_token = test-token

      at Object.log (jest.setup.ts:105:12)

    console.log
      [jest.setup.beforeEach] auth_token = test-token

      at Object.log (jest.setup.ts:105:12)

    console.log
      [jest.setup.beforeEach] auth_token = test-token

      at Object.log (jest.setup.ts:105:12)

    console.log
      [jest.setup.beforeEach] auth_token = test-token

      at Object.log (jest.setup.ts:105:12)

    console.log
      [jest.setup.beforeEach] auth_token = test-token

      at Object.log (jest.setup.ts:105:12)

    console.log
      [jest.setup.beforeEach] auth_token = test-token

      at Object.log (jest.setup.ts:105:12)

    console.log
      [jest.setup.beforeEach] auth_token = test-token

      at Object.log (jest.setup.ts:105:12)

    console.log
      [jest.setup.beforeEach] auth_token = test-token

      at Object.log (jest.setup.ts:105:12)

PASS app/components/__tests__/Header.test.tsx
  ● Console

    console.log
      [jest.setup] auth_token = test-token

      at Object.log (jest.setup.ts:90:11)

    console.log
      [jest.setup.beforeEach] auth_token = test-token

      at Object.log (jest.setup.ts:105:12)

    console.error
      Failed to get user profile: TypeError: (0 , _api.fetchJson) is not a function
          at getUserProfile (/home/andy/Projects/kollector-scum/frontend/app/lib/auth.ts:89:36)
          at checkAuth (/home/andy/Projects/kollector-scum/frontend/app/components/GoogleSignIn.tsx:29:51)
          at checkAuth (/home/andy/Projects/kollector-scum/frontend/app/components/GoogleSignIn.tsx:45:5)
          at Object.react-stack-bottom-frame (/home/andy/Projects/kollector-scum/frontend/node_modules/react-dom/cjs/react-dom-client.development.js:23949:20)
          at runWithFiberInDEV (/home/andy/Projects/kollector-scum/frontend/node_modules/react-dom/cjs/react-dom-client.development.js:1522:13)
          at commitHookEffectListMount (/home/andy/Projects/kollector-scum/frontend/node_modules/react-dom/cjs/react-dom-client.development.js:11905:29)
          at commitHookPassiveMountEffects (/home/andy/Projects/kollector-scum/frontend/node_modules/react-dom/cjs/react-dom-client.development.js:12028:11)
          at commitPassiveMountOnFiber (/home/andy/Projects/kollector-scum/frontend/node_modules/react-dom/cjs/react-dom-client.development.js:13841:13)
          at recursivelyTraversePassiveMountEffects (/home/andy/Projects/kollector-scum/frontend/node_modules/react-dom/cjs/react-dom-client.development.js:13815:11)
          at commitPassiveMountOnFiber (/home/andy/Projects/kollector-scum/frontend/node_modules/react-dom/cjs/react-dom-client.development.js:13957:11)
          at recursivelyTraversePassiveMountEffects (/home/andy/Projects/kollector-scum/frontend/node_modules/react-dom/cjs/react-dom-client.development.js:13815:11)
          at commitPassiveMountOnFiber (/home/andy/Projects/kollector-scum/frontend/node_modules/react-dom/cjs/react-dom-client.development.js:13957:11)
          at recursivelyTraversePassiveMountEffects (/home/andy/Projects/kollector-scum/frontend/node_modules/react-dom/cjs/react-dom-client.development.js:13815:11)
          at commitPassiveMountOnFiber (/home/andy/Projects/kollector-scum/frontend/node_modules/react-dom/cjs/react-dom-client.development.js:13834:11)
          at recursivelyTraversePassiveMountEffects (/home/andy/Projects/kollector-scum/frontend/node_modules/react-dom/cjs/react-dom-client.development.js:13815:11)
          at commitPassiveMountOnFiber (/home/andy/Projects/kollector-scum/frontend/node_modules/react-dom/cjs/react-dom-client.development.js:13853:11)
          at flushPassiveEffects (/home/andy/Projects/kollector-scum/frontend/node_modules/react-dom/cjs/react-dom-client.development.js:15737:9)
          at /home/andy/Projects/kollector-scum/frontend/node_modules/react-dom/cjs/react-dom-client.development.js:15379:15
          at flushActQueue (/home/andy/Projects/kollector-scum/frontend/node_modules/react/cjs/react.development.js:566:34)
          at /home/andy/Projects/kollector-scum/frontend/node_modules/react/cjs/react.development.js:822:21
          at processTicksAndRejections (node:internal/process/task_queues:103:5)

      127 | 		if (first.includes('Failed to fetch') || first.includes('Error fetching')) return;
      128 | 	}
    > 129 | 	_origConsoleError(...args);
          | 	^
      130 | };
      131 |
      132 | // Provide lightweight default mocks for the app API helpers so components

      at console._origConsoleError [as error] (jest.setup.ts:129:2)
      at error (app/lib/auth.ts:94:13)
      at checkAuth (app/components/GoogleSignIn.tsx:29:51)
      at checkAuth (app/components/GoogleSignIn.tsx:45:5)
      at Object.react-stack-bottom-frame (node_modules/react-dom/cjs/react-dom-client.development.js:23949:20)
      at runWithFiberInDEV (node_modules/react-dom/cjs/react-dom-client.development.js:1522:13)
      at commitHookEffectListMount (node_modules/react-dom/cjs/react-dom-client.development.js:11905:29)
      at commitHookPassiveMountEffects (node_modules/react-dom/cjs/react-dom-client.development.js:12028:11)
      at commitPassiveMountOnFiber (node_modules/react-dom/cjs/react-dom-client.development.js:13841:13)
      at recursivelyTraversePassiveMountEffects (node_modules/react-dom/cjs/react-dom-client.development.js:13815:11)
      at commitPassiveMountOnFiber (node_modules/react-dom/cjs/react-dom-client.development.js:13957:11)
      at recursivelyTraversePassiveMountEffects (node_modules/react-dom/cjs/react-dom-client.development.js:13815:11)
      at commitPassiveMountOnFiber (node_modules/react-dom/cjs/react-dom-client.development.js:13957:11)
      at recursivelyTraversePassiveMountEffects (node_modules/react-dom/cjs/react-dom-client.development.js:13815:11)
      at commitPassiveMountOnFiber (node_modules/react-dom/cjs/react-dom-client.development.js:13834:11)
      at recursivelyTraversePassiveMountEffects (node_modules/react-dom/cjs/react-dom-client.development.js:13815:11)
      at commitPassiveMountOnFiber (node_modules/react-dom/cjs/react-dom-client.development.js:13853:11)
      at flushPassiveEffects (node_modules/react-dom/cjs/react-dom-client.development.js:15737:9)
      at node_modules/react-dom/cjs/react-dom-client.development.js:15379:15
      at flushActQueue (node_modules/react/cjs/react.development.js:566:34)
      at node_modules/react/cjs/react.development.js:822:21

    console.log
      [Header] Not authenticated, skipping kollections load

      at log (app/components/Header.tsx:33:17)

    console.log
      [jest.setup.beforeEach] auth_token = test-token

      at Object.log (jest.setup.ts:105:12)

    console.error
      Failed to get user profile: TypeError: (0 , _api.fetchJson) is not a function
          at getUserProfile (/home/andy/Projects/kollector-scum/frontend/app/lib/auth.ts:89:36)
          at checkAuth (/home/andy/Projects/kollector-scum/frontend/app/components/GoogleSignIn.tsx:29:51)
          at checkAuth (/home/andy/Projects/kollector-scum/frontend/app/components/GoogleSignIn.tsx:45:5)
          at Object.react-stack-bottom-frame (/home/andy/Projects/kollector-scum/frontend/node_modules/react-dom/cjs/react-dom-client.development.js:23949:20)
          at runWithFiberInDEV (/home/andy/Projects/kollector-scum/frontend/node_modules/react-dom/cjs/react-dom-client.development.js:1522:13)
          at commitHookEffectListMount (/home/andy/Projects/kollector-scum/frontend/node_modules/react-dom/cjs/react-dom-client.development.js:11905:29)
          at commitHookPassiveMountEffects (/home/andy/Projects/kollector-scum/frontend/node_modules/react-dom/cjs/react-dom-client.development.js:12028:11)
          at commitPassiveMountOnFiber (/home/andy/Projects/kollector-scum/frontend/node_modules/react-dom/cjs/react-dom-client.development.js:13841:13)
          at recursivelyTraversePassiveMountEffects (/home/andy/Projects/kollector-scum/frontend/node_modules/react-dom/cjs/react-dom-client.development.js:13815:11)
          at commitPassiveMountOnFiber (/home/andy/Projects/kollector-scum/frontend/node_modules/react-dom/cjs/react-dom-client.development.js:13957:11)
          at recursivelyTraversePassiveMountEffects (/home/andy/Projects/kollector-scum/frontend/node_modules/react-dom/cjs/react-dom-client.development.js:13815:11)
          at commitPassiveMountOnFiber (/home/andy/Projects/kollector-scum/frontend/node_modules/react-dom/cjs/react-dom-client.development.js:13957:11)
          at recursivelyTraversePassiveMountEffects (/home/andy/Projects/kollector-scum/frontend/node_modules/react-dom/cjs/react-dom-client.development.js:13815:11)
          at commitPassiveMountOnFiber (/home/andy/Projects/kollector-scum/frontend/node_modules/react-dom/cjs/react-dom-client.development.js:13834:11)
          at recursivelyTraversePassiveMountEffects (/home/andy/Projects/kollector-scum/frontend/node_modules/react-dom/cjs/react-dom-client.development.js:13815:11)
          at commitPassiveMountOnFiber (/home/andy/Projects/kollector-scum/frontend/node_modules/react-dom/cjs/react-dom-client.development.js:13853:11)
          at flushPassiveEffects (/home/andy/Projects/kollector-scum/frontend/node_modules/react-dom/cjs/react-dom-client.development.js:15737:9)
          at /home/andy/Projects/kollector-scum/frontend/node_modules/react-dom/cjs/react-dom-client.development.js:15379:15
          at flushActQueue (/home/andy/Projects/kollector-scum/frontend/node_modules/react/cjs/react.development.js:566:34)
          at process.env.NODE_ENV.exports.act (/home/andy/Projects/kollector-scum/frontend/node_modules/react/cjs/react.development.js:859:10)
          at /home/andy/Projects/kollector-scum/frontend/node_modules/@testing-library/react/dist/act-compat.js:46:25
          at renderRoot (/home/andy/Projects/kollector-scum/frontend/node_modules/@testing-library/react/dist/pure.js:189:26)
          at render (/home/andy/Projects/kollector-scum/frontend/node_modules/@testing-library/react/dist/pure.js:291:10)
          at Object.<anonymous> (/home/andy/Projects/kollector-scum/frontend/app/components/__tests__/Header.test.tsx:49:11)
          at Promise.finally.completed (/home/andy/Projects/kollector-scum/frontend/node_modules/jest-circus/build/jestAdapterInit.js:1557:28)
          at new Promise (<anonymous>)
          at callAsyncCircusFn (/home/andy/Projects/kollector-scum/frontend/node_modules/jest-circus/build/jestAdapterInit.js:1497:10)
          at _callCircusTest (/home/andy/Projects/kollector-scum/frontend/node_modules/jest-circus/build/jestAdapterInit.js:1007:40)
          at _runTest (/home/andy/Projects/kollector-scum/frontend/node_modules/jest-circus/build/jestAdapterInit.js:947:3)
          at /home/andy/Projects/kollector-scum/frontend/node_modules/jest-circus/build/jestAdapterInit.js:849:7
          at _runTestsForDescribeBlock (/home/andy/Projects/kollector-scum/frontend/node_modules/jest-circus/build/jestAdapterInit.js:862:11)
          at _runTestsForDescribeBlock (/home/andy/Projects/kollector-scum/frontend/node_modules/jest-circus/build/jestAdapterInit.js:857:11)
          at run (/home/andy/Projects/kollector-scum/frontend/node_modules/jest-circus/build/jestAdapterInit.js:761:3)
          at runAndTransformResultsToJestFormat (/home/andy/Projects/kollector-scum/frontend/node_modules/jest-circus/build/jestAdapterInit.js:1918:21)
          at jestAdapter (/home/andy/Projects/kollector-scum/frontend/node_modules/jest-circus/build/runner.js:101:19)
          at runTestInternal (/home/andy/Projects/kollector-scum/frontend/node_modules/jest-runner/build/testWorker.js:275:16)
          at runTest (/home/andy/Projects/kollector-scum/frontend/node_modules/jest-runner/build/testWorker.js:343:7)
          at Object.worker (/home/andy/Projects/kollector-scum/frontend/node_modules/jest-runner/build/testWorker.js:497:12)

      127 | 		if (first.includes('Failed to fetch') || first.includes('Error fetching')) return;
      128 | 	}
    > 129 | 	_origConsoleError(...args);
          | 	^
      130 | };
      131 |
      132 | // Provide lightweight default mocks for the app API helpers so components

      at console._origConsoleError [as error] (jest.setup.ts:129:2)
      at error (app/lib/auth.ts:94:13)
      at checkAuth (app/components/GoogleSignIn.tsx:29:51)
      at checkAuth (app/components/GoogleSignIn.tsx:45:5)
      at Object.react-stack-bottom-frame (node_modules/react-dom/cjs/react-dom-client.development.js:23949:20)
      at runWithFiberInDEV (node_modules/react-dom/cjs/react-dom-client.development.js:1522:13)
      at commitHookEffectListMount (node_modules/react-dom/cjs/react-dom-client.development.js:11905:29)
      at commitHookPassiveMountEffects (node_modules/react-dom/cjs/react-dom-client.development.js:12028:11)
      at commitPassiveMountOnFiber (node_modules/react-dom/cjs/react-dom-client.development.js:13841:13)
      at recursivelyTraversePassiveMountEffects (node_modules/react-dom/cjs/react-dom-client.development.js:13815:11)
      at commitPassiveMountOnFiber (node_modules/react-dom/cjs/react-dom-client.development.js:13957:11)
      at recursivelyTraversePassiveMountEffects (node_modules/react-dom/cjs/react-dom-client.development.js:13815:11)
      at commitPassiveMountOnFiber (node_modules/react-dom/cjs/react-dom-client.development.js:13957:11)
      at recursivelyTraversePassiveMountEffects (node_modules/react-dom/cjs/react-dom-client.development.js:13815:11)
      at commitPassiveMountOnFiber (node_modules/react-dom/cjs/react-dom-client.development.js:13834:11)
      at recursivelyTraversePassiveMountEffects (node_modules/react-dom/cjs/react-dom-client.development.js:13815:11)
      at commitPassiveMountOnFiber (node_modules/react-dom/cjs/react-dom-client.development.js:13853:11)
      at flushPassiveEffects (node_modules/react-dom/cjs/react-dom-client.development.js:15737:9)
      at node_modules/react-dom/cjs/react-dom-client.development.js:15379:15
      at flushActQueue (node_modules/react/cjs/react.development.js:566:34)
      at process.env.NODE_ENV.exports.act (node_modules/react/cjs/react.development.js:859:10)
      at node_modules/@testing-library/react/dist/act-compat.js:46:25
      at renderRoot (node_modules/@testing-library/react/dist/pure.js:189:26)
      at render (node_modules/@testing-library/react/dist/pure.js:291:10)
      at Object.<anonymous> (app/components/__tests__/Header.test.tsx:49:11)

    console.log
      [Header] Not authenticated, skipping kollections load

      at log (app/components/Header.tsx:33:17)

PASS app/components/__tests__/RootLayout.test.tsx
  ● Console

    console.log
      [jest.setup] auth_token = test-token

      at Object.log (jest.setup.ts:90:11)

    console.log
      [jest.setup.beforeEach] auth_token = test-token

      at Object.log (jest.setup.ts:105:12)

PASS app/components/__tests__/ReleaseLinks.test.tsx
  ● Console

    console.log
      [jest.setup] auth_token = test-token

      at Object.log (jest.setup.ts:90:11)

    console.log
      [jest.setup.beforeEach] auth_token = test-token

      at Object.log (jest.setup.ts:105:12)

    console.log
      [jest.setup.beforeEach] auth_token = test-token

      at Object.log (jest.setup.ts:105:12)

    console.log
      [jest.setup.beforeEach] auth_token = test-token

      at Object.log (jest.setup.ts:105:12)

    console.log
      [jest.setup.beforeEach] auth_token = test-token

      at Object.log (jest.setup.ts:105:12)

    console.log
      [jest.setup.beforeEach] auth_token = test-token

      at Object.log (jest.setup.ts:105:12)

    console.log
      [jest.setup.beforeEach] auth_token = test-token

      at Object.log (jest.setup.ts:105:12)

    console.log
      [jest.setup.beforeEach] auth_token = test-token

      at Object.log (jest.setup.ts:105:12)

    console.log
      [jest.setup.beforeEach] auth_token = test-token

      at Object.log (jest.setup.ts:105:12)

    console.log
      [jest.setup.beforeEach] auth_token = test-token

      at Object.log (jest.setup.ts:105:12)

    console.log
      [jest.setup.beforeEach] auth_token = test-token

      at Object.log (jest.setup.ts:105:12)

    console.log
      [jest.setup.beforeEach] auth_token = test-token

      at Object.log (jest.setup.ts:105:12)

    console.log
      [jest.setup.beforeEach] auth_token = test-token

      at Object.log (jest.setup.ts:105:12)

PASS app/components/__tests__/Navigation.test.tsx
  ● Console

    console.log
      [jest.setup] auth_token = test-token

      at Object.log (jest.setup.ts:90:11)

    console.log
      [jest.setup.beforeEach] auth_token = test-token

      at Object.log (jest.setup.ts:105:12)

    console.log
      [jest.setup.beforeEach] auth_token = test-token

      at Object.log (jest.setup.ts:105:12)

    console.log
      [jest.setup.beforeEach] auth_token = test-token

      at Object.log (jest.setup.ts:105:12)

    console.log
      [jest.setup.beforeEach] auth_token = test-token

      at Object.log (jest.setup.ts:105:12)

    console.log
      [jest.setup.beforeEach] auth_token = test-token

      at Object.log (jest.setup.ts:105:12)

    console.log
      [jest.setup.beforeEach] auth_token = test-token

      at Object.log (jest.setup.ts:105:12)

    console.log
      [jest.setup.beforeEach] auth_token = test-token

      at Object.log (jest.setup.ts:105:12)

    console.log
      [jest.setup.beforeEach] auth_token = test-token

      at Object.log (jest.setup.ts:105:12)

    console.log
      [jest.setup.beforeEach] auth_token = test-token

      at Object.log (jest.setup.ts:105:12)

    console.log
      [jest.setup.beforeEach] auth_token = test-token

      at Object.log (jest.setup.ts:105:12)

    console.log
      [jest.setup.beforeEach] auth_token = test-token

      at Object.log (jest.setup.ts:105:12)

    console.log
      [jest.setup.beforeEach] auth_token = test-token

      at Object.log (jest.setup.ts:105:12)

    console.log
      [jest.setup.beforeEach] auth_token = test-token

      at Object.log (jest.setup.ts:105:12)

    console.log
      [jest.setup.beforeEach] auth_token = test-token

      at Object.log (jest.setup.ts:105:12)

PASS app/releases/[id]/edit/__tests__/page.test.tsx
  ● Console

    console.log
      [jest.setup] auth_token = test-token

      at Object.log (jest.setup.ts:90:11)

    console.log
      [jest.setup.beforeEach] auth_token = test-token

      at Object.log (jest.setup.ts:105:12)

    console.log
      [jest.setup.beforeEach] auth_token = test-token

      at Object.log (jest.setup.ts:105:12)

    console.log
      [jest.setup.beforeEach] auth_token = test-token

      at Object.log (jest.setup.ts:105:12)

    console.log
      [jest.setup.beforeEach] auth_token = test-token

      at Object.log (jest.setup.ts:105:12)

    console.log
      [jest.setup.beforeEach] auth_token = test-token

      at Object.log (jest.setup.ts:105:12)

    console.log
      [jest.setup.beforeEach] auth_token = test-token

      at Object.log (jest.setup.ts:105:12)

    console.log
      [jest.setup.beforeEach] auth_token = test-token

      at Object.log (jest.setup.ts:105:12)

    console.log
      [jest.setup.beforeEach] auth_token = test-token

      at Object.log (jest.setup.ts:105:12)

    console.log
      [jest.setup.beforeEach] auth_token = test-token

      at Object.log (jest.setup.ts:105:12)

    console.log
      [jest.setup.beforeEach] auth_token = test-token

      at Object.log (jest.setup.ts:105:12)

    console.log
      [jest.setup.beforeEach] auth_token = test-token

      at Object.log (jest.setup.ts:105:12)

PASS app/components/__tests__/HookSmoke.test.tsx
  ● Console

    console.log
      [jest.setup] auth_token = test-token

      at Object.log (jest.setup.ts:90:11)

    console.log
      [jest.setup.beforeEach] auth_token = test-token

      at Object.log (jest.setup.ts:105:12)

PASS app/components/__tests__/StatisticsCharts.test.tsx
  ● Console

    console.log
      [jest.setup] auth_token = test-token

      at Object.log (jest.setup.ts:90:11)

    console.log
      [jest.setup.beforeEach] auth_token = test-token

      at Object.log (jest.setup.ts:105:12)

    console.log
      [jest.setup.beforeEach] auth_token = test-token

      at Object.log (jest.setup.ts:105:12)

    console.log
      [jest.setup.beforeEach] auth_token = test-token

      at Object.log (jest.setup.ts:105:12)

    console.log
      [jest.setup.beforeEach] auth_token = test-token

      at Object.log (jest.setup.ts:105:12)

    console.log
      [jest.setup.beforeEach] auth_token = test-token

      at Object.log (jest.setup.ts:105:12)

    console.log
      [jest.setup.beforeEach] auth_token = test-token

      at Object.log (jest.setup.ts:105:12)

    console.log
      [jest.setup.beforeEach] auth_token = test-token

      at Object.log (jest.setup.ts:105:12)

    console.log
      [jest.setup.beforeEach] auth_token = test-token

      at Object.log (jest.setup.ts:105:12)

    console.log
      [jest.setup.beforeEach] auth_token = test-token

      at Object.log (jest.setup.ts:105:12)

    console.log
      [jest.setup.beforeEach] auth_token = test-token

      at Object.log (jest.setup.ts:105:12)

    console.log
      [jest.setup.beforeEach] auth_token = test-token

      at Object.log (jest.setup.ts:105:12)

    console.log
      [jest.setup.beforeEach] auth_token = test-token

      at Object.log (jest.setup.ts:105:12)

    console.log
      [jest.setup.beforeEach] auth_token = test-token

      at Object.log (jest.setup.ts:105:12)

    console.log
      [jest.setup.beforeEach] auth_token = test-token

      at Object.log (jest.setup.ts:105:12)

    console.log
      [jest.setup.beforeEach] auth_token = test-token

      at Object.log (jest.setup.ts:105:12)

    console.log
      [jest.setup.beforeEach] auth_token = test-token

      at Object.log (jest.setup.ts:105:12)

    console.log
      [jest.setup.beforeEach] auth_token = test-token

      at Object.log (jest.setup.ts:105:12)

PASS app/components/__tests__/ErrorBoundary.test.tsx
  ● Console

    console.log
      [jest.setup] auth_token = test-token

      at Object.log (jest.setup.ts:90:11)

    console.log
      [jest.setup.beforeEach] auth_token = test-token

      at Object.log (jest.setup.ts:105:12)

    console.log
      [jest.setup.beforeEach] auth_token = test-token

      at Object.log (jest.setup.ts:105:12)

    console.log
      [jest.setup.beforeEach] auth_token = test-token

      at Object.log (jest.setup.ts:105:12)

    console.log
      [jest.setup.beforeEach] auth_token = test-token

      at Object.log (jest.setup.ts:105:12)

    console.log
      [jest.setup.beforeEach] auth_token = test-token

      at Object.log (jest.setup.ts:105:12)

    console.log
      [jest.setup.beforeEach] auth_token = test-token

      at Object.log (jest.setup.ts:105:12)

    console.log
      [jest.setup.beforeEach] auth_token = test-token

      at Object.log (jest.setup.ts:105:12)

    console.log
      [jest.setup.beforeEach] auth_token = test-token

      at Object.log (jest.setup.ts:105:12)

    console.log
      [jest.setup.beforeEach] auth_token = test-token

      at Object.log (jest.setup.ts:105:12)

    console.log
      [jest.setup.beforeEach] auth_token = test-token

      at Object.log (jest.setup.ts:105:12)

    console.log
      [jest.setup.beforeEach] auth_token = test-token

      at Object.log (jest.setup.ts:105:12)

    console.log
      [jest.setup.beforeEach] auth_token = test-token

      at Object.log (jest.setup.ts:105:12)

    console.log
      [jest.setup.beforeEach] auth_token = test-token

      at Object.log (jest.setup.ts:105:12)

PASS app/components/__tests__/ImageGallery.test.tsx
  ● Console

    console.log
      [jest.setup] auth_token = test-token

      at Object.log (jest.setup.ts:90:11)

    console.log
      [jest.setup.beforeEach] auth_token = test-token

      at Object.log (jest.setup.ts:105:12)

    console.log
      [jest.setup.beforeEach] auth_token = test-token

      at Object.log (jest.setup.ts:105:12)

    console.log
      [jest.setup.beforeEach] auth_token = test-token

      at Object.log (jest.setup.ts:105:12)

    console.log
      [jest.setup.beforeEach] auth_token = test-token

      at Object.log (jest.setup.ts:105:12)

    console.log
      [jest.setup.beforeEach] auth_token = test-token

      at Object.log (jest.setup.ts:105:12)

    console.log
      [jest.setup.beforeEach] auth_token = test-token

      at Object.log (jest.setup.ts:105:12)

    console.log
      [jest.setup.beforeEach] auth_token = test-token

      at Object.log (jest.setup.ts:105:12)

    console.log
      [jest.setup.beforeEach] auth_token = test-token

      at Object.log (jest.setup.ts:105:12)

    console.log
      [jest.setup.beforeEach] auth_token = test-token

      at Object.log (jest.setup.ts:105:12)

    console.log
      [jest.setup.beforeEach] auth_token = test-token

      at Object.log (jest.setup.ts:105:12)

    console.log
      [jest.setup.beforeEach] auth_token = test-token

      at Object.log (jest.setup.ts:105:12)

    console.log
      [jest.setup.beforeEach] auth_token = test-token

      at Object.log (jest.setup.ts:105:12)

    console.log
      [jest.setup.beforeEach] auth_token = test-token

      at Object.log (jest.setup.ts:105:12)

    console.log
      [jest.setup.beforeEach] auth_token = test-token

      at Object.log (jest.setup.ts:105:12)

PASS app/components/__tests__/EditReleaseButton.test.tsx
  ● Console

    console.log
      [jest.setup] auth_token = test-token

      at Object.log (jest.setup.ts:90:11)

    console.log
      [jest.setup.beforeEach] auth_token = test-token

      at Object.log (jest.setup.ts:105:12)

    console.log
      [jest.setup.beforeEach] auth_token = test-token

      at Object.log (jest.setup.ts:105:12)

    console.log
      [jest.setup.beforeEach] auth_token = test-token

      at Object.log (jest.setup.ts:105:12)

    console.log
      [jest.setup.beforeEach] auth_token = test-token

      at Object.log (jest.setup.ts:105:12)

    console.log
      [jest.setup.beforeEach] auth_token = test-token

      at Object.log (jest.setup.ts:105:12)

    console.log
      [jest.setup.beforeEach] auth_token = test-token

      at Object.log (jest.setup.ts:105:12)

    console.log
      [jest.setup.beforeEach] auth_token = test-token

      at Object.log (jest.setup.ts:105:12)

PASS app/components/__tests__/LoadingComponents.test.tsx
  ● Console

    console.log
      [jest.setup] auth_token = test-token

      at Object.log (jest.setup.ts:90:11)

    console.log
      [jest.setup.beforeEach] auth_token = test-token

      at Object.log (jest.setup.ts:105:12)

    console.log
      [jest.setup.beforeEach] auth_token = test-token

      at Object.log (jest.setup.ts:105:12)

    console.log
      [jest.setup.beforeEach] auth_token = test-token

      at Object.log (jest.setup.ts:105:12)

    console.log
      [jest.setup.beforeEach] auth_token = test-token

      at Object.log (jest.setup.ts:105:12)

    console.log
      [jest.setup.beforeEach] auth_token = test-token

      at Object.log (jest.setup.ts:105:12)

    console.log
      [jest.setup.beforeEach] auth_token = test-token

      at Object.log (jest.setup.ts:105:12)

    console.log
      [jest.setup.beforeEach] auth_token = test-token

      at Object.log (jest.setup.ts:105:12)

    console.log
      [jest.setup.beforeEach] auth_token = test-token

      at Object.log (jest.setup.ts:105:12)

    console.log
      [jest.setup.beforeEach] auth_token = test-token

      at Object.log (jest.setup.ts:105:12)

    console.log
      [jest.setup.beforeEach] auth_token = test-token

      at Object.log (jest.setup.ts:105:12)

    console.log
      [jest.setup.beforeEach] auth_token = test-token

      at Object.log (jest.setup.ts:105:12)

    console.log
      [jest.setup.beforeEach] auth_token = test-token

      at Object.log (jest.setup.ts:105:12)

    console.log
      [jest.setup.beforeEach] auth_token = test-token

      at Object.log (jest.setup.ts:105:12)

    console.log
      [jest.setup.beforeEach] auth_token = test-token

      at Object.log (jest.setup.ts:105:12)

    console.log
      [jest.setup.beforeEach] auth_token = test-token

      at Object.log (jest.setup.ts:105:12)

    console.log
      [jest.setup.beforeEach] auth_token = test-token

      at Object.log (jest.setup.ts:105:12)

PASS app/components/__tests__/HeaderImport.test.tsx
  ● Console

    console.log
      [jest.setup] auth_token = test-token

      at Object.log (jest.setup.ts:90:11)

    console.log
      [jest.setup.beforeEach] auth_token = test-token

      at Object.log (jest.setup.ts:105:12)

PASS app/components/__tests__/HeaderRenderSimple.test.tsx
  ● Console

    console.log
      [jest.setup] auth_token = test-token

      at Object.log (jest.setup.ts:90:11)

    console.log
      [jest.setup.beforeEach] auth_token = test-token

      at Object.log (jest.setup.ts:105:12)

PASS app/lib/__tests__/api.test.ts
  ● Console

    console.log
      [jest.setup] auth_token = test-token

      at Object.log (jest.setup.ts:90:11)

    console.log
      [jest.setup.beforeEach] auth_token = test-token

      at Object.log (jest.setup.ts:105:12)

    console.log
      [jest.setup.beforeEach] auth_token = test-token

      at Object.log (jest.setup.ts:105:12)

    console.log
      [jest.setup.beforeEach] auth_token = test-token

      at Object.log (jest.setup.ts:105:12)

    console.log
      [jest.setup.beforeEach] auth_token = test-token

      at Object.log (jest.setup.ts:105:12)

    console.log
      [jest.setup.beforeEach] auth_token = test-token

      at Object.log (jest.setup.ts:105:12)

    console.log
      [jest.setup.beforeEach] auth_token = test-token

      at Object.log (jest.setup.ts:105:12)

    console.log
      [jest.setup.beforeEach] auth_token = test-token

      at Object.log (jest.setup.ts:105:12)

    console.log
      [jest.setup.beforeEach] auth_token = test-token

      at Object.log (jest.setup.ts:105:12)

PASS app/components/__tests__/TrackList.test.tsx
  ● Console

    console.log
      [jest.setup] auth_token = test-token

      at Object.log (jest.setup.ts:90:11)

    console.log
      [jest.setup.beforeEach] auth_token = test-token

      at Object.log (jest.setup.ts:105:12)

    console.log
      [jest.setup.beforeEach] auth_token = test-token

      at Object.log (jest.setup.ts:105:12)

    console.log
      [jest.setup.beforeEach] auth_token = test-token

      at Object.log (jest.setup.ts:105:12)

    console.log
      [jest.setup.beforeEach] auth_token = test-token

      at Object.log (jest.setup.ts:105:12)

    console.log
      [jest.setup.beforeEach] auth_token = test-token

      at Object.log (jest.setup.ts:105:12)

    console.log
      [jest.setup.beforeEach] auth_token = test-token

      at Object.log (jest.setup.ts:105:12)

    console.log
      [jest.setup.beforeEach] auth_token = test-token

      at Object.log (jest.setup.ts:105:12)

    console.log
      [jest.setup.beforeEach] auth_token = test-token

      at Object.log (jest.setup.ts:105:12)

    console.log
      [jest.setup.beforeEach] auth_token = test-token

      at Object.log (jest.setup.ts:105:12)

    console.log
      [jest.setup.beforeEach] auth_token = test-token

      at Object.log (jest.setup.ts:105:12)

    console.log
      [jest.setup.beforeEach] auth_token = test-token

      at Object.log (jest.setup.ts:105:12)

    console.log
      Track artists: [ 'Guest Artist' ]

      at log (app/components/TrackList.tsx:36:13)
          at Array.map (<anonymous>)
          at Array.map (<anonymous>)

    console.log
      Album artists: [ 'Main Artist' ]

      at log (app/components/TrackList.tsx:37:13)
          at Array.map (<anonymous>)
          at Array.map (<anonymous>)

    console.log
      [jest.setup.beforeEach] auth_token = test-token

      at Object.log (jest.setup.ts:105:12)

    console.log
      [jest.setup.beforeEach] auth_token = test-token

      at Object.log (jest.setup.ts:105:12)

PASS app/add/__tests__/mapDiscogsToFormData.test.ts
  ● Console

    console.log
      [jest.setup] auth_token = test-token

      at Object.log (jest.setup.ts:90:11)

    console.log
      [jest.setup.beforeEach] auth_token = test-token

      at Object.log (jest.setup.ts:105:12)

    console.log
      [jest.setup.beforeEach] auth_token = test-token

      at Object.log (jest.setup.ts:105:12)

    console.log
      [jest.setup.beforeEach] auth_token = test-token

      at Object.log (jest.setup.ts:105:12)


Summary of all failing tests
FAIL app/search/__tests__/page.test.tsx
  ● SearchPage › renders the page header

    TestingLibraryElementError: Unable to find an element with the text: Search Music. This could be because the text is broken up by multiple elements. In this case, you can provide a function for your text matcher to make your matcher more flexible.

    Ignored nodes: comments, script, style
    [36m<body>[39m
      [36m<div>[39m
        [36m<div[39m
          [33mclass[39m=[32m"min-h-screen bg-transparent"[39m
        [36m>[39m
          [36m<div[39m
            [33mclass[39m=[32m"max-w-7xl mx-auto px-4 py-6"[39m
          [36m>[39m
            [36m<div[39m
              [33mclass[39m=[32m"max-w-2xl mx-auto"[39m
            [36m>[39m
              [36m<div[39m
                [33mclass[39m=[32m"text-center mb-8"[39m
              [36m>[39m
                [36m<div[39m
                  [33mclass[39m=[32m"text-6xl mb-4"[39m
                [36m>[39m
                  [0m��[0m
                [36m</div>[39m
                [36m<h2[39m
                  [33mclass[39m=[32m"text-xl font-semibold text-white mb-2"[39m
                [36m>[39m
                  [0mSearch Your Collection[0m
                [36m</h2>[39m
                [36m<p[39m
                  [33mclass[39m=[32m"text-gray-400"[39m
                [36m>[39m
                  [0mUse the search below to quickly find releases, or use advanced filters for more specific results.[0m
                [36m</p>[39m
              [36m</div>[39m
              [36m<div[39m
                [33mclass[39m=[32m"mb-8"[39m
              [36m>[39m
                [36m<div[39m
                  [33mdata-testid[39m=[32m"quick-search"[39m
                [36m>[39m
                  [0mQuickSearch Component[0m
                  [36m<input[39m
                    [33mplaceholder[39m=[32m"Search..."[39m
                    [33mtype[39m=[32m"text"[39m
                  [36m/>[39m
                [36m</div>[39m
              [36m</div>[39m
              [36m<div[39m
                [33mdata-testid[39m=[32m"search-and-filter"[39m
              [36m>[39m
                [0mSearchAndFilter Component[0m
                [36m<button>[39m
                  [0mApply Filters[0m
                [36m</button>[39m
              [36m</div>[39m
            [36m</div>[39m
          [36m</div>[39m
        [36m</div>[39m
      [36m</div>[39m
    [36m</body>[39m

      36 |     render(<SearchPage />);
      37 |     
    > 38 |     expect(screen.getByText('Search Music')).toBeInTheDocument();
         |                   ^
      39 |     expect(screen.getByText('Find specific releases in your collection')).toBeInTheDocument();
      40 |   });
      41 |

      at Object.getElementError (node_modules/@testing-library/dom/dist/config.js:37:19)
      at node_modules/@testing-library/dom/dist/query-helpers.js:76:38
      at node_modules/@testing-library/dom/dist/query-helpers.js:52:17
      at node_modules/@testing-library/dom/dist/query-helpers.js:95:19
      at Object.getByText (app/search/__tests__/page.test.tsx:38:19)

  ● SearchPage › has proper page structure

    expect(received).toBeInTheDocument()

    received value must be an HTMLElement or an SVGElement.
    Received has value: null

      100 |     // Check for main layout elements
      101 |     expect(container.querySelector('.min-h-screen')).toBeInTheDocument();
    > 102 |     expect(container.querySelector('.bg-gray-50')).toBeInTheDocument();
          |                                                    ^
      103 |   });
      104 |
      105 |   it('shows search icon in landing page', () => {

      at __EXTERNAL_MATCHER_TRAP__ (node_modules/expect/build/index.js:2240:22)
      at Object.throwingMatcher [as toBeInTheDocument] (node_modules/expect/build/index.js:2241:6)
      at Object.toBeInTheDocument (app/search/__tests__/page.test.tsx:102:52)

FAIL app/components/__tests__/MusicReleaseList.test.tsx
  ● MusicReleaseCard Component › displays genre information

    TestingLibraryElementError: Unable to find an element with the text: Thrash Metal. This could be because the text is broken up by multiple elements. In this case, you can provide a function for your text matcher to make your matcher more flexible.

    Ignored nodes: comments, script, style
    [36m<body>[39m
      [36m<div>[39m
        [36m<div[39m
          [33mclass[39m=[32m"group cursor-pointer"[39m
        [36m>[39m
          [36m<div[39m
            [33mclass[39m=[32m"aspect-square bg-[#13131F] rounded-xl border border-[#1C1C28] group-hover:border-[#8B5CF6]/50 transition-all mb-2 flex items-center justify-center text-4xl overflow-hidden relative"[39m
          [36m>[39m
            [36m<img[39m
              [33malt[39m=[32m"Master of Puppets cover"[39m
              [33mclass[39m=[32m"object-cover"[39m
              [33mloading[39m=[32m"lazy"[39m
              [33mquality[39m=[32m"75"[39m
              [33msizes[39m=[32m"(max-width: 768px) 50vw, (max-width: 1200px) 33vw, 20vw"[39m
              [33msrc[39m=[32m"http://localhost:5072/api/images/test.jpg"[39m
            [36m/>[39m
            [36m<div[39m
              [33mclass[39m=[32m"absolute inset-0 bg-black/0 group-hover:bg-black/50 transition-all duration-300 flex items-center justify-center opacity-0 group-hover:opacity-100 p-2"[39m
            [36m>[39m
              [36m<div[39m
                [33mclass[39m=[32m"flex gap-2 flex-wrap justify-center"[39m
              [36m>[39m
                [36m<a[39m
                  [33mhref[39m=[32m"/releases/1"[39m
                [36m>[39m
                  [36m<svg[39m
                    [33maria-hidden[39m=[32m"true"[39m
                    [33mclass[39m=[32m"lucide lucide-eye w-4 h-4"[39m
                    [33mfill[39m=[32m"none"[39m
                    [33mheight[39m=[32m"24"[39m
                    [33mstroke[39m=[32m"currentColor"[39m
                    [33mstroke-linecap[39m=[32m"round"[39m
                    [33mstroke-linejoin[39m=[32m"round"[39m
                    [33mstroke-width[39m=[32m"2"[39m
                    [33mviewBox[39m=[32m"0 0 24 24"[39m
                    [33mwidth[39m=[32m"24"[39m
                    [33mxmlns[39m=[32m"http://www.w3.org/2000/svg"[39m
                  [36m>[39m
                    [36m<path[39m
                      [33md[39m=[32m"M2.062 12.348a1 1 0 0 1 0-.696 10.75 10.75 0 0 1 19.876 0 1 1 0 0 1 0 .696 10.75 10.75 0 0 1-19.876 0"[39m
                    [36m/>[39m
                    [36m<circle[39m
                      [33mcx[39m=[32m"12"[39m
                      [33mcy[39m=[32m"12"[39m
                      [33mr[39m=[32m"3"[39m
                    [36m/>[39m
                  [36m</svg>[39m
                [36m</a>[39m
                [36m<button[39m
                  [33mclass[39m=[32m"rounded-full w-9 h-9 flex items-center justify-center hover:scale-110 transition-transform shadow-lg bg-white/90 text-[#8B5CF6]"[39m
                  [33mtitle[39m=[32m"Mark as now playing"[39m
                [36m>[39m
                  [36m<svg[39m
                    [33maria-hidden[39m=[32m"true"[39m
                    [33mclass[39m=[32m"lucide lucide-play w-4 h-4"[39m
                    [33mfill[39m=[32m"none"[39m
                    [33mheight[39m=[32m"24"[39m
                    [33mstroke[39m=[32m"currentColor"[39m
                    [33mstroke-linecap[39m=[32m"round"[39m
                    [33mstroke-linejoin[39m=[32m"round"[39m
                    [33mstroke-width[39m=[32m"2"[39m
                    [33mviewBox[39m=[32m"0 0 24 24"[39m
                    [33mwidth[39m=[32m"24"[39m
                    [33mxmlns[39m=[32m"http://www.w3.org/2000/svg"[39m
                  [36m>[39m
                    [36m<path[39m
                      [33md[39m=[32m"M5 5a2 2 0 0 1 3.008-1.728l11.997 6.998a2 2 0 0 1 .003 3.458l-12 7A2 2 0 0 1 5 19z"[39m
                    [36m/>[39m
                  [36m</svg>[39m
                [36m</button>[39m
                [36m<button[39m
                  [33mclass[39m=[32m"bg-white/90 text-[#8B5CF6] rounded-full w-9 h-9 flex items-center justify-center hover:scale-110 transition-transform shadow-lg"[39m
                  [33mtitle[39m=[32m"Add to list"[39m
                [36m>[39m
                  [36m<svg[39m
                    [33maria-hidden[39m=[32m"true"[39m
                    [33mclass[39m=[32m"lucide lucide-list w-4 h-4"[39m
                    [33mfill[39m=[32m"none"[39m
                    [33mheight[39m=[32m"24"[39m
                    [33mstroke[39m=[32m"currentColor"[39m
                    [33mstroke-linecap[39m=[32m"round"[39m
                    [33mstroke-linejoin[39m=[32m"round"[39m
                    [33mstroke-width[39m=[32m"2"[39m
                    [33mviewBox[39m=[32m"0 0 24 24"[39m
                    [33mwidth[39m=[32m"24"[39m
                    [33mxmlns[39m=[32m"http://www.w3.org/2000/svg"[39m
                  [36m>[39m
                    [36m<path[39m
                      [33md[39m=[32m"M3 5h.01"[39m
                    [36m/>[39m
                    [36m<path[39m
                      [33md[39m=[32m"M3 12h.01"[39m
                    [36m/>[39m
                    [36m<path[39m
                      [33md[39m=[32m"M3 19h.01"[39m
                    [36m/>[39m
                    [36m<path[39m
                      [33md[39m=[32m"M8 5h13"[39m
                    [36m/>[39m
                    [36m<path[39m
                      [33md[39m=[32m"M8 12h13"[39m
                    [36m/>[39m
                    [36m<path[39m
                      [33md[39m=[32m"M8 19h13"[39m
                    [36m/>[39m
                  [36m</svg>[39m
                [36m</button>[39m
              [36m</div>[39m
            [36m</div>[39m
          [36m</div>[39m
          [36m<div[39m
            [33mclass[39m=[32m"text-xs font-semibold text-white truncate"[39m
            [33mtitle[39m=[32m"Master of Puppets"[39m
          [36m>[39m
            [36m<a[39m
              [33mhref[39m=[32m"/releases/1"[39m
            [36m>[39m
              [0mMaster of Puppets[0m
            [36m</a>[39m
          [36m</div>[39m
          [36m<div[39m
            [33mclass[39m=[32m"text-xs text-gray-400 truncate"[39m
            [33mtitle[39m=[32m"Metallica"[39m
          [36m>[39m
            [0mMetallica[0m
          [36m</div>[39m
          [36m<div[39m
            [33mclass[39m=[32m"text-xs text-gray-600 truncate"[39m
          [36m>[39m
            [0m1986[0m
            [0m [0m
            [0m· Vinyl[0m
          [36m</div>[39m
        [36m</div>[39m
      [36m</div>[39m
      [36m<div />[39m
    [36m</body>[39m

      66 |   it('displays genre information', () => {
      67 |     render(<MusicReleaseCard release={mockRelease} />);
    > 68 |     expect(screen.getByText('Thrash Metal')).toBeInTheDocument();
         |                   ^
      69 |   });
      70 |
      71 |   it('displays format and country information', () => {

      at Object.getElementError (node_modules/@testing-library/dom/dist/config.js:37:19)
      at node_modules/@testing-library/dom/dist/query-helpers.js:76:38
      at node_modules/@testing-library/dom/dist/query-helpers.js:52:17
      at node_modules/@testing-library/dom/dist/query-helpers.js:95:19
      at Object.getByText (app/components/__tests__/MusicReleaseList.test.tsx:68:19)

  ● MusicReleaseCard Component › displays format and country information

    TestingLibraryElementError: Unable to find an element with the text: /USA/. This could be because the text is broken up by multiple elements. In this case, you can provide a function for your text matcher to make your matcher more flexible.

    Ignored nodes: comments, script, style
    [36m<body>[39m
      [36m<div>[39m
        [36m<div[39m
          [33mclass[39m=[32m"group cursor-pointer"[39m
        [36m>[39m
          [36m<div[39m
            [33mclass[39m=[32m"aspect-square bg-[#13131F] rounded-xl border border-[#1C1C28] group-hover:border-[#8B5CF6]/50 transition-all mb-2 flex items-center justify-center text-4xl overflow-hidden relative"[39m
          [36m>[39m
            [36m<img[39m
              [33malt[39m=[32m"Master of Puppets cover"[39m
              [33mclass[39m=[32m"object-cover"[39m
              [33mloading[39m=[32m"lazy"[39m
              [33mquality[39m=[32m"75"[39m
              [33msizes[39m=[32m"(max-width: 768px) 50vw, (max-width: 1200px) 33vw, 20vw"[39m
              [33msrc[39m=[32m"http://localhost:5072/api/images/test.jpg"[39m
            [36m/>[39m
            [36m<div[39m
              [33mclass[39m=[32m"absolute inset-0 bg-black/0 group-hover:bg-black/50 transition-all duration-300 flex items-center justify-center opacity-0 group-hover:opacity-100 p-2"[39m
            [36m>[39m
              [36m<div[39m
                [33mclass[39m=[32m"flex gap-2 flex-wrap justify-center"[39m
              [36m>[39m
                [36m<a[39m
                  [33mhref[39m=[32m"/releases/1"[39m
                [36m>[39m
                  [36m<svg[39m
                    [33maria-hidden[39m=[32m"true"[39m
                    [33mclass[39m=[32m"lucide lucide-eye w-4 h-4"[39m
                    [33mfill[39m=[32m"none"[39m
                    [33mheight[39m=[32m"24"[39m
                    [33mstroke[39m=[32m"currentColor"[39m
                    [33mstroke-linecap[39m=[32m"round"[39m
                    [33mstroke-linejoin[39m=[32m"round"[39m
                    [33mstroke-width[39m=[32m"2"[39m
                    [33mviewBox[39m=[32m"0 0 24 24"[39m
                    [33mwidth[39m=[32m"24"[39m
                    [33mxmlns[39m=[32m"http://www.w3.org/2000/svg"[39m
                  [36m>[39m
                    [36m<path[39m
                      [33md[39m=[32m"M2.062 12.348a1 1 0 0 1 0-.696 10.75 10.75 0 0 1 19.876 0 1 1 0 0 1 0 .696 10.75 10.75 0 0 1-19.876 0"[39m
                    [36m/>[39m
                    [36m<circle[39m
                      [33mcx[39m=[32m"12"[39m
                      [33mcy[39m=[32m"12"[39m
                      [33mr[39m=[32m"3"[39m
                    [36m/>[39m
                  [36m</svg>[39m
                [36m</a>[39m
                [36m<button[39m
                  [33mclass[39m=[32m"rounded-full w-9 h-9 flex items-center justify-center hover:scale-110 transition-transform shadow-lg bg-white/90 text-[#8B5CF6]"[39m
                  [33mtitle[39m=[32m"Mark as now playing"[39m
                [36m>[39m
                  [36m<svg[39m
                    [33maria-hidden[39m=[32m"true"[39m
                    [33mclass[39m=[32m"lucide lucide-play w-4 h-4"[39m
                    [33mfill[39m=[32m"none"[39m
                    [33mheight[39m=[32m"24"[39m
                    [33mstroke[39m=[32m"currentColor"[39m
                    [33mstroke-linecap[39m=[32m"round"[39m
                    [33mstroke-linejoin[39m=[32m"round"[39m
                    [33mstroke-width[39m=[32m"2"[39m
                    [33mviewBox[39m=[32m"0 0 24 24"[39m
                    [33mwidth[39m=[32m"24"[39m
                    [33mxmlns[39m=[32m"http://www.w3.org/2000/svg"[39m
                  [36m>[39m
                    [36m<path[39m
                      [33md[39m=[32m"M5 5a2 2 0 0 1 3.008-1.728l11.997 6.998a2 2 0 0 1 .003 3.458l-12 7A2 2 0 0 1 5 19z"[39m
                    [36m/>[39m
                  [36m</svg>[39m
                [36m</button>[39m
                [36m<button[39m
                  [33mclass[39m=[32m"bg-white/90 text-[#8B5CF6] rounded-full w-9 h-9 flex items-center justify-center hover:scale-110 transition-transform shadow-lg"[39m
                  [33mtitle[39m=[32m"Add to list"[39m
                [36m>[39m
                  [36m<svg[39m
                    [33maria-hidden[39m=[32m"true"[39m
                    [33mclass[39m=[32m"lucide lucide-list w-4 h-4"[39m
                    [33mfill[39m=[32m"none"[39m
                    [33mheight[39m=[32m"24"[39m
                    [33mstroke[39m=[32m"currentColor"[39m
                    [33mstroke-linecap[39m=[32m"round"[39m
                    [33mstroke-linejoin[39m=[32m"round"[39m
                    [33mstroke-width[39m=[32m"2"[39m
                    [33mviewBox[39m=[32m"0 0 24 24"[39m
                    [33mwidth[39m=[32m"24"[39m
                    [33mxmlns[39m=[32m"http://www.w3.org/2000/svg"[39m
                  [36m>[39m
                    [36m<path[39m
                      [33md[39m=[32m"M3 5h.01"[39m
                    [36m/>[39m
                    [36m<path[39m
                      [33md[39m=[32m"M3 12h.01"[39m
                    [36m/>[39m
                    [36m<path[39m
                      [33md[39m=[32m"M3 19h.01"[39m
                    [36m/>[39m
                    [36m<path[39m
                      [33md[39m=[32m"M8 5h13"[39m
                    [36m/>[39m
                    [36m<path[39m
                      [33md[39m=[32m"M8 12h13"[39m
                    [36m/>[39m
                    [36m<path[39m
                      [33md[39m=[32m"M8 19h13"[39m
                    [36m/>[39m
                  [36m</svg>[39m
                [36m</button>[39m
              [36m</div>[39m
            [36m</div>[39m
          [36m</div>[39m
          [36m<div[39m
            [33mclass[39m=[32m"text-xs font-semibold text-white truncate"[39m
            [33mtitle[39m=[32m"Master of Puppets"[39m
          [36m>[39m
            [36m<a[39m
              [33mhref[39m=[32m"/releases/1"[39m
            [36m>[39m
              [0mMaster of Puppets[0m
            [36m</a>[39m
          [36m</div>[39m
          [36m<div[39m
            [33mclass[39m=[32m"text-xs text-gray-400 truncate"[39m
            [33mtitle[39m=[32m"Metallica"[39m
          [36m>[39m
            [0mMetallica[0m
          [36m</div>[39m
          [36m<div[39m
            [33mclass[39m=[32m"text-xs text-gray-600 truncate"[39m
          [36m>[39m
            [0m1986[0m
            [0m [0m
            [0m· Vinyl[0m
          [36m</div>[39m
        [36m</div>[39m
      [36m</div>[39m
      [36m<div />[39m
    [36m</body>[39m

      72 |     render(<MusicReleaseCard release={mockRelease} />);
      73 |     expect(screen.getByText(/Vinyl/)).toBeInTheDocument();
    > 74 |     expect(screen.getByText(/USA/)).toBeInTheDocument();
         |                   ^
      75 |   });
      76 |
      77 |   it('renders links to release details page', () => {

      at Object.getElementError (node_modules/@testing-library/dom/dist/config.js:37:19)
      at node_modules/@testing-library/dom/dist/query-helpers.js:76:38
      at node_modules/@testing-library/dom/dist/query-helpers.js:52:17
      at node_modules/@testing-library/dom/dist/query-helpers.js:95:19
      at Object.getByText (app/components/__tests__/MusicReleaseList.test.tsx:74:19)

  ● MusicReleaseList Component › renders music release cards

    Unable to find an element with the text: Thrash Metal. This could be because the text is broken up by multiple elements. In this case, you can provide a function for your text matcher to make your matcher more flexible.

    Ignored nodes: comments, script, style
    [36m<body>[39m
      [36m<div>[39m
        [36m<div>[39m
          [36m<div[39m
            [33mclass[39m=[32m"space-y-6 mb-6"[39m
          [36m>[39m
            [36m<div[39m
              [33mclass[39m=[32m"flex gap-3 flex-wrap items-center"[39m
            [36m>[39m
              [36m<div[39m
                [33mclass[39m=[32m"flex-1 min-w-[200px] relative"[39m
              [36m>[39m
                [36m<input[39m
                  [33mclass[39m=[32m"w-full bg-[#13131F] border border-[#1C1C28] rounded-xl px-4 py-3 text-white placeholder-gray-600 text-sm focus:outline-none focus:border-[#8B5CF6]"[39m
                  [33mplaceholder[39m=[32m"Search releases, artists, albums..."[39m
                  [33mtype[39m=[32m"text"[39m
                  [33mvalue[39m=[32m""[39m
                [36m/>[39m
              [36m</div>[39m
              [36m<select[39m
                [33mclass[39m=[32m"bg-[#13131F] border border-[#1C1C28] rounded-xl px-4 py-3 text-gray-300 text-sm focus:outline-none focus:border-[#8B5CF6] cursor-pointer"[39m
              [36m>[39m
                [36m<option[39m
                  [33mvalue[39m=[32m"DateAdded_desc"[39m
                [36m>[39m
                  [0mSort: Date Added[0m
                [36m</option>[39m
                [36m<option[39m
                  [33mvalue[39m=[32m"Title_asc"[39m
                [36m>[39m
                  [0mTitle (A-Z)[0m
                [36m</option>[39m
                [36m<option[39m
                  [33mvalue[39m=[32m"Title_desc"[39m
                [36m>[39m
                  [0mTitle (Z-A)[0m
                [36m</option>[39m
                [36m<option[39m
                  [33mvalue[39m=[32m"Artist_asc"[39m
                [36m>[39m
                  [0mArtist (A-Z)[0m
                [36m</option>[39m
                [36m<option[39m
                  [33mvalue[39m=[32m"Artist_desc"[39m
                [36m>[39m
                  [0mArtist (Z-A)[0m
                [36m</option>[39m
                [36m<option[39m
                  [33mvalue[39m=[32m"Year_desc"[39m
                [36m>[39m
                  [0mYear (Newest)[0m
                [36m</option>[39m
                [36m<option[39m
                  [33mvalue[39m=[32m"Year_asc"[39m
                [36m>[39m
                  [0mYear (Oldest)[0m
                [36m</option>[39m
              [36m</select>[39m
              [36m<button[39m
                [33mclass[39m=[32m"px-5 rounded-xl text-sm font-medium flex items-center gap-2 transition-all h-[46px] bg-[#13131F] border border-[#1C1C28] text-gray-300 hover:text-white hover:border-[#2E2E3E]"[39m
              [36m>[39m
                [36m<svg[39m
                  [33mfill[39m=[32m"none"[39m
                  [33mheight[39m=[32m"16"[39m
                  [33mstroke[39m=[32m"currentColor"[39m
                  [33mstroke-width[39m=[32m"2"[39m
                  [33mviewBox[39m=[32m"0 0 24 24"[39m
                  [33mwidth[39m=[32m"16"[39m
                [36m>[39m
                  [36m<path[39m
                    [33md[39m=[32m"M3 4a1 1 0 011-1h16a1 1 0 011 1v2.586a1 1 0 01-.293.707l-6.414 6.414a1 1 0 00-.293.707V17l-4 4v-6.586a1 1 0 00-.293-.707L3.293 7.293A1 1 0 013 6.586V4z"[39m
                    [33mstroke-linecap[39m=[32m"round"[39m
                    [33mstroke-linejoin[39m=[32m"round"[39m
                  [36m/>[39m
                [36m</svg>[39m
                [0mFilters[0m
                [36m<svg[39m
                  [33mclass[39m=[32m"transition-transform duration-200 "[39m
                  [33mfill[39m=[32m"currentColor"[39m
                  [33mheight[39m=[32m"12"[39m
                  [33mviewBox[39m=[32m"0 0 12 12"[39m
                  [33mwidth[39m=[32m"12"[39m
                [36m>[39m
                  [36m<path[39m
                    [33md[39m=[32m"M2.5 4.5l3.5 3.5 3.5-3.5"[39m
                    [33mfill[39m=[32m"none"[39m
                    [33mstroke[39m=[32m"currentColor"[39m
                    [33mstroke-linecap[39m=[32m"round"[39m
                    [33mstroke-linejoin[39m=[32m"round"[39m
                    [33mstroke-width[39m=[32m"1.5"[39m
                  [36m/>[39m
                [36m</svg>[39m
              [36m</button>[39m
            [36m</div>[39m
            [36m<div[39m
              [33mclass[39m=[32m"flex items-center gap-3 text-xs text-gray-500 flex-wrap mt-2 mb-4"[39m
            [36m>[39m
              [36m<span>[39m
                [0m1[0m
                [0m release[0m
              [36m</span>[39m
            [36m</div>[39m
          [36m</div>[39m
          [36m<div[39m
            [33mclass[39m=[32m"grid grid-cols-2 sm:grid-cols-3 md:grid-cols-4 lg:grid-cols-5 xl:grid-cols-6 gap-6 mb-8"[39m
          [36m>[39m
            [36m<div[39m
              [33mclass[39m=[32m"group cursor-pointer"[39m
            [36m>[39m
              [36m<div[39m
                [33mclass[39m=[32m"aspect-square bg-[#13131F] rounded-xl border border-[#1C1C28] group-hover:border-[#8B5CF6]/50 transition-all mb-2 flex items-center justify-center text-4xl overflow-hidden relative"[39m
              [36m>[39m
                [36m<img[39m
                  [33malt[39m=[32m"Master of Puppets cover"[39m
                  [33mclass[39m=[32m"object-cover"[39m
                  [33mloading[39m=[32m"lazy"[39m
                  [33mquality[39m=[32m"75"[39m
                  [33msizes[39m=[32m"(max-width: 768px) 50vw, (max-width: 1200px) 33vw, 20vw"[39m
                  [33msrc[39m=[32m"http://localhost:5072/api/images/test.jpg"[39m
                [36m/>[39m
                [36m<div[39m
                  [33mclass[39m=[32m"absolute inset-0 bg-black/0 group-hover:bg-black/50 transition-all duration-300 flex items-center justify-center opacity-0 group-hover:opacity-100 p-2"[39m
                [36m>[39m
                  [36m<div[39m
                    [33mclass[39m=[32m"flex gap-2 flex-wrap justify-center"[39m
                  [36m>[39m
                    [36m<a[39m
                      [33mhref[39m=[32m"/releases/1"[39m
                    [36m>[39m
                      [36m<svg[39m
                        [33maria-hidden[39m=[32m"true"[39m
                        [33mclass[39m=[32m"lucide lucide-eye w-4 h-4"[39m
                        [33mfill[39m=[32m"none"[39m
                        [33mheight[39m=[32m"24"[39m
                        [33mstroke[39m=[32m"currentColor"[39m
                        [33mstroke-linecap[39m=[32m"round"[39m
                        [33mstroke-linejoin[39m=[32m"round"[39m
                        [33mstroke-width[39m=[32m"2"[39m
                        [33mviewBox[39m=[32m"0 0 24 24"[39m
                        [33mwidth[39m=[32m"24"[39m
                        [33mxmlns[39m=[32m"http://www.w3.org/2000/svg"[39m
                      [36m>[39m
                        [36m<path[39m
                          [33md[39m=[32m"M2.062 12.348a1 1 0 0 1 0-.696 10.75 10.75 0 0 1 19.876 0 1 1 0 0 1 0 .696 10.75 10.75 0 0 1-19.876 0"[39m
                        [36m/>[39m
                        [36m<circle[39m
                          [33mcx[39m=[32m"12"[39m
                          [33mcy[39m=[32m"12"[39m
                          [33mr[39m=[32m"3"[39m
                        [36m/>[39m
                      [36m</svg>[39m
                    [36m</a>[39m
                    [36m<button[39m
                      [33mclass[39m=[32m"rounded-full w-9 h-9 flex items-center justify-center hover:scale-110 transition-transform shadow-lg bg-white/90 text-[#8B5CF6]"[39m
                      [33mtitle[39m=[32m"Mark as now playing"[39m
                    [36m>[39m
                      [36m<svg[39m
                        [33maria-hidden[39m=[32m"true"[39m
                        [33mclass[39m=[32m"lucide lucide-play w-4 h-4"[39m
                        [33mfill[39m=[32m"none"[39m
                        [33mheight[39m=[32m"24"[39m
                        [33mstroke[39m=[32m"currentColor"[39m
                        [33mstroke-linecap[39m=[32m"round"[39m
                        [33mstroke-linejoin[39m=[32m"round"[39m
                        [33mstroke-width[39m=[32m"2"[39m
                        [33mviewBox[39m=[32m"0 0 24 24"[39m
                        [33mwidth[39m=[32m"24"[39m
                        [33mxmlns[39m=[32m"http://www.w3.org/2000/svg"[39m
                      [36m>[39m
                        [36m<path[39m
                          [33md[39m=[32m"M5 5a2 2 0 0 1 3.008-1.728l11.997 6.998a2 2 0 0 1 .003 3.458l-12 7A2 2 0 0 1 5 19z"[39m
                        [36m/>[39m
                      [36m</svg>[39m
                    [36m</button>[39m
                    [36m<button[39m
                      [33mclass[39m=[32m"bg-white/90 text-[#8B5CF6] rounded-full w-9 h-9 flex items-center justify-center hover:scale-110 transition-transform shadow-lg"[39m
                      [33mtitle[39m=[32m"Add to list"[39m
                    [36m>[39m
                      [36m<svg[39m
                        [33maria-hidden[39m=[32m"true"[39m
                        [33mclass[39m=[32m"lucide lucide-list w-4 h-4"[39m
                        [33mfill[39m=[32m"none"[39m
                        [33mheight[39m=[32m"24"[39m
                        [33mstroke[39m=[32m"currentColor"[39m
                        [33mstroke-linecap[39m=[32m"round"[39m
                        [33mstroke-linejoin[39m=[32m"round"[39m
                        [33mstroke-width[39m=[32m"2"[39m
                        [33mviewBox[39m=[32m"0 0 24 24"[39m
                        [33mwidth[39m=[32m"24"[39m
                        [33mxmlns[39m=[32m"http://www.w3.org/2000/svg"[39m
                      [36m>[39m
                        [36m<path[39m
                          [33md[39m=[32m"M3 5h.01"[39m
                        [36m/>[39m
                        [36m<path[39m
                          [33md[39m=[32m"M3 12h.01"[39m
                        [36m/>[39m
                        [36m<path[39m
                          [33md[39m=[32m"M3 19h.01"[39m
                        [36m/>[39m
                        [36m<path[39m
                          [33md[39m=[32m"M8 5h13"[39m
                        [36m/>[39m
                        [36m<path[39m
                          [33md[39m=[32m"M8 12h13"[39m
                        [36m/>[39m
                        [36m<path[39m
                          [33md[39m=[32m"M8 19h13"[39m
                        [36m/>[39m
                      [36m</svg>[39m
                    [36m</button>[39m
                  [36m</div>[39m
                [36m</div>[39m
              [36m</div>[39m
              [36m<div[39m
                [33mclass[39m=[32m"text-xs font-semibold text-white truncate"[39m
                [33mtitle[39m=[32m"Master of Puppets"[39m
              [36m>[39m
                [36m<a[39m
                  [33mhref[39m=[32m"/releases/1"[39m
                [36m>[39m
                  [0mMaster of Puppets[0m
                [36m</a>[39m
              [36m</div>[39m
              [36m<div[39m
                [33mclass[39m=[32m"text-xs text-gray-400 truncate"[39m
                [33mtitle[39m=[32m"Metallica"[39m
              [36m>[39m
                [0mMetallica[0m
              [36m</div>[39m
              [36m<div[39m
                [33mclass[39m=[32m"text-xs text-gray-600 truncate"[39m
              [36m>[39m
                [0m1986[0m
                [0m [0m
                [0m· Vinyl[0m
              [36m</div>[39m
            [36m</div>[39m
          [36m</div>[39m
        [36m</div>[39m
      [36m</div>[39m
      [36m<div />[39m
    [36m</body>[39m

      145 |     render(<MusicReleaseList />);
      146 |
    > 147 |     await waitFor(() => {
          |                  ^
      148 |       expect(screen.getByText('Master of Puppets')).toBeInTheDocument();
      149 |       expect(screen.getByText('Metallica')).toBeInTheDocument();
      150 |       expect(screen.getByText('Thrash Metal')).toBeInTheDocument();

      at waitForWrapper (node_modules/@testing-library/dom/dist/wait-for.js:163:27)
      at Object.<anonymous> (app/components/__tests__/MusicReleaseList.test.tsx:147:18)

FAIL app/statistics/__tests__/page.test.tsx
  ● StatisticsPage › renders loading state initially

    TestingLibraryElementError: Unable to find an element with the text: Collection Statistics. This could be because the text is broken up by multiple elements. In this case, you can provide a function for your text matcher to make your matcher more flexible.

    Ignored nodes: comments, script, style
    [36m<body>[39m
      [36m<div>[39m
        [36m<div[39m
          [33mclass[39m=[32m"min-h-screen bg-transparent"[39m
        [36m>[39m
          [36m<div[39m
            [33mclass[39m=[32m"max-w-7xl mx-auto px-4 py-6"[39m
          [36m>[39m
            [36m<div[39m
              [33mdata-testid[39m=[32m"loading-spinner"[39m
            [36m>[39m
              [0mLoading...[0m
            [36m</div>[39m
          [36m</div>[39m
        [36m</div>[39m
      [36m</div>[39m
    [36m</body>[39m

      89 |     render(<StatisticsPage />);
      90 |     
    > 91 |     expect(screen.getByText('Collection Statistics')).toBeInTheDocument();
         |                   ^
      92 |     expect(screen.getByTestId('loading-spinner')).toBeInTheDocument();
      93 |   });
      94 |

      at Object.getElementError (node_modules/@testing-library/dom/dist/config.js:37:19)
      at node_modules/@testing-library/dom/dist/query-helpers.js:76:38
      at node_modules/@testing-library/dom/dist/query-helpers.js:52:17
      at node_modules/@testing-library/dom/dist/query-helpers.js:95:19
      at Object.getByText (app/statistics/__tests__/page.test.tsx:91:19)

  ● StatisticsPage › renders page header

    Unable to find an element with the text: Collection Statistics. This could be because the text is broken up by multiple elements. In this case, you can provide a function for your text matcher to make your matcher more flexible.

    Ignored nodes: comments, script, style
    [36m<body>[39m
      [36m<div>[39m
        [36m<div[39m
          [33mclass[39m=[32m"min-h-screen bg-transparent"[39m
        [36m>[39m
          [36m<div[39m
            [33mclass[39m=[32m"max-w-7xl mx-auto px-4 py-6"[39m
          [36m>[39m
            [36m<div[39m
              [33mclass[39m=[32m"flex justify-end gap-2 mb-6"[39m
            [36m>[39m
              [36m<button[39m
                [33mclass[39m=[32m"px-4 py-2 bg-emerald-600 hover:bg-emerald-700 text-white rounded-xl transition-colors flex items-center gap-2 font-semibold"[39m
              [36m>[39m
                [36m<svg[39m
                  [33mclass[39m=[32m"h-5 w-5"[39m
                  [33mfill[39m=[32m"none"[39m
                  [33mstroke[39m=[32m"currentColor"[39m
                  [33mviewBox[39m=[32m"0 0 24 24"[39m
                [36m>[39m
                  [36m<path[39m
                    [33md[39m=[32m"M12 10v6m0 0l-3-3m3 3l3-3m2 8H7a2 2 0 01-2-2V5a2 2 0 012-2h5.586a1 1 0 01.707.293l5.414 5.414a1 1 0 01.293.707V19a2 2 0 01-2 2z"[39m
                    [33mstroke-linecap[39m=[32m"round"[39m
                    [33mstroke-linejoin[39m=[32m"round"[39m
                    [33mstroke-width[39m=[32m"2"[39m
                  [36m/>[39m
                [36m</svg>[39m
                [0mExport CSV[0m
              [36m</button>[39m
              [36m<button[39m
                [33mclass[39m=[32m"px-4 py-2 bg-[#8B5CF6] hover:bg-[#7C3AED] text-white rounded-xl transition-colors flex items-center gap-2 font-semibold"[39m
              [36m>[39m
                [36m<svg[39m
                  [33mclass[39m=[32m"h-5 w-5"[39m
                  [33mfill[39m=[32m"none"[39m
                  [33mstroke[39m=[32m"currentColor"[39m
                  [33mviewBox[39m=[32m"0 0 24 24"[39m
                [36m>[39m
                  [36m<path[39m
                    [33md[39m=[32m"M12 10v6m0 0l-3-3m3 3l3-3m2 8H7a2 2 0 01-2-2V5a2 2 0 012-2h5.586a1 1 0 01.707.293l5.414 5.414a1 1 0 01.293.707V19a2 2 0 01-2 2z"[39m
                    [33mstroke-linecap[39m=[32m"round"[39m
                    [33mstroke-linejoin[39m=[32m"round"[39m
                    [33mstroke-width[39m=[32m"2"[39m
                  [36m/>[39m
                [36m</svg>[39m
                [0mExport JSON[0m
              [36m</button>[39m
            [36m</div>[39m
            [36m<div[39m
              [33mclass[39m=[32m"grid grid-cols-1 md:grid-cols-2 lg:grid-cols-4 gap-6 mb-6"[39m
            [36m>[39m
              [36m<div[39m
                [33mdata-testid[39m=[32m"stat-card"[39m
              [36m>[39m
                [36m<div>[39m
                  [0mTotal Releases[0m
                [36m</div>[39m
                [36m<div>[39m
                  [0m100[0m
                [36m</div>[39m
              [36m</div>[39m
              [36m<div[39m
                [33mdata-testid[39m=[32m"stat-card"[39m
              [36m>[39m
                [36m<div>[39m
                  [0mUnique Artists[0m
                [36m</div>[39m
                [36m<div>[39m
                  [0m50[0m
                [36m</div>[39m
              [36m</div>[39m
              [36m<div[39m
                [33mdata-testid[39m=[32m"stat-card"[39m
              [36m>[39m
                [36m<div>[39m
                  [0mGenres[0m
                [36m</div>[39m
                [36m<div>[39m
                  [0m20[0m
                [36m</div>[39m
              [36m</div>[39m
              [36m<div[39m
                [33mdata-testid[39m=[32m"stat-card"[39m
              [36m>[39m
                [36m<div>[39m
                  [0mLabels[0m
                [36m</div>[39m
                [36m<div>[39m
                  [0m30[0m
                [36m</div>[39m
              [36m</div>[39m
            [36m</div>[39m
            [36m<div[39m
              [33mclass[39m=[32m"grid grid-cols-1 md:grid-cols-3 gap-6 mb-6"[39m
            [36m>[39m
              [36m<div[39m
                [33mdata-testid[39m=[32m"stat-card"[39m
              [36m>[39m
                [36m<div>[39m
                  [0mCollection Value[0m
                [36m</div>[39m
                [36m<div>[39m
                  [0m£1,500.75[0m
                [36m</div>[39m
              [36m</div>[39m
              [36m<div[39m
                [33mdata-testid[39m=[32m"stat-card"[39m
              [36m>[39m
                [36m<div>[39m
                  [0mAverage Price[0m
                [36m</div>[39m
                [36m<div>[39m
                  [0m£10.00[0m
                [36m</div>[39m
              [36m</div>[39m
              [36m<div[39m
                [33mclass[39m=[32m"bg-[#13131F] rounded-xl border border-[#1C1C28] p-6 hover:shadow-lg transition-shadow"[39m
              [36m>[39m
                [36m<p[39m
                  [33mclass[39m=[32m"text-sm font-medium text-gray-400 mb-2"[39m
                [36m>[39m
                  [0mMost Expensive[0m
                [36m</p>[39m
                [36m<a[39m
                  [33mhref[39m=[32m"/releases/1"[39m
                [36m>[39m
                  [0mExpensive Album[0m
                [36m</a>[39m
              [36m</div>[39m
            [36m</div>[39m
            [36m<div[39m
              [33mclass[39m=[32m"grid grid-cols-1 lg:grid-cols-2 gap-6 mb-6"[39m
            [36m>[39m
              [36m<div[39m
                [33mdata-testid[39m=[32m"line-chart"[39m
              [36m>[39m
                [0mReleases by Year[0m
              [36m</div>[39m
              [36m<div[39m
                [33mdata-testid[39m=[32m"donut-chart"[39m
              [36m>[39m
                [0mFormats Distribution[0m
              [36m</div>[39m
            [36m</div>[39m
            [36m<div[39m
              [33mclass[39m=[32m"grid grid-cols-1 lg:grid-cols-2 gap-6 mb-6"[39m
            [36m>[39m
              [36m<div[39m
                [33mdata-testid[39m=[32m"bar-chart"[39m
              [36m>[39m
                [0mTop Genres[0m
              [36m</div>[39m
              [36m<div[39m
                [33mdata-testid[39m=[32m"bar-chart"[39m
              [36m>[39m
                [0mTop Countries[0m
              [36m</div>[39m
            [36m</div>[39m
            [36m<div[39m
              [33mclass[39m=[32m"bg-[#13131F] rounded-xl border border-[#1C1C28] p-6"[39m
            [36m>[39m
              [36m<h3[39m
                [33mclass[39m=[32m"text-lg font-semibold text-white mb-4"[39m
              [36m>[39m
                [0mRecently Added[0m
              [36m</h3>[39m
              [36m<div[39m
                [33mclass[39m=[32m"grid grid-cols-1 md:grid-cols-2 lg:grid-cols-5 gap-4"[39m
              [36m>[39m
                [36m<a[39m
                  [33mhref[39m=[32m"/releases/1"[39m
                [36m>[39m
                  [36m<div[39m
                    [33mclass[39m=[32m"aspect-square mb-2 overflow-hidden rounded-xl border border-[#1C1C28]"[39m
                  [36m>[39m
                    [36m<img[39m
                      [33malt[39m=[32m"Recent Album"[39m
                      [33mclass[39m=[32m"w-full h-full object-cover group-hover:scale-105 transition-transform"[39m
                      [33msrc[39m=[32m"/placeholder-album.svg"[39m
                    [36m/>[39m
                  [36m</div>[39m
                  [36m<p[39m
                    [33mclass[39m=[32m"text-sm font-medium text-white line-clamp-1 group-hover:text-[#8B5CF6]"[39m
                  [36m>[39m
                    [0mRecent Album[0m
                  [36m</p>[39m
                [36m</a>[39m
              [36m</div>[39m
            [36m</div>[39m
          [36m</div>[39m
        [36m</div>[39m
      [36m</div>[39m
    [36m</body>[39m

      118 |     render(<StatisticsPage />);
      119 |     
    > 120 |     await waitFor(() => {
          |                  ^
      121 |       expect(screen.getByText('Collection Statistics')).toBeInTheDocument();
      122 |     });
      123 |   });

      at waitForWrapper (node_modules/@testing-library/dom/dist/wait-for.js:163:27)
      at Object.<anonymous> (app/statistics/__tests__/page.test.tsx:120:18)

  ● StatisticsPage › has proper page structure

    expect(received).toBeInTheDocument()

    received value must be an HTMLElement or an SVGElement.
    Received has value: null

    Ignored nodes: comments, script, style
    [36m<html>[39m
      [36m<head />[39m
      [36m<body>[39m
        [36m<div>[39m
          [36m<div[39m
            [33mclass[39m=[32m"min-h-screen bg-transparent"[39m
          [36m>[39m
            [36m<div[39m
              [33mclass[39m=[32m"max-w-7xl mx-auto px-4 py-6"[39m
            [36m>[39m
              [36m<div[39m
                [33mclass[39m=[32m"flex justify-end gap-2 mb-6"[39m
              [36m>[39m
                [36m<button[39m
                  [33mclass[39m=[32m"px-4 py-2 bg-emerald-600 hover:bg-emerald-700 text-white rounded-xl transition-colors flex items-center gap-2 font-semibold"[39m
                [36m>[39m
                  [36m<svg[39m
                    [33mclass[39m=[32m"h-5 w-5"[39m
                    [33mfill[39m=[32m"none"[39m
                    [33mstroke[39m=[32m"currentColor"[39m
                    [33mviewBox[39m=[32m"0 0 24 24"[39m
                  [36m>[39m
                    [36m<path[39m
                      [33md[39m=[32m"M12 10v6m0 0l-3-3m3 3l3-3m2 8H7a2 2 0 01-2-2V5a2 2 0 012-2h5.586a1 1 0 01.707.293l5.414 5.414a1 1 0 01.293.707V19a2 2 0 01-2 2z"[39m
                      [33mstroke-linecap[39m=[32m"round"[39m
                      [33mstroke-linejoin[39m=[32m"round"[39m
                      [33mstroke-width[39m=[32m"2"[39m
                    [36m/>[39m
                  [36m</svg>[39m
                  [0mExport CSV[0m
                [36m</button>[39m
                [36m<button[39m
                  [33mclass[39m=[32m"px-4 py-2 bg-[#8B5CF6] hover:bg-[#7C3AED] text-white rounded-xl transition-colors flex items-center gap-2 font-semibold"[39m
                [36m>[39m
                  [36m<svg[39m
                    [33mclass[39m=[32m"h-5 w-5"[39m
                    [33mfill[39m=[32m"none"[39m
                    [33mstroke[39m=[32m"currentColor"[39m
                    [33mviewBox[39m=[32m"0 0 24 24"[39m
                  [36m>[39m
                    [36m<path[39m
                      [33md[39m=[32m"M12 10v6m0 0l-3-3m3 3l3-3m2 8H7a2 2 0 01-2-2V5a2 2 0 012-2h5.586a1 1 0 01.707.293l5.414 5.414a1 1 0 01.293.707V19a2 2 0 01-2 2z"[39m
                      [33mstroke-linecap[39m=[32m"round"[39m
                      [33mstroke-linejoin[39m=[32m"round"[39m
                      [33mstroke-width[39m=[32m"2"[39m
                    [36m/>[39m
                  [36m</svg>[39m
                  [0mExport JSON[0m
                [36m</button>[39m
              [36m</div>[39m
              [36m<div[39m
                [33mclass[39m=[32m"grid grid-cols-1 md:grid-cols-2 lg:grid-cols-4 gap-6 mb-6"[39m
              [36m>[39m
                [36m<div[39m
                  [33mdata-testid[39m=[32m"stat-card"[39m
                [36m>[39m
                  [36m<div>[39m
                    [0mTotal Releases[0m
                  [36m</div>[39m
                  [36m<div>[39m
                    [0m100[0m
                  [36m</div>[39m
                [36m</div>[39m
                [36m<div[39m
                  [33mdata-testid[39m=[32m"stat-card"[39m
                [36m>[39m
                  [36m<div>[39m
                    [0mUnique Artists[0m
                  [36m</div>[39m
                  [36m<div>[39m
                    [0m50[0m
                  [36m</div>[39m
                [36m</div>[39m
                [36m<div[39m
                  [33mdata-testid[39m=[32m"stat-card"[39m
                [36m>[39m
                  [36m<div>[39m
                    [0mGenres[0m
                  [36m</div>[39m
                  [36m<div>[39m
                    [0m20[0m
                  [36m</div>[39m
                [36m</div>[39m
                [36m<div[39m
                  [33mdata-testid[39m=[32m"stat-card"[39m
                [36m>[39m
                  [36m<div>[39m
                    [0mLabels[0m
                  [36m</div>[39m
                  [36m<div>[39m
                    [0m30[0m
                  [36m</div>[39m
                [36m</div>[39m
              [36m</div>[39m
              [36m<div[39m
                [33mclass[39m=[32m"grid grid-cols-1 md:grid-cols-3 gap-6 mb-6"[39m
              [36m>[39m
                [36m<div[39m
                  [33mdata-testid[39m=[32m"stat-card"[39m
                [36m>[39m
                  [36m<div>[39m
                    [0mCollection Value[0m
                  [36m</div>[39m
                  [36m<div>[39m
                    [0m£1,500.75[0m
                  [36m</div>[39m
                [36m</div>[39m
                [36m<div[39m
                  [33mdata-testid[39m=[32m"stat-card"[39m
                [36m>[39m
                  [36m<div>[39m
                    [0mAverage Price[0m
                  [36m</div>[39m
                  [36m<div>[39m
                    [0m£10.00[0m
                  [36m</div>[39m
                [36m</div>[39m
                [36m<div[39m
                  [33mclass[39m=[32m"bg-[#13131F] rounded-xl border border-[#1C1C28] p-6 hover:shadow-lg transition-shadow"[39m
                [36m>[39m
                  [36m<p[39m
                    [33mclass[39m=[32m"text-sm font-medium text-gray-400 mb-2"[39m
                  [36m>[39m
                    [0mMost Expensive[0m
                  [36m</p>[39m
                  [36m<a[39m
                    [33mhref[39m=[32m"/releases/1"[39m
                  [36m>[39m
                    [0mExpensive Album[0m
                  [36m</a>[39m
                [36m</div>[39m
              [36m</div>[39m
              [36m<div[39m
                [33mclass[39m=[32m"grid grid-cols-1 lg:grid-cols-2 gap-6 mb-6"[39m
              [36m>[39m
                [36m<div[39m
                  [33mdata-testid[39m=[32m"line-chart"[39m
                [36m>[39m
                  [0mReleases by Year[0m
                [36m</div>[39m
                [36m<div[39m
                  [33mdata-testid[39m=[32m"donut-chart"[39m
                [36m>[39m
                  [0mFormats Distribution[0m
                [36m</div>[39m
              [36m</div>[39m
              [36m<div[39m
                [33mclass[39m=[32m"grid grid-cols-1 lg:grid-cols-2 gap-6 mb-6"[39m
              [36m>[39m
                [36m<div[39m
                  [33mdata-testid[39m=[32m"bar-chart"[39m
                [36m>[39m
                  [0mTop Genres[0m
                [36m</div>[39m
                [36m<div[39m
                  [33mdata-testid[39m=[32m"bar-chart"[39m
                [36m>[39m
                  [0mTop Countries[0m
                [36m</div>[39m
              [36m</div>[39m
              [36m<div[39m
                [33mclass[39m=[32m"bg-[#13131F] rounded-xl border border-[#1C1C28] p-6"[39m
              [36m>[39m
                [36m<h3[39m
                  [33mclass[39m=[32m"text-lg font-semibold text-white mb-4"[39m
                [36m>[39m
                  [0mRecently Added[0m
                [36m</h3>[39m
                [36m<div[39m
                  [33mclass[39m=[32m"grid grid-cols-1 md:grid-cols-2 lg:grid-cols-5 gap-4"[39m
                [36m>[39m
                  [36m<a[39m
                    [33mhref[39m=[32m"/releases/1"[39m
                  [36m>[39m
                    [36m<div[39m
                      [33mclass[39m=[32m"aspect-square mb-2 overflow-hidden rounded-xl border border-[#1C1C28]"[39m
                    [36m>[39m
                      [36m<img[39m
                        [33malt[39m=[32m"Recent Album"[39m
                        [33mclass[39m=[32m"w-full h-full object-cover group-hover:scale-105 transition-transform"[39m
                        [33msrc[39m=[32m"/placeholder-album.svg"[39m
                      [36m/>[39m
                    [36m</div>[39m
                    [36m<p[39m
                      [33mclass[39m=[32m"text-sm font-medium text-white line-clamp-1 group-hover:text-[#8B5CF6]"[39m
                    [36m>[39m
                      [0mRecent Album[0m
                    [36m</p>[39m
                  [36m</a>[39m
                [36m</div>[39m
              [36m</div>[39m
            [36m</div>[39m
          [36m</div>[39m
        [36m</div>[39m
      [36m</body>[39m
    [36m</html>[39m

      140 |     await waitFor(() => {
      141 |       expect(container.querySelector('.min-h-screen')).toBeInTheDocument();
    > 142 |       expect(container.querySelector('.bg-gray-50')).toBeInTheDocument();
          |                                                      ^
      143 |     });
      144 |   });
      145 |

      at __EXTERNAL_MATCHER_TRAP__ (node_modules/expect/build/index.js:2240:22)
      at Object.throwingMatcher [as toBeInTheDocument] (node_modules/expect/build/index.js:2241:6)
      at toBeInTheDocument (app/statistics/__tests__/page.test.tsx:142:54)
      at runWithExpensiveErrorDiagnosticsDisabled (node_modules/@testing-library/dom/dist/config.js:47:12)
      at checkCallback (node_modules/@testing-library/dom/dist/wait-for.js:124:77)
      at checkRealTimersCallback (node_modules/@testing-library/dom/dist/wait-for.js:118:16)
      at Timeout.task [as _onTimeout] (node_modules/jsdom/lib/jsdom/browser/Window.js:579:19)

  ● StatisticsPage › shows description in header

    TestingLibraryElementError: Unable to find an element with the text: Analyze your music collection. This could be because the text is broken up by multiple elements. In this case, you can provide a function for your text matcher to make your matcher more flexible.

    Ignored nodes: comments, script, style
    [36m<body>[39m
      [36m<div>[39m
        [36m<div[39m
          [33mclass[39m=[32m"min-h-screen bg-transparent"[39m
        [36m>[39m
          [36m<div[39m
            [33mclass[39m=[32m"max-w-7xl mx-auto px-4 py-6"[39m
          [36m>[39m
            [36m<div[39m
              [33mdata-testid[39m=[32m"loading-spinner"[39m
            [36m>[39m
              [0mLoading...[0m
            [36m</div>[39m
          [36m</div>[39m
        [36m</div>[39m
      [36m</div>[39m
    [36m</body>[39m

      149 |     render(<StatisticsPage />);
      150 |     
    > 151 |     expect(screen.getByText('Analyze your music collection')).toBeInTheDocument();
          |                   ^
      152 |   });
      153 |
      154 |   it('displays error in red box', async () => {

      at Object.getElementError (node_modules/@testing-library/dom/dist/config.js:37:19)
      at node_modules/@testing-library/dom/dist/query-helpers.js:76:38
      at node_modules/@testing-library/dom/dist/query-helpers.js:52:17
      at node_modules/@testing-library/dom/dist/query-helpers.js:95:19
      at Object.getByText (app/statistics/__tests__/page.test.tsx:151:19)

  ● StatisticsPage › displays error in red box

    expect(received).toBeInTheDocument()

    received value must be an HTMLElement or an SVGElement.
    Received has value: null

    Ignored nodes: comments, script, style
    [36m<html>[39m
      [36m<head />[39m
      [36m<body>[39m
        [36m<div>[39m
          [36m<div[39m
            [33mclass[39m=[32m"min-h-screen bg-transparent"[39m
          [36m>[39m
            [36m<div[39m
              [33mclass[39m=[32m"max-w-7xl mx-auto px-4 py-6"[39m
            [36m>[39m
              [36m<div[39m
                [33mclass[39m=[32m"bg-red-500/10 border border-red-500/20 rounded-xl p-4 text-red-400 font-medium"[39m
              [36m>[39m
                [0mFailed to load collection statistics. Please try again.[0m
              [36m</div>[39m
            [36m</div>[39m
          [36m</div>[39m
        [36m</div>[39m
      [36m</body>[39m
    [36m</html>[39m

      159 |     await waitFor(() => {
      160 |       const errorBox = container.querySelector('.bg-red-50');
    > 161 |       expect(errorBox).toBeInTheDocument();
          |                        ^
      162 |     });
      163 |   });
      164 |

      at __EXTERNAL_MATCHER_TRAP__ (node_modules/expect/build/index.js:2240:22)
      at Object.throwingMatcher [as toBeInTheDocument] (node_modules/expect/build/index.js:2241:6)
      at toBeInTheDocument (app/statistics/__tests__/page.test.tsx:161:24)
      at runWithExpensiveErrorDiagnosticsDisabled (node_modules/@testing-library/dom/dist/config.js:47:12)
      at checkCallback (node_modules/@testing-library/dom/dist/wait-for.js:124:77)
      at checkRealTimersCallback (node_modules/@testing-library/dom/dist/wait-for.js:118:16)
      at Timeout.task [as _onTimeout] (node_modules/jsdom/lib/jsdom/browser/Window.js:579:19)


Test Suites: 3 failed, 35 passed, 38 total
Tests:       10 failed, 408 passed, 418 total
Snapshots:   3 passed, 3 total
Time:        10.043 s
Ran all test suites.
